../Core/Src/main.c:156:6:HAL_SYSTICK_Handler	4	static
../Core/Src/main.c:173:1:__io_putchar	16	static
../Core/Src/main.c:183:6:delay_us	16	static
../Core/Src/main.c:192:6:HAL_GPIO_EXTI_Callback	16	static
../Core/Src/main.c:215:6:HAL_ADC_ConvCpltCallback	16	static
../Core/Src/main.c:224:6:nucleo_stm32f429zi_led_off	8	static
../Core/Src/main.c:230:6:nucleo_stm32f429zi_led_on	8	static
../Core/Src/main.c:242:5:main	8	static
../Core/Src/main.c:387:6:SystemClock_Config	88	static
../Core/Src/main.c:434:13:MX_ADC1_Init	24	static
../Core/Src/main.c:486:13:MX_I2C1_Init	8	static
../Core/Src/main.c:534:13:MX_RTC_Init	32	static
../Core/Src/main.c:597:13:MX_TIM2_Init	48	static
../Core/Src/main.c:646:13:MX_TIM3_Init	32	static
../Core/Src/main.c:694:13:MX_TIM4_Init	32	static
../Core/Src/main.c:739:13:MX_TIM5_Init	64	static
../Core/Src/main.c:798:13:MX_TIM10_Init	8	static
../Core/Src/main.c:829:13:MX_TIM11_Init	8	static
../Core/Src/main.c:860:13:MX_USART3_UART_Init	8	static
../Core/Src/main.c:893:13:MX_USART6_UART_Init	8	static
../Core/Src/main.c:926:13:MX_USB_OTG_FS_PCD_Init	8	static
../Core/Src/main.c:961:13:MX_GPIO_Init	64	static
../Core/Src/main.c:1093:6:StartDefaultTask	24	static
../Core/Src/main.c:1142:6:Task1_func	16	static
../Core/Src/main.c:1161:6:Task2_func	16	static
../Core/Src/main.c:1180:6:Task3_func	16	static
../Core/Src/main.c:1201:6:HAL_TIM_PeriodElapsedCallback	16	static
../Core/Src/main.c:1222:6:Error_Handler	4	static,ignoring_inline_asm
