../Core/Src/main.c:115:6:HAL_SYSTICK_Handler	4	static
../Core/Src/main.c:132:1:__io_putchar	16	static
../Core/Src/main.c:145:6:HAL_TIM_PeriodElapsedCallback	16	static
../Core/Src/main.c:154:6:delay_us	16	static
../Core/Src/main.c:166:5:main	8	static
../Core/Src/main.c:246:6:SystemClock_Config	88	static
../Core/Src/main.c:293:13:MX_ETH_Init	8	static
../Core/Src/main.c:342:13:MX_I2C1_Init	8	static
../Core/Src/main.c:390:13:MX_RTC_Init	32	static
../Core/Src/main.c:453:13:MX_TIM2_Init	48	static
../Core/Src/main.c:502:13:MX_TIM3_Init	32	static
../Core/Src/main.c:550:13:MX_TIM4_Init	64	static
../Core/Src/main.c:609:13:MX_TIM10_Init	8	static
../Core/Src/main.c:640:13:MX_TIM11_Init	8	static
../Core/Src/main.c:671:13:MX_USART3_UART_Init	8	static
../Core/Src/main.c:704:13:MX_USART6_UART_Init	8	static
../Core/Src/main.c:737:13:MX_USB_OTG_FS_PCD_Init	8	static
../Core/Src/main.c:772:13:MX_GPIO_Init	64	static
../Core/Src/main.c:881:6:Error_Handler	4	static,ignoring_inline_asm
