../Core/Src/main.c:160:6:HAL_SYSTICK_Handler	4	static
../Core/Src/main.c:177:1:__io_putchar	16	static
../Core/Src/main.c:200:6:HAL_ADC_ConvCpltCallback	16	static
../Core/Src/main.c:208:6:delay_us	16	static
../Core/Src/main.c:249:5:main	8	static
../Core/Src/main.c:387:6:SystemClock_Config	88	static
../Core/Src/main.c:434:13:MX_ADC1_Init	24	static
../Core/Src/main.c:486:13:MX_ETH_Init	8	static
../Core/Src/main.c:535:13:MX_I2C1_Init	8	static
../Core/Src/main.c:583:13:MX_RTC_Init	32	static
../Core/Src/main.c:646:13:MX_TIM2_Init	48	static
../Core/Src/main.c:695:13:MX_TIM3_Init	32	static
../Core/Src/main.c:743:13:MX_TIM4_Init	32	static
../Core/Src/main.c:788:13:MX_TIM5_Init	64	static
../Core/Src/main.c:847:13:MX_TIM10_Init	8	static
../Core/Src/main.c:878:13:MX_TIM11_Init	8	static
../Core/Src/main.c:909:13:MX_USART3_UART_Init	8	static
../Core/Src/main.c:942:13:MX_USART6_UART_Init	8	static
../Core/Src/main.c:975:13:MX_USB_OTG_FS_PCD_Init	8	static
../Core/Src/main.c:1010:13:MX_GPIO_Init	64	static
../Core/Src/main.c:1149:6:StartDefaultTask	16	static
../Core/Src/main.c:1167:6:task1_func	16	static
../Core/Src/main.c:1186:6:task2_func	16	static
../Core/Src/main.c:1205:6:task3_func	16	static
../Core/Src/main.c:1225:6:HAL_TIM_PeriodElapsedCallback	16	static
../Core/Src/main.c:1242:6:Error_Handler	4	static,ignoring_inline_asm
