Archive member included to satisfy reference by file (symbol)

c:/st/stm32cubeide_1.12.0/stm32cubeide/plugins/com.st.stm32cube.ide.mcu.externaltools.gnu-tools-for-stm32.10.3-2021.10.win32_1.0.200.202301161003/tools/bin/../lib/gcc/arm-none-eabi/10.3.1/../../../../arm-none-eabi/lib/thumb/v7e-m+fp/hard\libc_nano.a(lib_a-atoi.o)
                              ./Core/Src/internal_rtc.o (atoi)
c:/st/stm32cubeide_1.12.0/stm32cubeide/plugins/com.st.stm32cube.ide.mcu.externaltools.gnu-tools-for-stm32.10.3-2021.10.win32_1.0.200.202301161003/tools/bin/../lib/gcc/arm-none-eabi/10.3.1/../../../../arm-none-eabi/lib/thumb/v7e-m+fp/hard\libc_nano.a(lib_a-errno.o)
                              ./Core/Src/syscalls.o (__errno)
c:/st/stm32cubeide_1.12.0/stm32cubeide/plugins/com.st.stm32cube.ide.mcu.externaltools.gnu-tools-for-stm32.10.3-2021.10.win32_1.0.200.202301161003/tools/bin/../lib/gcc/arm-none-eabi/10.3.1/../../../../arm-none-eabi/lib/thumb/v7e-m+fp/hard\libc_nano.a(lib_a-exit.o)
                              c:/st/stm32cubeide_1.12.0/stm32cubeide/plugins/com.st.stm32cube.ide.mcu.externaltools.gnu-tools-for-stm32.10.3-2021.10.win32_1.0.200.202301161003/tools/bin/../lib/gcc/arm-none-eabi/10.3.1/../../../../arm-none-eabi/lib/thumb/v7e-m+fp/hard/crt0.o (exit)
c:/st/stm32cubeide_1.12.0/stm32cubeide/plugins/com.st.stm32cube.ide.mcu.externaltools.gnu-tools-for-stm32.10.3-2021.10.win32_1.0.200.202301161003/tools/bin/../lib/gcc/arm-none-eabi/10.3.1/../../../../arm-none-eabi/lib/thumb/v7e-m+fp/hard\libc_nano.a(lib_a-impure.o)
                              c:/st/stm32cubeide_1.12.0/stm32cubeide/plugins/com.st.stm32cube.ide.mcu.externaltools.gnu-tools-for-stm32.10.3-2021.10.win32_1.0.200.202301161003/tools/bin/../lib/gcc/arm-none-eabi/10.3.1/../../../../arm-none-eabi/lib/thumb/v7e-m+fp/hard\libc_nano.a(lib_a-exit.o) (_global_impure_ptr)
c:/st/stm32cubeide_1.12.0/stm32cubeide/plugins/com.st.stm32cube.ide.mcu.externaltools.gnu-tools-for-stm32.10.3-2021.10.win32_1.0.200.202301161003/tools/bin/../lib/gcc/arm-none-eabi/10.3.1/../../../../arm-none-eabi/lib/thumb/v7e-m+fp/hard\libc_nano.a(lib_a-init.o)
                              c:/st/stm32cubeide_1.12.0/stm32cubeide/plugins/com.st.stm32cube.ide.mcu.externaltools.gnu-tools-for-stm32.10.3-2021.10.win32_1.0.200.202301161003/tools/bin/../lib/gcc/arm-none-eabi/10.3.1/../../../../arm-none-eabi/lib/thumb/v7e-m+fp/hard/crt0.o (__libc_init_array)
c:/st/stm32cubeide_1.12.0/stm32cubeide/plugins/com.st.stm32cube.ide.mcu.externaltools.gnu-tools-for-stm32.10.3-2021.10.win32_1.0.200.202301161003/tools/bin/../lib/gcc/arm-none-eabi/10.3.1/../../../../arm-none-eabi/lib/thumb/v7e-m+fp/hard\libc_nano.a(lib_a-memset.o)
                              c:/st/stm32cubeide_1.12.0/stm32cubeide/plugins/com.st.stm32cube.ide.mcu.externaltools.gnu-tools-for-stm32.10.3-2021.10.win32_1.0.200.202301161003/tools/bin/../lib/gcc/arm-none-eabi/10.3.1/../../../../arm-none-eabi/lib/thumb/v7e-m+fp/hard/crt0.o (memset)
c:/st/stm32cubeide_1.12.0/stm32cubeide/plugins/com.st.stm32cube.ide.mcu.externaltools.gnu-tools-for-stm32.10.3-2021.10.win32_1.0.200.202301161003/tools/bin/../lib/gcc/arm-none-eabi/10.3.1/../../../../arm-none-eabi/lib/thumb/v7e-m+fp/hard\libc_nano.a(lib_a-printf.o)
                              ./Core/Src/DHT11.o (printf)
c:/st/stm32cubeide_1.12.0/stm32cubeide/plugins/com.st.stm32cube.ide.mcu.externaltools.gnu-tools-for-stm32.10.3-2021.10.win32_1.0.200.202301161003/tools/bin/../lib/gcc/arm-none-eabi/10.3.1/../../../../arm-none-eabi/lib/thumb/v7e-m+fp/hard\libc_nano.a(lib_a-puts.o)
                              ./Core/Src/DHT11.o (puts)
c:/st/stm32cubeide_1.12.0/stm32cubeide/plugins/com.st.stm32cube.ide.mcu.externaltools.gnu-tools-for-stm32.10.3-2021.10.win32_1.0.200.202301161003/tools/bin/../lib/gcc/arm-none-eabi/10.3.1/../../../../arm-none-eabi/lib/thumb/v7e-m+fp/hard\libc_nano.a(lib_a-sprintf.o)
                              ./Core/Src/DHT11.o (sprintf)
c:/st/stm32cubeide_1.12.0/stm32cubeide/plugins/com.st.stm32cube.ide.mcu.externaltools.gnu-tools-for-stm32.10.3-2021.10.win32_1.0.200.202301161003/tools/bin/../lib/gcc/arm-none-eabi/10.3.1/../../../../arm-none-eabi/lib/thumb/v7e-m+fp/hard\libc_nano.a(lib_a-strncmp.o)
                              ./Core/Src/uart.o (strncmp)
c:/st/stm32cubeide_1.12.0/stm32cubeide/plugins/com.st.stm32cube.ide.mcu.externaltools.gnu-tools-for-stm32.10.3-2021.10.win32_1.0.200.202301161003/tools/bin/../lib/gcc/arm-none-eabi/10.3.1/../../../../arm-none-eabi/lib/thumb/v7e-m+fp/hard\libc_nano.a(lib_a-strncpy.o)
                              ./Core/Src/internal_rtc.o (strncpy)
c:/st/stm32cubeide_1.12.0/stm32cubeide/plugins/com.st.stm32cube.ide.mcu.externaltools.gnu-tools-for-stm32.10.3-2021.10.win32_1.0.200.202301161003/tools/bin/../lib/gcc/arm-none-eabi/10.3.1/../../../../arm-none-eabi/lib/thumb/v7e-m+fp/hard\libc_nano.a(lib_a-strtol.o)
[...]
Memory Configuration

Name             Origin             Length             Attributes
CCMRAM           0x0000000010000000 0x0000000000010000 xrw
RAM              0x0000000020000000 0x0000000000030000 xrw
FLASH            0x0000000008000000 0x0000000000200000 xr
*default*        0x0000000000000000 0xffffffffffffffff

Linker script and memory map

LOAD c:/st/stm32cubeide_1.12.0/stm32cubeide/plugins/com.st.stm32cube.ide.mcu.externaltools.gnu-tools-for-stm32.10.3-2021.10.win32_1.0.200.202301161003/tools/bin/../lib/gcc/arm-none-eabi/10.3.1/thumb/v7e-m+fp/hard/crti.o
LOAD c:/st/stm32cubeide_1.12.0/stm32cubeide/plugins/com.st.stm32cube.ide.mcu.externaltools.gnu-tools-for-stm32.10.3-2021.10.win32_1.0.200.202301161003/tools/bin/../lib/gcc/arm-none-eabi/10.3.1/thumb/v7e-m+fp/hard/crtbegin.o
LOAD c:/st/stm32cubeide_1.12.0/stm32cubeide/plugins/com.st.stm32cube.ide.mcu.externaltools.gnu-tools-for-stm32.10.3-2021.10.win32_1.0.200.202301161003/tools/bin/../lib/gcc/arm-none-eabi/10.3.1/../../../../arm-none-eabi/lib/thumb/v7e-m+fp/hard/crt0.o
LOAD ./Core/Src/DHT11.o
LOAD ./Core/Src/button.o
LOAD ./Core/Src/buzzer.o
LOAD ./Core/Src/dcmotor.o
LOAD ./Core/Src/fnd4dight.o
LOAD ./Core/Src/i2c_lcd.o
LOAD ./Core/Src/internal_rtc.o
LOAD ./Core/Src/led.o
LOAD ./Core/Src/main.o
LOAD ./Core/Src/servo_motor.o
LOAD ./Core/Src/stm32f4xx_hal_msp.o
LOAD ./Core/Src/stm32f4xx_it.o
LOAD ./Core/Src/syscalls.o
LOAD ./Core/Src/sysmem.o
LOAD ./Core/Src/system_stm32f4xx.o
LOAD ./Core/Src/uart.o
LOAD ./Core/Src/ultrasonic.o
LOAD ./Core/Startup/startup_stm32f429zitx.o
LOAD ./Drivers/STM32F4xx_HAL_Driver/Src/stm32f4xx_hal.o
LOAD ./Drivers/STM32F4xx_HAL_Driver/Src/stm32f4xx_hal_cortex.o
LOAD ./Drivers/STM32F4xx_HAL_Driver/Src/stm32f4xx_hal_dma.o
LOAD ./Drivers/STM32F4xx_HAL_Driver/Src/stm32f4xx_hal_dma_ex.o
LOAD ./Drivers/STM32F4xx_HAL_Driver/Src/stm32f4xx_hal_eth.o
LOAD ./Drivers/STM32F4xx_HAL_Driver/Src/stm32f4xx_hal_exti.o
LOAD ./Drivers/STM32F4xx_HAL_Driver/Src/stm32f4xx_hal_flash.o
LOAD ./Drivers/STM32F4xx_HAL_Driver/Src/stm32f4xx_hal_flash_ex.o
LOAD ./Drivers/STM32F4xx_HAL_Driver/Src/stm32f4xx_hal_flash_ramfunc.o
LOAD ./Drivers/STM32F4xx_HAL_Driver/Src/stm32f4xx_hal_gpio.o
LOAD ./Drivers/STM32F4xx_HAL_Driver/Src/stm32f4xx_hal_i2c.o
LOAD ./Drivers/STM32F4xx_HAL_Driver/Src/stm32f4xx_hal_i2c_ex.o
LOAD ./Drivers/STM32F4xx_HAL_Driver/Src/stm32f4xx_hal_pcd.o
LOAD ./Drivers/STM32F4xx_HAL_Driver/Src/stm32f4xx_hal_pcd_ex.o
LOAD ./Drivers/STM32F4xx_HAL_Driver/Src/stm32f4xx_hal_pwr.o
LOAD ./Drivers/STM32F4xx_HAL_Driver/Src/stm32f4xx_hal_pwr_ex.o
LOAD ./Drivers/STM32F4xx_HAL_Driver/Src/stm32f4xx_hal_rcc.o
LOAD ./Drivers/STM32F4xx_HAL_Driver/Src/stm32f4xx_hal_rcc_ex.o
LOAD ./Drivers/STM32F4xx_HAL_Driver/Src/stm32f4xx_hal_rtc.o
LOAD ./Drivers/STM32F4xx_HAL_Driver/Src/stm32f4xx_hal_rtc_ex.o
LOAD ./Drivers/STM32F4xx_HAL_Driver/Src/stm32f4xx_hal_tim.o
LOAD ./Drivers/STM32F4xx_HAL_Driver/Src/stm32f4xx_hal_tim_ex.o
LOAD ./Drivers/STM32F4xx_HAL_Driver/Src/stm32f4xx_hal_uart.o
LOAD ./Drivers/STM32F4xx_HAL_Driver/Src/stm32f4xx_ll_usb.o
START GROUP
LOAD c:/st/stm32cubeide_1.12.0/stm32cubeide/plugins/com.st.stm32cube.ide.mcu.externaltools.gnu-tools-for-stm32.10.3-2021.10.win32_1.0.200.202301161003/tools/bin/../lib/gcc/arm-none-eabi/10.3.1/../../../../arm-none-eabi/lib/thumb/v7e-m+fp/hard\libc_nano.a
LOAD c:/st/stm32cubeide_1.12.0/stm32cubeide/plugins/com.st.stm32cube.ide.mcu.externaltools.gnu-tools-for-stm32.10.3-2021.10.win32_1.0.200.202301161003/tools/bin/../lib/gcc/arm-none-eabi/10.3.1/../../../../arm-none-eabi/lib/thumb/v7e-m+fp/hard\libm.a
END GROUP
START GROUP
LOAD c:/st/stm32cubeide_1.12.0/stm32cubeide/plugins/com.st.stm32cube.ide.mcu.externaltools.gnu-tools-for-stm32.10.3-2021.10.win32_1.0.200.202301161003/tools/bin/../lib/gcc/arm-none-eabi/10.3.1/thumb/v7e-m+fp/hard\libgcc.a
LOAD c:/st/stm32cubeide_1.12.0/stm32cubeide/plugins/com.st.stm32cube.ide.mcu.externaltools.gnu-tools-for-stm32.10.3-2021.10.win32_1.0.200.202301161003/tools/bin/../lib/gcc/arm-none-eabi/10.3.1/../../../../arm-none-eabi/lib/thumb/v7e-m+fp/hard\libc_nano.a
END GROUP
START GROUP
LOAD c:/st/stm32cubeide_1.12.0/stm32cubeide/plugins/com.st.stm32cube.ide.mcu.externaltools.gnu-tools-for-stm32.10.3-2021.10.win32_1.0.200.202301161003/tools/bin/../lib/gcc/arm-none-eabi/10.3.1/thumb/v7e-m+fp/hard\libgcc.a
LOAD c:/st/stm32cubeide_1.12.0/stm32cubeide/plugins/com.st.stm32cube.ide.mcu.externaltools.gnu-tools-for-stm32.10.3-2021.10.win32_1.0.200.202301161003/tools/bin/../lib/gcc/arm-none-eabi/10.3.1/../../../../arm-none-eabi/lib/thumb/v7e-m+fp/hard\libc_nano.a
LOAD c:/st/stm32cubeide_1.12.0/stm32cubeide/plugins/com.st.stm32cube.ide.mcu.externaltools.gnu-tools-for-stm32.10.3-2021.10.win32_1.0.200.202301161003/tools/bin/../lib/gcc/arm-none-eabi/10.3.1/../../../../arm-none-eabi/lib/thumb/v7e-m+fp/hard\libnosys.a
END GROUP
START GROUP
LOAD c:/st/stm32cubeide_1.12.0/stm32cubeide/plugins/com.st.stm32cube.ide.mcu.externaltools.gnu-tools-for-stm32.10.3-2021.10.win32_1.0.200.202301161003/tools/bin/../lib/gcc/arm-none-eabi/10.3.1/thumb/v7e-m+fp/hard\libgcc.a
LOAD c:/st/stm32cubeide_1.12.0/stm32cubeide/plugins/com.st.stm32cube.ide.mcu.externaltools.gnu-tools-for-stm32.10.3-2021.10.win32_1.0.200.202301161003/tools/bin/../lib/gcc/arm-none-eabi/10.3.1/../../../../arm-none-eabi/lib/thumb/v7e-m+fp/hard\libc_nano.a
LOAD c:/st/stm32cubeide_1.12.0/stm32cubeide/plugins/com.st.stm32cube.ide.mcu.externaltools.gnu-tools-for-stm32.10.3-2021.10.win32_1.0.200.202301161003/tools/bin/../lib/gcc/arm-none-eabi/10.3.1/../../../../arm-none-eabi/lib/thumb/v7e-m+fp/hard\libnosys.a
END GROUP
LOAD c:/st/stm32cubeide_1.12.0/stm32cubeide/plugins/com.st.stm32cube.ide.mcu.externaltools.gnu-tools-for-stm32.10.3-2021.10.win32_1.0.200.202301161003/tools/bin/../lib/gcc/arm-none-eabi/10.3.1/thumb/v7e-m+fp/hard/crtend.o
LOAD c:/st/stm32cubeide_1.12.0/stm32cubeide/plugins/com.st.stm32cube.ide.mcu.externaltools.gnu-tools-for-stm32.10.3-2021.10.win32_1.0.200.202301161003/tools/bin/../lib/gcc/arm-none-eabi/10.3.1/thumb/v7e-m+fp/hard/crtn.o
                0x0000000020030000                _estack = (ORIGIN (RAM) + LENGTH (RAM))
                0x0000000000000200                _Min_Heap_Size = 0x200
                0x0000000000000400                _Min_Stack_Size = 0x400

.isr_vector     0x0000000008000000      0x1ac
                0x0000000008000000                . = ALIGN (0x4)
 *(.isr_vector)
 .isr_vector    0x0000000008000000      0x1ac ./Core/Startup/startup_stm32f429zitx.o
                0x0000000008000000                g_pfnVectors
                0x00000000080001ac                . = ALIGN (0x4)

.text           0x00000000080001b0     0xa930
                0x00000000080001b0                . = ALIGN (0x4)
 *(.text)
 .text          0x00000000080001b0       0x40 c:/st/stm32cubeide_1.12.0/stm32cubeide/plugins/com.st.stm32cube.ide.mcu.externaltools.gnu-tools-for-stm32.10.3-2021.10.win32_1.0.200.202301161003/tools/bin/../lib/gcc/arm-none-eabi/10.3.1/thumb/v7e-m+fp/hard/crtbegin.o
 .text          0x00000000080001f0       0xa0 c:/st/stm32cubeide_1.12.0/stm32cubeide/plugins/com.st.stm32cube.ide.mcu.externaltools.gnu-tools-for-stm32.10.3-2021.10.win32_1.0.200.202301161003/tools/bin/../lib/gcc/arm-none-eabi/10.3.1/../../../../arm-none-eabi/lib/thumb/v7e-m+fp/hard\libc_nano.a(lib_a-memchr.o)
                0x00000000080001f0                memchr
 .text          0x0000000008000290      0x378 c:/st/stm32cubeide_1.12.0/stm32cubeide/plugins/com.st.stm32cube.ide.mcu.externaltools.gnu-tools-for-stm32.10.3-2021.10.win32_1.0.200.202301161003/tools/bin/../lib/gcc/arm-none-eabi/10.3.1/thumb/v7e-m+fp/hard\libgcc.a(_arm_addsubdf3.o)
                0x0000000008000290                __aeabi_drsub
                0x0000000008000298                __aeabi_dsub
                0x0000000008000298                __subdf3
                0x000000000800029c                __aeabi_dadd
                0x000000000800029c                __adddf3
                0x0000000008000514                __floatunsidf
                0x0000000008000514                __aeabi_ui2d
                0x0000000008000534                __floatsidf
                0x0000000008000534                __aeabi_i2d
                0x0000000008000558                __aeabi_f2d
                0x0000000008000558                __extendsfdf2
                0x000000000800059c                __floatundidf
                0x000000000800059c                __aeabi_ul2d
                0x00000000080005ac                __floatdidf
                0x00000000080005ac                __aeabi_l2d
 .text          0x0000000008000608      0x424 c:/st/stm32cubeide_1.12.0/stm32cubeide/plugins/com.st.stm32cube.ide.mcu.externaltools.gnu-tools-for-stm32.10.3-2021.10.win32_1.0.200.202301161003/tools/bin/../lib/gcc/arm-none-eabi/10.3.1/thumb/v7e-m+fp/hard\libgcc.a(_arm_muldivdf3.o)
                0x0000000008000608                __aeabi_dmul
                0x0000000008000608                __muldf3
                0x000000000800085c                __divdf3
                0x000000000800085c                __aeabi_ddiv
 .text          0x0000000008000a2c       0x50 c:/st/stm32cubeide_1.12.0/stm32cubeide/plugins/com.st.stm32cube.ide.mcu.externaltools.gnu-tools-for-stm32.10.3-2021.10.win32_1.0.200.202301161003/tools/bin/../lib/gcc/arm-none-eabi/10.3.1/thumb/v7e-m+fp/hard\libgcc.a(_arm_fixdfsi.o)
                0x0000000008000a2c                __aeabi_d2iz
                0x0000000008000a2c                __fixdfsi
 .text          0x0000000008000a7c       0x30 c:/st/stm32cubeide_1.12.0/stm32cubeide/plugins/com.st.stm32cube.ide.mcu.externaltools.gnu-tools-for-stm32.10.3-2021.10.win32_1.0.200.202301161003/tools/bin/../lib/gcc/arm-none-eabi/10.3.1/thumb/v7e-m+fp/hard\libgcc.a(_aeabi_uldivmod.o)
                0x0000000008000a7c                __aeabi_uldivmod
 .text          0x0000000008000aac      0x2d0 c:/st/stm32cubeide_1.12.0/stm32cubeide/plugins/com.st.stm32cube.ide.mcu.externaltools.gnu-tools-for-stm32.10.3-2021.10.win32_1.0.200.202301161003/tools/bin/../lib/gcc/arm-none-eabi/10.3.1/thumb/v7e-m+fp/hard\libgcc.a(_udivmoddi4.o)
                0x0000000008000aac                __udivmoddi4
 .text          0x0000000008000d7c        0x4 c:/st/stm32cubeide_1.12.0/stm32cubeide/plugins/com.st.stm32cube.ide.mcu.externaltools.gnu-tools-for-stm32.10.3-2021.10.win32_1.0.200.202301161003/tools/bin/../lib/gcc/arm-none-eabi/10.3.1/thumb/v7e-m+fp/hard\libgcc.a(_dvmd_tls.o)
                0x0000000008000d7c                __aeabi_idiv0
                0x0000000008000d7c                __aeabi_ldiv0
 *(.text*)
 .text.DHT11_processing
                0x0000000008000d80       0xb0 ./Core/Src/DHT11.o
                0x0000000008000d80                DHT11_processing
 .text.DHT11_Init
                0x0000000008000e30       0x20 ./Core/Src/DHT11.o
                0x0000000008000e30                DHT11_Init
 .text.DHT11_trriger
                0x0000000008000e50       0x2c ./Core/Src/DHT11.o
                0x0000000008000e50                DHT11_trriger
 .text.DHT11_DataLine_Input
                0x0000000008000e7c       0x38 ./Core/Src/DHT11.o
                0x0000000008000e7c                DHT11_DataLine_Input
 .text.DHT11_DataLine_Output
                0x0000000008000eb4       0x3c ./Core/Src/DHT11.o
                0x0000000008000eb4                DHT11_DataLine_Output
 .text.DHT11_rx_Data
                0x0000000008000ef0       0x6c ./Core/Src/DHT11.o
                0x0000000008000ef0                DHT11_rx_Data
 .text.DHT11_dumi_read
                0x0000000008000f5c       0x3c ./Core/Src/DHT11.o
                0x0000000008000f5c                DHT11_dumi_read
 .text.lcd_display_mode_select
                0x0000000008000f98       0xb0 ./Core/Src/button.o
                0x0000000008000f98                lcd_display_mode_select
 .text.get_button
                0x0000000008001048       0x70 ./Core/Src/button.o
                0x0000000008001048                get_button
 .text.dcmotor_pwm_control
                0x00000000080010b8      0x16c ./Core/Src/dcmotor.o
                0x00000000080010b8                dcmotor_pwm_control
 .text.FND_update
                0x0000000008001224       0xc0 ./Core/Src/fnd4dight.o
                0x0000000008001224                FND_update
 .text.FND4digit_off
                0x00000000080012e4       0x38 ./Core/Src/fnd4dight.o
                0x00000000080012e4                FND4digit_off
 .text.fnd4digit_sec_clock
                0x000000000800131c       0xb0 ./Core/Src/fnd4dight.o
                0x000000000800131c                fnd4digit_sec_clock
 .text.lcd_command
                0x00000000080013cc       0x68 ./Core/Src/i2c_lcd.o
                0x00000000080013cc                lcd_command
 .text.lcd_data
                0x0000000008001434       0x68 ./Core/Src/i2c_lcd.o
                0x0000000008001434                lcd_data
 .text.i2c_lcd_init
                0x000000000800149c       0x32 ./Core/Src/i2c_lcd.o
                0x000000000800149c                i2c_lcd_init
 .text.lcd_string
                0x00000000080014ce       0x2a ./Core/Src/i2c_lcd.o
                0x00000000080014ce                lcd_string
 .text.move_cursor
                0x00000000080014f8       0x30 ./Core/Src/i2c_lcd.o
                0x00000000080014f8                move_cursor
 .text.bin2dec  0x0000000008001528       0x36 ./Core/Src/internal_rtc.o
                0x0000000008001528                bin2dec
 *fill*         0x000000000800155e        0x2 
 .text.dec2bin  0x0000000008001560       0x48 ./Core/Src/internal_rtc.o
                0x0000000008001560                dec2bin
 .text.get_rtc  0x00000000080015a8      0x158 ./Core/Src/internal_rtc.o
                0x00000000080015a8                get_rtc
 .text.set_rtc  0x0000000008001700      0x144 ./Core/Src/internal_rtc.o
                0x0000000008001700                set_rtc
 .text.set_time_button_ui
                0x0000000008001844      0x1d0 ./Core/Src/internal_rtc.o
                0x0000000008001844                set_time_button_ui
 .text.flower_on
                0x0000000008001a14       0x60 ./Core/Src/led.o
                0x0000000008001a14                flower_on
 .text.flower_off
                0x0000000008001a74       0x60 ./Core/Src/led.o
                0x0000000008001a74                flower_off
 .text.led_keepon_up
                0x0000000008001ad4       0x40 ./Core/Src/led.o
                0x0000000008001ad4                led_keepon_up
 .text.led_keepon_down
                0x0000000008001b14       0x40 ./Core/Src/led.o
                0x0000000008001b14                led_keepon_down
 .text.led_on_up
                0x0000000008001b54       0x60 ./Core/Src/led.o
                0x0000000008001b54                led_on_up
 .text.led_on_down
                0x0000000008001bb4       0x60 ./Core/Src/led.o
                0x0000000008001bb4                led_on_down
 .text.led_all_on
                0x0000000008001c14       0x18 ./Core/Src/led.o
                0x0000000008001c14                led_all_on
 .text.led_all_off
                0x0000000008001c2c       0x18 ./Core/Src/led.o
                0x0000000008001c2c                led_all_off
 .text.HAL_SYSTICK_Handler
                0x0000000008001c44       0x2c ./Core/Src/main.o
                0x0000000008001c44                HAL_SYSTICK_Handler
 .text.__io_putchar
                0x0000000008001c70       0x24 ./Core/Src/main.o
                0x0000000008001c70                __io_putchar
 .text.HAL_TIM_PeriodElapsedCallback
                0x0000000008001c94       0x40 ./Core/Src/main.o
                0x0000000008001c94                HAL_TIM_PeriodElapsedCallback
 .text.delay_us
                0x0000000008001cd4       0x30 ./Core/Src/main.o
                0x0000000008001cd4                delay_us
 .text.main     0x0000000008001d04       0xd8 ./Core/Src/main.o
                0x0000000008001d04                main
 .text.SystemClock_Config
                0x0000000008001ddc       0xd8 ./Core/Src/main.o
                0x0000000008001ddc                SystemClock_Config
 .text.MX_ETH_Init
                0x0000000008001eb4       0x9c ./Core/Src/main.o
 .text.MX_I2C1_Init
                0x0000000008001f50       0x80 ./Core/Src/main.o
 .text.MX_RTC_Init
                0x0000000008001fd0       0xb4 ./Core/Src/main.o
 .text.MX_TIM2_Init
                0x0000000008002084       0xb4 ./Core/Src/main.o
 .text.MX_TIM3_Init
                0x0000000008002138       0xa8 ./Core/Src/main.o
 .text.MX_TIM4_Init
                0x00000000080021e0       0xec ./Core/Src/main.o
 .text.MX_TIM5_Init
                0x00000000080022cc       0xec ./Core/Src/main.o
 .text.MX_TIM10_Init
                0x00000000080023b8       0x48 ./Core/Src/main.o
 .text.MX_TIM11_Init
                0x0000000008002400       0x48 ./Core/Src/main.o
 .text.MX_USART3_UART_Init
                0x0000000008002448       0x54 ./Core/Src/main.o
 .text.MX_USART6_UART_Init
                0x000000000800249c       0x54 ./Core/Src/main.o
 .text.MX_USB_OTG_FS_PCD_Init
                0x00000000080024f0       0x5c ./Core/Src/main.o
 .text.MX_GPIO_Init
                0x000000000800254c      0x288 ./Core/Src/main.o
 .text.Error_Handler
                0x00000000080027d4        0xa ./Core/Src/main.o
                0x00000000080027d4                Error_Handler
 *fill*         0x00000000080027de        0x2 
 .text.HAL_MspInit
                0x00000000080027e0       0x50 ./Core/Src/stm32f4xx_hal_msp.o
                0x00000000080027e0                HAL_MspInit
 .text.HAL_ETH_MspInit
                0x0000000008002830      0x18c ./Core/Src/stm32f4xx_hal_msp.o
                0x0000000008002830                HAL_ETH_MspInit
 .text.HAL_I2C_MspInit
                0x00000000080029bc       0x90 ./Core/Src/stm32f4xx_hal_msp.o
                0x00000000080029bc                HAL_I2C_MspInit
 .text.HAL_RTC_MspInit
                0x0000000008002a4c       0x54 ./Core/Src/stm32f4xx_hal_msp.o
                0x0000000008002a4c                HAL_RTC_MspInit
 .text.HAL_TIM_PWM_MspInit
                0x0000000008002aa0       0x4c ./Core/Src/stm32f4xx_hal_msp.o
                0x0000000008002aa0                HAL_TIM_PWM_MspInit
 .text.HAL_TIM_IC_MspInit
                0x0000000008002aec       0xa0 ./Core/Src/stm32f4xx_hal_msp.o
                0x0000000008002aec                HAL_TIM_IC_MspInit
 .text.HAL_TIM_Base_MspInit
                0x0000000008002b8c      0x104 ./Core/Src/stm32f4xx_hal_msp.o
                0x0000000008002b8c                HAL_TIM_Base_MspInit
 .text.HAL_TIM_MspPostInit
                0x0000000008002c90      0x10c ./Core/Src/stm32f4xx_hal_msp.o
                0x0000000008002c90                HAL_TIM_MspPostInit
 .text.HAL_UART_MspInit
                0x0000000008002d9c      0x11c ./Core/Src/stm32f4xx_hal_msp.o
                0x0000000008002d9c                HAL_UART_MspInit
 .text.HAL_PCD_MspInit
                0x0000000008002eb8       0xb4 ./Core/Src/stm32f4xx_hal_msp.o
                0x0000000008002eb8                HAL_PCD_MspInit
 .text.NMI_Handler
                0x0000000008002f6c        0x6 ./Core/Src/stm32f4xx_it.o
                0x0000000008002f6c                NMI_Handler
 .text.HardFault_Handler
                0x0000000008002f72        0x6 ./Core/Src/stm32f4xx_it.o
                0x0000000008002f72                HardFault_Handler
 .text.MemManage_Handler
                0x0000000008002f78        0x6 ./Core/Src/stm32f4xx_it.o
                0x0000000008002f78                MemManage_Handler
 .text.BusFault_Handler
                0x0000000008002f7e        0x6 ./Core/Src/stm32f4xx_it.o
                0x0000000008002f7e                BusFault_Handler
 .text.UsageFault_Handler
                0x0000000008002f84        0x6 ./Core/Src/stm32f4xx_it.o
                0x0000000008002f84                UsageFault_Handler
 .text.SVC_Handler
                0x0000000008002f8a        0xe ./Core/Src/stm32f4xx_it.o
                0x0000000008002f8a                SVC_Handler
 .text.DebugMon_Handler
                0x0000000008002f98        0xe ./Core/Src/stm32f4xx_it.o
                0x0000000008002f98                DebugMon_Handler
 .text.PendSV_Handler
                0x0000000008002fa6        0xe ./Core/Src/stm32f4xx_it.o
                0x0000000008002fa6                PendSV_Handler
 .text.SysTick_Handler
                0x0000000008002fb4       0x10 ./Core/Src/stm32f4xx_it.o
                0x0000000008002fb4                SysTick_Handler
 .text.TIM1_UP_TIM10_IRQHandler
                0x0000000008002fc4       0x14 ./Core/Src/stm32f4xx_it.o
                0x0000000008002fc4                TIM1_UP_TIM10_IRQHandler
 .text.TIM1_TRG_COM_TIM11_IRQHandler
                0x0000000008002fd8       0x14 ./Core/Src/stm32f4xx_it.o
                0x0000000008002fd8                TIM1_TRG_COM_TIM11_IRQHandler
 .text.TIM2_IRQHandler
                0x0000000008002fec       0x14 ./Core/Src/stm32f4xx_it.o
                0x0000000008002fec                TIM2_IRQHandler
 .text.TIM3_IRQHandler
                0x0000000008003000       0x14 ./Core/Src/stm32f4xx_it.o
                0x0000000008003000                TIM3_IRQHandler
 .text.TIM4_IRQHandler
                0x0000000008003014       0x14 ./Core/Src/stm32f4xx_it.o
                0x0000000008003014                TIM4_IRQHandler
 .text.USART3_IRQHandler
                0x0000000008003028       0x14 ./Core/Src/stm32f4xx_it.o
                0x0000000008003028                USART3_IRQHandler
 .text.TIM5_IRQHandler
                0x000000000800303c       0x14 ./Core/Src/stm32f4xx_it.o
                0x000000000800303c                TIM5_IRQHandler
 .text.USART6_IRQHandler
                0x0000000008003050       0x14 ./Core/Src/stm32f4xx_it.o
                0x0000000008003050                USART6_IRQHandler
 .text._read    0x0000000008003064       0x3a ./Core/Src/syscalls.o
                0x0000000008003064                _read
 .text._write   0x000000000800309e       0x38 ./Core/Src/syscalls.o
                0x000000000800309e                _write
 .text._close   0x00000000080030d6       0x18 ./Core/Src/syscalls.o
                0x00000000080030d6                _close
 .text._fstat   0x00000000080030ee       0x20 ./Core/Src/syscalls.o
                0x00000000080030ee                _fstat
 .text._isatty  0x000000000800310e       0x16 ./Core/Src/syscalls.o
                0x000000000800310e                _isatty
 .text._lseek   0x0000000008003124       0x1a ./Core/Src/syscalls.o
                0x0000000008003124                _lseek
 *fill*         0x000000000800313e        0x2 
 .text._sbrk    0x0000000008003140       0x6c ./Core/Src/sysmem.o
                0x0000000008003140                _sbrk
 .text.SystemInit
                0x00000000080031ac       0x24 ./Core/Src/system_stm32f4xx.o
                0x00000000080031ac                SystemInit
 .text.HAL_UART_RxCpltCallback
                0x00000000080031d0      0x104 ./Core/Src/uart.o
                0x00000000080031d0                HAL_UART_RxCpltCallback
 .text.pc_command_processing
                0x00000000080032d4      0x13c ./Core/Src/uart.o
                0x00000000080032d4                pc_command_processing
 .text.bt_command_processing
                0x0000000008003410       0xf4 ./Core/Src/uart.o
                0x0000000008003410                bt_command_processing
 .text.HAL_TIM_IC_CaptureCallback
                0x0000000008003504       0x6c ./Core/Src/ultrasonic.o
                0x0000000008003504                HAL_TIM_IC_CaptureCallback
 .text.ultrasonic_processing
                0x0000000008003570       0xb8 ./Core/Src/ultrasonic.o
                0x0000000008003570                ultrasonic_processing
 .text.make_trigger
                0x0000000008003628       0x3c ./Core/Src/ultrasonic.o
                0x0000000008003628                make_trigger
 .text.Reset_Handler
                0x0000000008003664       0x50 ./Core/Startup/startup_stm32f429zitx.o
                0x0000000008003664                Reset_Handler
 .text.Default_Handler
                0x00000000080036b4        0x2 ./Core/Startup/startup_stm32f429zitx.o
                0x00000000080036b4                RTC_Alarm_IRQHandler
                0x00000000080036b4                HASH_RNG_IRQHandler
                0x00000000080036b4                EXTI2_IRQHandler
                0x00000000080036b4                TIM8_CC_IRQHandler
                0x00000000080036b4                UART8_IRQHandler
                0x00000000080036b4                SPI4_IRQHandler
                0x00000000080036b4                TIM1_CC_IRQHandler
                0x00000000080036b4                DMA2_Stream5_IRQHandler
                0x00000000080036b4                DMA1_Stream5_IRQHandler
                0x00000000080036b4                PVD_IRQHandler
                0x00000000080036b4                SDIO_IRQHandler
                0x00000000080036b4                TAMP_STAMP_IRQHandler
                0x00000000080036b4                CAN2_RX1_IRQHandler
                0x00000000080036b4                EXTI3_IRQHandler
                0x00000000080036b4                TIM8_TRG_COM_TIM14_IRQHandler
                0x00000000080036b4                TIM8_UP_TIM13_IRQHandler
                0x00000000080036b4                I2C3_ER_IRQHandler
                0x00000000080036b4                EXTI0_IRQHandler
                0x00000000080036b4                I2C2_EV_IRQHandler
                0x00000000080036b4                DMA1_Stream2_IRQHandler
                0x00000000080036b4                CAN1_RX0_IRQHandler
                0x00000000080036b4                FPU_IRQHandler
                0x00000000080036b4                OTG_HS_WKUP_IRQHandler
                0x00000000080036b4                LTDC_ER_IRQHandler
                0x00000000080036b4                CAN2_SCE_IRQHandler
                0x00000000080036b4                DMA2_Stream2_IRQHandler
                0x00000000080036b4                SPI1_IRQHandler
                0x00000000080036b4                TIM6_DAC_IRQHandler
                0x00000000080036b4                TIM1_BRK_TIM9_IRQHandler
                0x00000000080036b4                DCMI_IRQHandler
                0x00000000080036b4                CAN2_RX0_IRQHandler
                0x00000000080036b4                DMA2_Stream3_IRQHandler
                0x00000000080036b4                CAN1_RX1_IRQHandler
                0x00000000080036b4                UART5_IRQHandler
                0x00000000080036b4                DMA2_Stream0_IRQHandler
                0x00000000080036b4                I2C1_EV_IRQHandler
                0x00000000080036b4                DMA1_Stream6_IRQHandler
                0x00000000080036b4                DMA1_Stream1_IRQHandler
                0x00000000080036b4                UART4_IRQHandler
                0x00000000080036b4                RCC_IRQHandler
                0x00000000080036b4                TIM8_BRK_TIM12_IRQHandler
                0x00000000080036b4                Default_Handler
                0x00000000080036b4                EXTI15_10_IRQHandler
                0x00000000080036b4                ADC_IRQHandler
                0x00000000080036b4                DMA1_Stream7_IRQHandler
                0x00000000080036b4                SPI5_IRQHandler
                0x00000000080036b4                TIM7_IRQHandler
                0x00000000080036b4                CAN2_TX_IRQHandler
                0x00000000080036b4                DMA2_Stream7_IRQHandler
                0x00000000080036b4                I2C3_EV_IRQHandler
                0x00000000080036b4                EXTI9_5_IRQHandler
                0x00000000080036b4                RTC_WKUP_IRQHandler
                0x00000000080036b4                LTDC_IRQHandler
                0x00000000080036b4                ETH_WKUP_IRQHandler
                0x00000000080036b4                SPI2_IRQHandler
                0x00000000080036b4                OTG_HS_EP1_IN_IRQHandler
                0x00000000080036b4                DMA1_Stream0_IRQHandler
                0x00000000080036b4                CAN1_TX_IRQHandler
                0x00000000080036b4                EXTI4_IRQHandler
                0x00000000080036b4                ETH_IRQHandler
                0x00000000080036b4                OTG_HS_EP1_OUT_IRQHandler
                0x00000000080036b4                WWDG_IRQHandler
                0x00000000080036b4                SPI6_IRQHandler
                0x00000000080036b4                OTG_FS_WKUP_IRQHandler
                0x00000000080036b4                OTG_HS_IRQHandler
                0x00000000080036b4                DMA2D_IRQHandler
                0x00000000080036b4                EXTI1_IRQHandler
                0x00000000080036b4                UART7_IRQHandler
                0x00000000080036b4                USART2_IRQHandler
                0x00000000080036b4                I2C2_ER_IRQHandler
                0x00000000080036b4                DMA2_Stream1_IRQHandler
                0x00000000080036b4                CAN1_SCE_IRQHandler
                0x00000000080036b4                FLASH_IRQHandler
                0x00000000080036b4                DMA2_Stream4_IRQHandler
                0x00000000080036b4                USART1_IRQHandler
                0x00000000080036b4                OTG_FS_IRQHandler
                0x00000000080036b4                SPI3_IRQHandler
                0x00000000080036b4                DMA1_Stream4_IRQHandler
                0x00000000080036b4                I2C1_ER_IRQHandler
                0x00000000080036b4                FMC_IRQHandler
                0x00000000080036b4                DMA2_Stream6_IRQHandler
                0x00000000080036b4                SAI1_IRQHandler
                0x00000000080036b4                DMA1_Stream3_IRQHandler
 *fill*         0x00000000080036b6        0x2 
 .text.HAL_Init
                0x00000000080036b8       0x44 ./Drivers/STM32F4xx_HAL_Driver/Src/stm32f4xx_hal.o
                0x00000000080036b8                HAL_Init
 .text.HAL_InitTick
                0x00000000080036fc       0x60 ./Drivers/STM32F4xx_HAL_Driver/Src/stm32f4xx_hal.o
                0x00000000080036fc                HAL_InitTick
 .text.HAL_IncTick
                0x000000000800375c       0x28 ./Drivers/STM32F4xx_HAL_Driver/Src/stm32f4xx_hal.o
                0x000000000800375c                HAL_IncTick
 .text.HAL_GetTick
                0x0000000008003784       0x18 ./Drivers/STM32F4xx_HAL_Driver/Src/stm32f4xx_hal.o
                0x0000000008003784                HAL_GetTick
 .text.HAL_Delay
                0x000000000800379c       0x48 ./Drivers/STM32F4xx_HAL_Driver/Src/stm32f4xx_hal.o
                0x000000000800379c                HAL_Delay
 .text.__NVIC_SetPriorityGrouping
                0x00000000080037e4       0x48 ./Drivers/STM32F4xx_HAL_Driver/Src/stm32f4xx_hal_cortex.o
 .text.__NVIC_GetPriorityGrouping
                0x000000000800382c       0x1c ./Drivers/STM32F4xx_HAL_Driver/Src/stm32f4xx_hal_cortex.o
 .text.__NVIC_EnableIRQ
                0x0000000008003848       0x3c ./Drivers/STM32F4xx_HAL_Driver/Src/stm32f4xx_hal_cortex.o
 .text.__NVIC_SetPriority
                0x0000000008003884       0x54 ./Drivers/STM32F4xx_HAL_Driver/Src/stm32f4xx_hal_cortex.o
 .text.NVIC_EncodePriority
                0x00000000080038d8       0x66 ./Drivers/STM32F4xx_HAL_Driver/Src/stm32f4xx_hal_cortex.o
 *fill*         0x000000000800393e        0x2 
 .text.SysTick_Config
                0x0000000008003940       0x44 ./Drivers/STM32F4xx_HAL_Driver/Src/stm32f4xx_hal_cortex.o
 .text.HAL_NVIC_SetPriorityGrouping
                0x0000000008003984       0x16 ./Drivers/STM32F4xx_HAL_Driver/Src/stm32f4xx_hal_cortex.o
                0x0000000008003984                HAL_NVIC_SetPriorityGrouping
 .text.HAL_NVIC_SetPriority
                0x000000000800399a       0x38 ./Drivers/STM32F4xx_HAL_Driver/Src/stm32f4xx_hal_cortex.o
                0x000000000800399a                HAL_NVIC_SetPriority
 .text.HAL_NVIC_EnableIRQ
                0x00000000080039d2       0x1c ./Drivers/STM32F4xx_HAL_Driver/Src/stm32f4xx_hal_cortex.o
                0x00000000080039d2                HAL_NVIC_EnableIRQ
 .text.HAL_SYSTICK_Config
                0x00000000080039ee       0x18 ./Drivers/STM32F4xx_HAL_Driver/Src/stm32f4xx_hal_cortex.o
                0x00000000080039ee                HAL_SYSTICK_Config
 .text.HAL_DMA_Abort
                0x0000000008003a06       0xe0 ./Drivers/STM32F4xx_HAL_Driver/Src/stm32f4xx_hal_dma.o
                0x0000000008003a06                HAL_DMA_Abort
 .text.HAL_DMA_Abort_IT
                0x0000000008003ae6       0x44 ./Drivers/STM32F4xx_HAL_Driver/Src/stm32f4xx_hal_dma.o
                0x0000000008003ae6                HAL_DMA_Abort_IT
 *fill*         0x0000000008003b2a        0x2 
 .text.HAL_ETH_Init
                0x0000000008003b2c       0xfc ./Drivers/STM32F4xx_HAL_Driver/Src/stm32f4xx_hal_eth.o
                0x0000000008003b2c                HAL_ETH_Init
 .text.ETH_SetMACConfig
                0x0000000008003c28      0x160 ./Drivers/STM32F4xx_HAL_Driver/Src/stm32f4xx_hal_eth.o
 .text.ETH_SetDMAConfig
                0x0000000008003d88      0x114 ./Drivers/STM32F4xx_HAL_Driver/Src/stm32f4xx_hal_eth.o
 .text.ETH_MACDMAConfig
                0x0000000008003e9c       0xe4 ./Drivers/STM32F4xx_HAL_Driver/Src/stm32f4xx_hal_eth.o
 .text.ETH_MACAddressConfig
                0x0000000008003f80       0x70 ./Drivers/STM32F4xx_HAL_Driver/Src/stm32f4xx_hal_eth.o
 .text.ETH_DMATxDescListInit
                0x0000000008003ff0       0xb2 ./Drivers/STM32F4xx_HAL_Driver/Src/stm32f4xx_hal_eth.o
 .text.ETH_DMARxDescListInit
                0x00000000080040a2       0xda ./Drivers/STM32F4xx_HAL_Driver/Src/stm32f4xx_hal_eth.o
 .text.HAL_GPIO_Init
                0x000000000800417c      0x358 ./Drivers/STM32F4xx_HAL_Driver/Src/stm32f4xx_hal_gpio.o
                0x000000000800417c                HAL_GPIO_Init
 .text.HAL_GPIO_ReadPin
                0x00000000080044d4       0x30 ./Drivers/STM32F4xx_HAL_Driver/Src/stm32f4xx_hal_gpio.o
                0x00000000080044d4                HAL_GPIO_ReadPin
 .text.HAL_GPIO_WritePin
                0x0000000008004504       0x32 ./Drivers/STM32F4xx_HAL_Driver/Src/stm32f4xx_hal_gpio.o
                0x0000000008004504                HAL_GPIO_WritePin
 .text.HAL_GPIO_TogglePin
                0x0000000008004536       0x34 ./Drivers/STM32F4xx_HAL_Driver/Src/stm32f4xx_hal_gpio.o
                0x0000000008004536                HAL_GPIO_TogglePin
 *fill*         0x000000000800456a        0x2 
 .text.HAL_I2C_Init
                0x000000000800456c      0x288 ./Drivers/STM32F4xx_HAL_Driver/Src/stm32f4xx_hal_i2c.o
                0x000000000800456c                HAL_I2C_Init
 .text.HAL_I2C_Master_Transmit
                0x00000000080047f4      0x1fc ./Drivers/STM32F4xx_HAL_Driver/Src/stm32f4xx_hal_i2c.o
                0x00000000080047f4                HAL_I2C_Master_Transmit
 .text.I2C_MasterRequestWrite
                0x00000000080049f0      0x104 ./Drivers/STM32F4xx_HAL_Driver/Src/stm32f4xx_hal_i2c.o
 .text.I2C_WaitOnFlagUntilTimeout
                0x0000000008004af4       0xae ./Drivers/STM32F4xx_HAL_Driver/Src/stm32f4xx_hal_i2c.o
 .text.I2C_WaitOnMasterAddressFlagUntilTimeout
                0x0000000008004ba2       0xfe ./Drivers/STM32F4xx_HAL_Driver/Src/stm32f4xx_hal_i2c.o
 .text.I2C_WaitOnTXEFlagUntilTimeout
                0x0000000008004ca0       0x82 ./Drivers/STM32F4xx_HAL_Driver/Src/stm32f4xx_hal_i2c.o
 .text.I2C_WaitOnBTFFlagUntilTimeout
                0x0000000008004d22       0x82 ./Drivers/STM32F4xx_HAL_Driver/Src/stm32f4xx_hal_i2c.o
 .text.I2C_IsAcknowledgeFailed
                0x0000000008004da4       0x5e ./Drivers/STM32F4xx_HAL_Driver/Src/stm32f4xx_hal_i2c.o
 .text.HAL_I2CEx_ConfigAnalogFilter
                0x0000000008004e02       0x78 ./Drivers/STM32F4xx_HAL_Driver/Src/stm32f4xx_hal_i2c_ex.o
                0x0000000008004e02                HAL_I2CEx_ConfigAnalogFilter
 .text.HAL_I2CEx_ConfigDigitalFilter
                0x0000000008004e7a       0x7e ./Drivers/STM32F4xx_HAL_Driver/Src/stm32f4xx_hal_i2c_ex.o
                0x0000000008004e7a                HAL_I2CEx_ConfigDigitalFilter
 .text.HAL_PCD_Init
                0x0000000008004ef8      0x23a ./Drivers/STM32F4xx_HAL_Driver/Src/stm32f4xx_hal_pcd.o
                0x0000000008004ef8                HAL_PCD_Init
 *fill*         0x0000000008005132        0x2 
 .text.HAL_RCC_OscConfig
                0x0000000008005134      0x4f0 ./Drivers/STM32F4xx_HAL_Driver/Src/stm32f4xx_hal_rcc.o
                0x0000000008005134                HAL_RCC_OscConfig
 .text.HAL_RCC_ClockConfig
                0x0000000008005624      0x1cc ./Drivers/STM32F4xx_HAL_Driver/Src/stm32f4xx_hal_rcc.o
                0x0000000008005624                HAL_RCC_ClockConfig
 .text.HAL_RCC_GetSysClockFreq
                0x00000000080057f0      0x20c ./Drivers/STM32F4xx_HAL_Driver/Src/stm32f4xx_hal_rcc.o
                0x00000000080057f0                HAL_RCC_GetSysClockFreq
 .text.HAL_RCC_GetHCLKFreq
                0x00000000080059fc       0x18 ./Drivers/STM32F4xx_HAL_Driver/Src/stm32f4xx_hal_rcc.o
                0x00000000080059fc                HAL_RCC_GetHCLKFreq
 .text.HAL_RCC_GetPCLK1Freq
                0x0000000008005a14       0x28 ./Drivers/STM32F4xx_HAL_Driver/Src/stm32f4xx_hal_rcc.o
                0x0000000008005a14                HAL_RCC_GetPCLK1Freq
 .text.HAL_RCC_GetPCLK2Freq
                0x0000000008005a3c       0x28 ./Drivers/STM32F4xx_HAL_Driver/Src/stm32f4xx_hal_rcc.o
                0x0000000008005a3c                HAL_RCC_GetPCLK2Freq
 .text.HAL_RCCEx_PeriphCLKConfig
                0x0000000008005a64      0x380 ./Drivers/STM32F4xx_HAL_Driver/Src/stm32f4xx_hal_rcc_ex.o
                0x0000000008005a64                HAL_RCCEx_PeriphCLKConfig
 .text.HAL_RTC_Init
                0x0000000008005de4       0xec ./Drivers/STM32F4xx_HAL_Driver/Src/stm32f4xx_hal_rtc.o
                0x0000000008005de4                HAL_RTC_Init
 .text.HAL_RTC_SetTime
                0x0000000008005ed0      0x134 ./Drivers/STM32F4xx_HAL_Driver/Src/stm32f4xx_hal_rtc.o
                0x0000000008005ed0                HAL_RTC_SetTime
 .text.HAL_RTC_GetTime
                0x0000000008006004       0xbc ./Drivers/STM32F4xx_HAL_Driver/Src/stm32f4xx_hal_rtc.o
                0x0000000008006004                HAL_RTC_GetTime
 .text.HAL_RTC_SetDate
                0x00000000080060c0      0x108 ./Drivers/STM32F4xx_HAL_Driver/Src/stm32f4xx_hal_rtc.o
                0x00000000080060c0                HAL_RTC_SetDate
 .text.HAL_RTC_GetDate
                0x00000000080061c8       0x9e ./Drivers/STM32F4xx_HAL_Driver/Src/stm32f4xx_hal_rtc.o
                0x00000000080061c8                HAL_RTC_GetDate
 .text.HAL_RTC_WaitForSynchro
                0x0000000008006266       0x50 ./Drivers/STM32F4xx_HAL_Driver/Src/stm32f4xx_hal_rtc.o
                0x0000000008006266                HAL_RTC_WaitForSynchro
 .text.RTC_EnterInitMode
                0x00000000080062b6       0x6e ./Drivers/STM32F4xx_HAL_Driver/Src/stm32f4xx_hal_rtc.o
                0x00000000080062b6                RTC_EnterInitMode
 .text.RTC_ExitInitMode
                0x0000000008006324       0x4a ./Drivers/STM32F4xx_HAL_Driver/Src/stm32f4xx_hal_rtc.o
                0x0000000008006324                RTC_ExitInitMode
 .text.RTC_ByteToBcd2
                0x000000000800636e       0x3a ./Drivers/STM32F4xx_HAL_Driver/Src/stm32f4xx_hal_rtc.o
                0x000000000800636e                RTC_ByteToBcd2
 .text.RTC_Bcd2ToByte
                0x00000000080063a8       0x38 ./Drivers/STM32F4xx_HAL_Driver/Src/stm32f4xx_hal_rtc.o
                0x00000000080063a8                RTC_Bcd2ToByte
 .text.HAL_TIM_Base_Init
                0x00000000080063e0       0x9e ./Drivers/STM32F4xx_HAL_Driver/Src/stm32f4xx_hal_tim.o
                0x00000000080063e0                HAL_TIM_Base_Init
 *fill*         0x000000000800647e        0x2 
 .text.HAL_TIM_Base_Start_IT
                0x0000000008006480       0xe0 ./Drivers/STM32F4xx_HAL_Driver/Src/stm32f4xx_hal_tim.o
                0x0000000008006480                HAL_TIM_Base_Start_IT
 .text.HAL_TIM_PWM_Init
                0x0000000008006560       0x9e ./Drivers/STM32F4xx_HAL_Driver/Src/stm32f4xx_hal_tim.o
                0x0000000008006560                HAL_TIM_PWM_Init
 *fill*         0x00000000080065fe        0x2 
 .text.HAL_TIM_PWM_Start
                0x0000000008006600      0x190 ./Drivers/STM32F4xx_HAL_Driver/Src/stm32f4xx_hal_tim.o
                0x0000000008006600                HAL_TIM_PWM_Start
 .text.HAL_TIM_PWM_Stop
                0x0000000008006790       0xe0 ./Drivers/STM32F4xx_HAL_Driver/Src/stm32f4xx_hal_tim.o
                0x0000000008006790                HAL_TIM_PWM_Stop
 .text.HAL_TIM_PWM_Start_IT
                0x0000000008006870      0x22c ./Drivers/STM32F4xx_HAL_Driver/Src/stm32f4xx_hal_tim.o
                0x0000000008006870                HAL_TIM_PWM_Start_IT
 .text.HAL_TIM_IC_Init
                0x0000000008006a9c       0x9e ./Drivers/STM32F4xx_HAL_Driver/Src/stm32f4xx_hal_tim.o
                0x0000000008006a9c                HAL_TIM_IC_Init
 *fill*         0x0000000008006b3a        0x2 
 .text.HAL_TIM_IC_Start_IT
                0x0000000008006b3c      0x250 ./Drivers/STM32F4xx_HAL_Driver/Src/stm32f4xx_hal_tim.o
                0x0000000008006b3c                HAL_TIM_IC_Start_IT
 .text.HAL_TIM_IRQHandler
                0x0000000008006d8c      0x210 ./Drivers/STM32F4xx_HAL_Driver/Src/stm32f4xx_hal_tim.o
                0x0000000008006d8c                HAL_TIM_IRQHandler
 .text.HAL_TIM_IC_ConfigChannel
                0x0000000008006f9c      0x138 ./Drivers/STM32F4xx_HAL_Driver/Src/stm32f4xx_hal_tim.o
                0x0000000008006f9c                HAL_TIM_IC_ConfigChannel
 .text.HAL_TIM_PWM_ConfigChannel
                0x00000000080070d4      0x184 ./Drivers/STM32F4xx_HAL_Driver/Src/stm32f4xx_hal_tim.o
                0x00000000080070d4                HAL_TIM_PWM_ConfigChannel
 .text.HAL_TIM_ConfigClockSource
                0x0000000008007258      0x18e ./Drivers/STM32F4xx_HAL_Driver/Src/stm32f4xx_hal_tim.o
                0x0000000008007258                HAL_TIM_ConfigClockSource
 *fill*         0x00000000080073e6        0x2 
 .text.HAL_TIM_ReadCapturedValue
                0x00000000080073e8       0x88 ./Drivers/STM32F4xx_HAL_Driver/Src/stm32f4xx_hal_tim.o
                0x00000000080073e8                HAL_TIM_ReadCapturedValue
 .text.HAL_TIM_OC_DelayElapsedCallback
                0x0000000008007470       0x14 ./Drivers/STM32F4xx_HAL_Driver/Src/stm32f4xx_hal_tim.o
                0x0000000008007470                HAL_TIM_OC_DelayElapsedCallback
 .text.HAL_TIM_PWM_PulseFinishedCallback
                0x0000000008007484       0x14 ./Drivers/STM32F4xx_HAL_Driver/Src/stm32f4xx_hal_tim.o
                0x0000000008007484                HAL_TIM_PWM_PulseFinishedCallback
 .text.HAL_TIM_TriggerCallback
                0x0000000008007498       0x14 ./Drivers/STM32F4xx_HAL_Driver/Src/stm32f4xx_hal_tim.o
                0x0000000008007498                HAL_TIM_TriggerCallback
 .text.TIM_Base_SetConfig
                0x00000000080074ac      0x140 ./Drivers/STM32F4xx_HAL_Driver/Src/stm32f4xx_hal_tim.o
                0x00000000080074ac                TIM_Base_SetConfig
 .text.TIM_OC1_SetConfig
                0x00000000080075ec       0xe0 ./Drivers/STM32F4xx_HAL_Driver/Src/stm32f4xx_hal_tim.o
 .text.TIM_OC2_SetConfig
                0x00000000080076cc       0xec ./Drivers/STM32F4xx_HAL_Driver/Src/stm32f4xx_hal_tim.o
                0x00000000080076cc                TIM_OC2_SetConfig
 .text.TIM_OC3_SetConfig
                0x00000000080077b8       0xe8 ./Drivers/STM32F4xx_HAL_Driver/Src/stm32f4xx_hal_tim.o
 .text.TIM_OC4_SetConfig
                0x00000000080078a0       0xac ./Drivers/STM32F4xx_HAL_Driver/Src/stm32f4xx_hal_tim.o
 .text.TIM_TI1_SetConfig
                0x000000000800794c       0xe8 ./Drivers/STM32F4xx_HAL_Driver/Src/stm32f4xx_hal_tim.o
                0x000000000800794c                TIM_TI1_SetConfig
 .text.TIM_TI1_ConfigInputStage
                0x0000000008007a34       0x5e ./Drivers/STM32F4xx_HAL_Driver/Src/stm32f4xx_hal_tim.o
 .text.TIM_TI2_SetConfig
                0x0000000008007a92       0x7a ./Drivers/STM32F4xx_HAL_Driver/Src/stm32f4xx_hal_tim.o
 .text.TIM_TI2_ConfigInputStage
                0x0000000008007b0c       0x60 ./Drivers/STM32F4xx_HAL_Driver/Src/stm32f4xx_hal_tim.o
 .text.TIM_TI3_SetConfig
                0x0000000008007b6c       0x78 ./Drivers/STM32F4xx_HAL_Driver/Src/stm32f4xx_hal_tim.o
 .text.TIM_TI4_SetConfig
                0x0000000008007be4       0x7a ./Drivers/STM32F4xx_HAL_Driver/Src/stm32f4xx_hal_tim.o
 .text.TIM_ITRx_SetConfig
                0x0000000008007c5e       0x36 ./Drivers/STM32F4xx_HAL_Driver/Src/stm32f4xx_hal_tim.o
 .text.TIM_ETR_SetConfig
                0x0000000008007c94       0x40 ./Drivers/STM32F4xx_HAL_Driver/Src/stm32f4xx_hal_tim.o
                0x0000000008007c94                TIM_ETR_SetConfig
 .text.TIM_CCxChannelCmd
                0x0000000008007cd4       0x4a ./Drivers/STM32F4xx_HAL_Driver/Src/stm32f4xx_hal_tim.o
                0x0000000008007cd4                TIM_CCxChannelCmd
 *fill*         0x0000000008007d1e        0x2 
 .text.HAL_TIMEx_MasterConfigSynchronization
                0x0000000008007d20       0xf8 ./Drivers/STM32F4xx_HAL_Driver/Src/stm32f4xx_hal_tim_ex.o
                0x0000000008007d20                HAL_TIMEx_MasterConfigSynchronization
 .text.HAL_TIMEx_CommutCallback
                0x0000000008007e18       0x14 ./Drivers/STM32F4xx_HAL_Driver/Src/stm32f4xx_hal_tim_ex.o
                0x0000000008007e18                HAL_TIMEx_CommutCallback
 .text.HAL_TIMEx_BreakCallback
                0x0000000008007e2c       0x14 ./Drivers/STM32F4xx_HAL_Driver/Src/stm32f4xx_hal_tim_ex.o
                0x0000000008007e2c                HAL_TIMEx_BreakCallback
 .text.HAL_UART_Init
                0x0000000008007e40       0x9a ./Drivers/STM32F4xx_HAL_Driver/Src/stm32f4xx_hal_uart.o
                0x0000000008007e40                HAL_UART_Init
 .text.HAL_UART_Transmit
                0x0000000008007eda      0x124 ./Drivers/STM32F4xx_HAL_Driver/Src/stm32f4xx_hal_uart.o
                0x0000000008007eda                HAL_UART_Transmit
 .text.HAL_UART_Receive_IT
                0x0000000008007ffe       0x60 ./Drivers/STM32F4xx_HAL_Driver/Src/stm32f4xx_hal_uart.o
                0x0000000008007ffe                HAL_UART_Receive_IT
 *fill*         0x000000000800805e        0x2 
 .text.HAL_UART_IRQHandler
                0x0000000008008060      0x51c ./Drivers/STM32F4xx_HAL_Driver/Src/stm32f4xx_hal_uart.o
                0x0000000008008060                HAL_UART_IRQHandler
 .text.HAL_UART_TxCpltCallback
                0x000000000800857c       0x14 ./Drivers/STM32F4xx_HAL_Driver/Src/stm32f4xx_hal_uart.o
                0x000000000800857c                HAL_UART_TxCpltCallback
 .text.HAL_UART_ErrorCallback
                0x0000000008008590       0x14 ./Drivers/STM32F4xx_HAL_Driver/Src/stm32f4xx_hal_uart.o
                0x0000000008008590                HAL_UART_ErrorCallback
 .text.HAL_UARTEx_RxEventCallback
                0x00000000080085a4       0x18 ./Drivers/STM32F4xx_HAL_Driver/Src/stm32f4xx_hal_uart.o
                0x00000000080085a4                HAL_UARTEx_RxEventCallback
 .text.UART_WaitOnFlagUntilTimeout
                0x00000000080085bc       0xdc ./Drivers/STM32F4xx_HAL_Driver/Src/stm32f4xx_hal_uart.o
 .text.UART_Start_Receive_IT
                0x0000000008008698       0x7c ./Drivers/STM32F4xx_HAL_Driver/Src/stm32f4xx_hal_uart.o
                0x0000000008008698                UART_Start_Receive_IT
 .text.UART_EndRxTransfer
                0x0000000008008714       0xc6 ./Drivers/STM32F4xx_HAL_Driver/Src/stm32f4xx_hal_uart.o
 .text.UART_DMAAbortOnError
                0x00000000080087da       0x28 ./Drivers/STM32F4xx_HAL_Driver/Src/stm32f4xx_hal_uart.o
 .text.UART_Transmit_IT
                0x0000000008008802       0xa0 ./Drivers/STM32F4xx_HAL_Driver/Src/stm32f4xx_hal_uart.o
 .text.UART_EndTransmit_IT
                0x00000000080088a2       0x30 ./Drivers/STM32F4xx_HAL_Driver/Src/stm32f4xx_hal_uart.o
 .text.UART_Receive_IT
                0x00000000080088d2      0x176 ./Drivers/STM32F4xx_HAL_Driver/Src/stm32f4xx_hal_uart.o
 .text.UART_SetConfig
                0x0000000008008a48      0x4e8 ./Drivers/STM32F4xx_HAL_Driver/Src/stm32f4xx_hal_uart.o
 .text.USB_CoreInit
                0x0000000008008f30       0xc2 ./Drivers/STM32F4xx_HAL_Driver/Src/stm32f4xx_ll_usb.o
                0x0000000008008f30                USB_CoreInit
 .text.USB_DisableGlobalInt
                0x0000000008008ff2       0x22 ./Drivers/STM32F4xx_HAL_Driver/Src/stm32f4xx_ll_usb.o
                0x0000000008008ff2                USB_DisableGlobalInt
 .text.USB_SetCurrentMode
                0x0000000008009014       0x98 ./Drivers/STM32F4xx_HAL_Driver/Src/stm32f4xx_ll_usb.o
                0x0000000008009014                USB_SetCurrentMode
 .text.USB_DevInit
                0x00000000080090ac      0x2c8 ./Drivers/STM32F4xx_HAL_Driver/Src/stm32f4xx_ll_usb.o
                0x00000000080090ac                USB_DevInit
 .text.USB_FlushTxFifo
                0x0000000008009374       0x68 ./Drivers/STM32F4xx_HAL_Driver/Src/stm32f4xx_ll_usb.o
                0x0000000008009374                USB_FlushTxFifo
 .text.USB_FlushRxFifo
                0x00000000080093dc       0x60 ./Drivers/STM32F4xx_HAL_Driver/Src/stm32f4xx_ll_usb.o
                0x00000000080093dc                USB_FlushRxFifo
 .text.USB_SetDevSpeed
                0x000000000800943c       0x32 ./Drivers/STM32F4xx_HAL_Driver/Src/stm32f4xx_ll_usb.o
                0x000000000800943c                USB_SetDevSpeed
 .text.USB_DevDisconnect
                0x000000000800946e       0x42 ./Drivers/STM32F4xx_HAL_Driver/Src/stm32f4xx_ll_usb.o
                0x000000000800946e                USB_DevDisconnect
 .text.USB_GetMode
                0x00000000080094b0       0x1c ./Drivers/STM32F4xx_HAL_Driver/Src/stm32f4xx_ll_usb.o
                0x00000000080094b0                USB_GetMode
 .text.USB_CoreReset
                0x00000000080094cc       0x68 ./Drivers/STM32F4xx_HAL_Driver/Src/stm32f4xx_ll_usb.o
 .text.atoi     0x0000000008009534        0x8 c:/st/stm32cubeide_1.12.0/stm32cubeide/plugins/com.st.stm32cube.ide.mcu.externaltools.gnu-tools-for-stm32.10.3-2021.10.win32_1.0.200.202301161003/tools/bin/../lib/gcc/arm-none-eabi/10.3.1/../../../../arm-none-eabi/lib/thumb/v7e-m+fp/hard\libc_nano.a(lib_a-atoi.o)
                0x0000000008009534                atoi
 .text.__errno  0x000000000800953c        0xc c:/st/stm32cubeide_1.12.0/stm32cubeide/plugins/com.st.stm32cube.ide.mcu.externaltools.gnu-tools-for-stm32.10.3-2021.10.win32_1.0.200.202301161003/tools/bin/../lib/gcc/arm-none-eabi/10.3.1/../../../../arm-none-eabi/lib/thumb/v7e-m+fp/hard\libc_nano.a(lib_a-errno.o)
                0x000000000800953c                __errno
 .text.__libc_init_array
                0x0000000008009548       0x48 c:/st/stm32cubeide_1.12.0/stm32cubeide/plugins/com.st.stm32cube.ide.mcu.externaltools.gnu-tools-for-stm32.10.3-2021.10.win32_1.0.200.202301161003/tools/bin/../lib/gcc/arm-none-eabi/10.3.1/../../../../arm-none-eabi/lib/thumb/v7e-m+fp/hard\libc_nano.a(lib_a-init.o)
                0x0000000008009548                __libc_init_array
 .text.memset   0x0000000008009590       0x10 c:/st/stm32cubeide_1.12.0/stm32cubeide/plugins/com.st.stm32cube.ide.mcu.externaltools.gnu-tools-for-stm32.10.3-2021.10.win32_1.0.200.202301161003/tools/bin/../lib/gcc/arm-none-eabi/10.3.1/../../../../arm-none-eabi/lib/thumb/v7e-m+fp/hard\libc_nano.a(lib_a-memset.o)
                0x0000000008009590                memset
 .text.printf   0x00000000080095a0       0x30 c:/st/stm32cubeide_1.12.0/stm32cubeide/plugins/com.st.stm32cube.ide.mcu.externaltools.gnu-tools-for-stm32.10.3-2021.10.win32_1.0.200.202301161003/tools/bin/../lib/gcc/arm-none-eabi/10.3.1/../../../../arm-none-eabi/lib/thumb/v7e-m+fp/hard\libc_nano.a(lib_a-printf.o)
                0x00000000080095a0                iprintf
                0x00000000080095a0                printf
 .text._puts_r  0x00000000080095d0       0xdc c:/st/stm32cubeide_1.12.0/stm32cubeide/plugins/com.st.stm32cube.ide.mcu.externaltools.gnu-tools-for-stm32.10.3-2021.10.win32_1.0.200.202301161003/tools/bin/../lib/gcc/arm-none-eabi/10.3.1/../../../../arm-none-eabi/lib/thumb/v7e-m+fp/hard\libc_nano.a(lib_a-puts.o)
                0x00000000080095d0                _puts_r
 .text.puts     0x00000000080096ac       0x10 c:/st/stm32cubeide_1.12.0/stm32cubeide/plugins/com.st.stm32cube.ide.mcu.externaltools.gnu-tools-for-stm32.10.3-2021.10.win32_1.0.200.202301161003/tools/bin/../lib/gcc/arm-none-eabi/10.3.1/../../../../arm-none-eabi/lib/thumb/v7e-m+fp/hard\libc_nano.a(lib_a-puts.o)
                0x00000000080096ac                puts
 .text.sprintf  0x00000000080096bc       0x40 c:/st/stm32cubeide_1.12.0/stm32cubeide/plugins/com.st.stm32cube.ide.mcu.externaltools.gnu-tools-for-stm32.10.3-2021.10.win32_1.0.200.202301161003/tools/bin/../lib/gcc/arm-none-eabi/10.3.1/../../../../arm-none-eabi/lib/thumb/v7e-m+fp/hard\libc_nano.a(lib_a-sprintf.o)
                0x00000000080096bc                siprintf
                0x00000000080096bc                sprintf
 .text.strncmp  0x00000000080096fc       0x28 c:/st/stm32cubeide_1.12.0/stm32cubeide/plugins/com.st.stm32cube.ide.mcu.externaltools.gnu-tools-for-stm32.10.3-2021.10.win32_1.0.200.202301161003/tools/bin/../lib/gcc/arm-none-eabi/10.3.1/../../../../arm-none-eabi/lib/thumb/v7e-m+fp/hard\libc_nano.a(lib_a-strncmp.o)
                0x00000000080096fc                strncmp
 .text.strncpy  0x0000000008009724       0x26 c:/st/stm32cubeide_1.12.0/stm32cubeide/plugins/com.st.stm32cube.ide.mcu.externaltools.gnu-tools-for-stm32.10.3-2021.10.win32_1.0.200.202301161003/tools/bin/../lib/gcc/arm-none-eabi/10.3.1/../../../../arm-none-eabi/lib/thumb/v7e-m+fp/hard\libc_nano.a(lib_a-strncpy.o)
                0x0000000008009724                strncpy
 *fill*         0x000000000800974a        0x2 
 .text._strtol_l.constprop.0
                0x000000000800974c      0x104 c:/st/stm32cubeide_1.12.0/stm32cubeide/plugins/com.st.stm32cube.ide.mcu.externaltools.gnu-tools-for-stm32.10.3-2021.10.win32_1.0.200.202301161003/tools/bin/../lib/gcc/arm-none-eabi/10.3.1/../../../../arm-none-eabi/lib/thumb/v7e-m+fp/hard\libc_nano.a(lib_a-strtol.o)
 .text.strtol   0x0000000008009850       0x14 c:/st/stm32cubeide_1.12.0/stm32cubeide/plugins/com.st.stm32cube.ide.mcu.externaltools.gnu-tools-for-stm32.10.3-2021.10.win32_1.0.200.202301161003/tools/bin/../lib/gcc/arm-none-eabi/10.3.1/../../../../arm-none-eabi/lib/thumb/v7e-m+fp/hard\libc_nano.a(lib_a-strtol.o)
                0x0000000008009850                strtol
 .text.__swbuf_r
                0x0000000008009864       0xa4 c:/st/stm32cubeide_1.12.0/stm32cubeide/plugins/com.st.stm32cube.ide.mcu.externaltools.gnu-tools-for-stm32.10.3-2021.10.win32_1.0.200.202301161003/tools/bin/../lib/gcc/arm-none-eabi/10.3.1/../../../../arm-none-eabi/lib/thumb/v7e-m+fp/hard\libc_nano.a(lib_a-wbuf.o)
                0x0000000008009864                __swbuf_r
 .text.__swsetup_r
                0x0000000008009908       0xdc c:/st/stm32cubeide_1.12.0/stm32cubeide/plugins/com.st.stm32cube.ide.mcu.externaltools.gnu-tools-for-stm32.10.3-2021.10.win32_1.0.200.202301161003/tools/bin/../lib/gcc/arm-none-eabi/10.3.1/../../../../arm-none-eabi/lib/thumb/v7e-m+fp/hard\libc_nano.a(lib_a-wsetup.o)
                0x0000000008009908                __swsetup_r
 .text.__sflush_r
                0x00000000080099e4      0x10c c:/st/stm32cubeide_1.12.0/stm32cubeide/plugins/com.st.stm32cube.ide.mcu.externaltools.gnu-tools-for-stm32.10.3-2021.10.win32_1.0.200.202301161003/tools/bin/../lib/gcc/arm-none-eabi/10.3.1/../../../../arm-none-eabi/lib/thumb/v7e-m+fp/hard\libc_nano.a(lib_a-fflush.o)
                0x00000000080099e4                __sflush_r
 .text._fflush_r
                0x0000000008009af0       0x78 c:/st/stm32cubeide_1.12.0/stm32cubeide/plugins/com.st.stm32cube.ide.mcu.externaltools.gnu-tools-for-stm32.10.3-2021.10.win32_1.0.200.202301161003/tools/bin/../lib/gcc/arm-none-eabi/10.3.1/../../../../arm-none-eabi/lib/thumb/v7e-m+fp/hard\libc_nano.a(lib_a-fflush.o)
                0x0000000008009af0                _fflush_r
 .text.std      0x0000000008009b68       0x48 c:/st/stm32cubeide_1.12.0/stm32cubeide/plugins/com.st.stm32cube.ide.mcu.externaltools.gnu-tools-for-stm32.10.3-2021.10.win32_1.0.200.202301161003/tools/bin/../lib/gcc/arm-none-eabi/10.3.1/../../../../arm-none-eabi/lib/thumb/v7e-m+fp/hard\libc_nano.a(lib_a-findfp.o)
 .text._cleanup_r
                0x0000000008009bb0        0xc c:/st/stm32cubeide_1.12.0/stm32cubeide/plugins/com.st.stm32cube.ide.mcu.externaltools.gnu-tools-for-stm32.10.3-2021.10.win32_1.0.200.202301161003/tools/bin/../lib/gcc/arm-none-eabi/10.3.1/../../../../arm-none-eabi/lib/thumb/v7e-m+fp/hard\libc_nano.a(lib_a-findfp.o)
                0x0000000008009bb0                _cleanup_r
 .text.__sfmoreglue
                0x0000000008009bbc       0x2c c:/st/stm32cubeide_1.12.0/stm32cubeide/plugins/com.st.stm32cube.ide.mcu.externaltools.gnu-tools-for-stm32.10.3-2021.10.win32_1.0.200.202301161003/tools/bin/../lib/gcc/arm-none-eabi/10.3.1/../../../../arm-none-eabi/lib/thumb/v7e-m+fp/hard\libc_nano.a(lib_a-findfp.o)
                0x0000000008009bbc                __sfmoreglue
 .text.__sfp_lock_acquire
                0x0000000008009be8        0xc c:/st/stm32cubeide_1.12.0/stm32cubeide/plugins/com.st.stm32cube.ide.mcu.externaltools.gnu-tools-for-stm32.10.3-2021.10.win32_1.0.200.202301161003/tools/bin/../lib/gcc/arm-none-eabi/10.3.1/../../../../arm-none-eabi/lib/thumb/v7e-m+fp/hard\libc_nano.a(lib_a-findfp.o)
                0x0000000008009be8                __sfp_lock_acquire
 .text.__sfp_lock_release
                0x0000000008009bf4        0xc c:/st/stm32cubeide_1.12.0/stm32cubeide/plugins/com.st.stm32cube.ide.mcu.externaltools.gnu-tools-for-stm32.10.3-2021.10.win32_1.0.200.202301161003/tools/bin/../lib/gcc/arm-none-eabi/10.3.1/../../../../arm-none-eabi/lib/thumb/v7e-m+fp/hard\libc_nano.a(lib_a-findfp.o)
                0x0000000008009bf4                __sfp_lock_release
 .text.__sinit_lock_acquire
                0x0000000008009c00        0xc c:/st/stm32cubeide_1.12.0/stm32cubeide/plugins/com.st.stm32cube.ide.mcu.externaltools.gnu-tools-for-stm32.10.3-2021.10.win32_1.0.200.202301161003/tools/bin/../lib/gcc/arm-none-eabi/10.3.1/../../../../arm-none-eabi/lib/thumb/v7e-m+fp/hard\libc_nano.a(lib_a-findfp.o)
                0x0000000008009c00                __sinit_lock_acquire
 .text.__sinit_lock_release
                0x0000000008009c0c        0xc c:/st/stm32cubeide_1.12.0/stm32cubeide/plugins/com.st.stm32cube.ide.mcu.externaltools.gnu-tools-for-stm32.10.3-2021.10.win32_1.0.200.202301161003/tools/bin/../lib/gcc/arm-none-eabi/10.3.1/../../../../arm-none-eabi/lib/thumb/v7e-m+fp/hard\libc_nano.a(lib_a-findfp.o)
                0x0000000008009c0c                __sinit_lock_release
 .text.__sinit  0x0000000008009c18       0x70 c:/st/stm32cubeide_1.12.0/stm32cubeide/plugins/com.st.stm32cube.ide.mcu.externaltools.gnu-tools-for-stm32.10.3-2021.10.win32_1.0.200.202301161003/tools/bin/../lib/gcc/arm-none-eabi/10.3.1/../../../../arm-none-eabi/lib/thumb/v7e-m+fp/hard\libc_nano.a(lib_a-findfp.o)
                0x0000000008009c18                __sinit
 .text.__sfp    0x0000000008009c88       0x8c c:/st/stm32cubeide_1.12.0/stm32cubeide/plugins/com.st.stm32cube.ide.mcu.externaltools.gnu-tools-for-stm32.10.3-2021.10.win32_1.0.200.202301161003/tools/bin/../lib/gcc/arm-none-eabi/10.3.1/../../../../arm-none-eabi/lib/thumb/v7e-m+fp/hard\libc_nano.a(lib_a-findfp.o)
                0x0000000008009c88                __sfp
 .text._fwalk_reent
                0x0000000008009d14       0x3e c:/st/stm32cubeide_1.12.0/stm32cubeide/plugins/com.st.stm32cube.ide.mcu.externaltools.gnu-tools-for-stm32.10.3-2021.10.win32_1.0.200.202301161003/tools/bin/../lib/gcc/arm-none-eabi/10.3.1/../../../../arm-none-eabi/lib/thumb/v7e-m+fp/hard\libc_nano.a(lib_a-fwalk.o)
                0x0000000008009d14                _fwalk_reent
 .text.__retarget_lock_init_recursive
                0x0000000008009d52        0x2 c:/st/stm32cubeide_1.12.0/stm32cubeide/plugins/com.st.stm32cube.ide.mcu.externaltools.gnu-tools-for-stm32.10.3-2021.10.win32_1.0.200.202301161003/tools/bin/../lib/gcc/arm-none-eabi/10.3.1/../../../../arm-none-eabi/lib/thumb/v7e-m+fp/hard\libc_nano.a(lib_a-lock.o)
                0x0000000008009d52                __retarget_lock_init_recursive
 .text.__retarget_lock_acquire_recursive
                0x0000000008009d54        0x2 c:/st/stm32cubeide_1.12.0/stm32cubeide/plugins/com.st.stm32cube.ide.mcu.externaltools.gnu-tools-for-stm32.10.3-2021.10.win32_1.0.200.202301161003/tools/bin/../lib/gcc/arm-none-eabi/10.3.1/../../../../arm-none-eabi/lib/thumb/v7e-m+fp/hard\libc_nano.a(lib_a-lock.o)
                0x0000000008009d54                __retarget_lock_acquire_recursive
 .text.__retarget_lock_release_recursive
                0x0000000008009d56        0x2 c:/st/stm32cubeide_1.12.0/stm32cubeide/plugins/com.st.stm32cube.ide.mcu.externaltools.gnu-tools-for-stm32.10.3-2021.10.win32_1.0.200.202301161003/tools/bin/../lib/gcc/arm-none-eabi/10.3.1/../../../../arm-none-eabi/lib/thumb/v7e-m+fp/hard\libc_nano.a(lib_a-lock.o)
                0x0000000008009d56                __retarget_lock_release_recursive
 .text.__swhatbuf_r
                0x0000000008009d58       0x4a c:/st/stm32cubeide_1.12.0/stm32cubeide/plugins/com.st.stm32cube.ide.mcu.externaltools.gnu-tools-for-stm32.10.3-2021.10.win32_1.0.200.202301161003/tools/bin/../lib/gcc/arm-none-eabi/10.3.1/../../../../arm-none-eabi/lib/thumb/v7e-m+fp/hard\libc_nano.a(lib_a-makebuf.o)
                0x0000000008009d58                __swhatbuf_r
 *fill*         0x0000000008009da2        0x2 
 .text.__smakebuf_r
                0x0000000008009da4       0x80 c:/st/stm32cubeide_1.12.0/stm32cubeide/plugins/com.st.stm32cube.ide.mcu.externaltools.gnu-tools-for-stm32.10.3-2021.10.win32_1.0.200.202301161003/tools/bin/../lib/gcc/arm-none-eabi/10.3.1/../../../../arm-none-eabi/lib/thumb/v7e-m+fp/hard\libc_nano.a(lib_a-makebuf.o)
                0x0000000008009da4                __smakebuf_r
 .text._free_r  0x0000000008009e24       0x98 c:/st/stm32cubeide_1.12.0/stm32cubeide/plugins/com.st.stm32cube.ide.mcu.externaltools.gnu-tools-for-stm32.10.3-2021.10.win32_1.0.200.202301161003/tools/bin/../lib/gcc/arm-none-eabi/10.3.1/../../../../arm-none-eabi/lib/thumb/v7e-m+fp/hard\libc_nano.a(lib_a-nano-freer.o)
                0x0000000008009e24                _free_r
 .text.sbrk_aligned
                0x0000000008009ebc       0x40 c:/st/stm32cubeide_1.12.0/stm32cubeide/plugins/com.st.stm32cube.ide.mcu.externaltools.gnu-tools-for-stm32.10.3-2021.10.win32_1.0.200.202301161003/tools/bin/../lib/gcc/arm-none-eabi/10.3.1/../../../../arm-none-eabi/lib/thumb/v7e-m+fp/hard\libc_nano.a(lib_a-nano-mallocr.o)
 .text._malloc_r
                0x0000000008009efc       0xe8 c:/st/stm32cubeide_1.12.0/stm32cubeide/plugins/com.st.stm32cube.ide.mcu.externaltools.gnu-tools-for-stm32.10.3-2021.10.win32_1.0.200.202301161003/tools/bin/../lib/gcc/arm-none-eabi/10.3.1/../../../../arm-none-eabi/lib/thumb/v7e-m+fp/hard\libc_nano.a(lib_a-nano-mallocr.o)
                0x0000000008009efc                _malloc_r
 .text.__ssputs_r
                0x0000000008009fe4       0xb6 c:/st/stm32cubeide_1.12.0/stm32cubeide/plugins/com.st.stm32cube.ide.mcu.externaltools.gnu-tools-for-stm32.10.3-2021.10.win32_1.0.200.202301161003/tools/bin/../lib/gcc/arm-none-eabi/10.3.1/../../../../arm-none-eabi/lib/thumb/v7e-m+fp/hard\libc_nano.a(lib_a-nano-svfprintf.o)
                0x0000000008009fe4                __ssputs_r
 *fill*         0x000000000800a09a        0x2 
 .text._svfprintf_r
                0x000000000800a09c      0x200 c:/st/stm32cubeide_1.12.0/stm32cubeide/plugins/com.st.stm32cube.ide.mcu.externaltools.gnu-tools-for-stm32.10.3-2021.10.win32_1.0.200.202301161003/tools/bin/../lib/gcc/arm-none-eabi/10.3.1/../../../../arm-none-eabi/lib/thumb/v7e-m+fp/hard\libc_nano.a(lib_a-nano-svfprintf.o)
                0x000000000800a09c                _svfiprintf_r
                0x000000000800a09c                _svfprintf_r
 .text.__sfputc_r
                0x000000000800a29c       0x2e c:/st/stm32cubeide_1.12.0/stm32cubeide/plugins/com.st.stm32cube.ide.mcu.externaltools.gnu-tools-for-stm32.10.3-2021.10.win32_1.0.200.202301161003/tools/bin/../lib/gcc/arm-none-eabi/10.3.1/../../../../arm-none-eabi/lib/thumb/v7e-m+fp/hard\libc_nano.a(lib_a-nano-vfprintf.o)
 .text.__sfputs_r
                0x000000000800a2ca       0x24 c:/st/stm32cubeide_1.12.0/stm32cubeide/plugins/com.st.stm32cube.ide.mcu.externaltools.gnu-tools-for-stm32.10.3-2021.10.win32_1.0.200.202301161003/tools/bin/../lib/gcc/arm-none-eabi/10.3.1/../../../../arm-none-eabi/lib/thumb/v7e-m+fp/hard\libc_nano.a(lib_a-nano-vfprintf.o)
                0x000000000800a2ca                __sfputs_r
 *fill*         0x000000000800a2ee        0x2 
 .text._vfprintf_r
                0x000000000800a2f0      0x260 c:/st/stm32cubeide_1.12.0/stm32cubeide/plugins/com.st.stm32cube.ide.mcu.externaltools.gnu-tools-for-stm32.10.3-2021.10.win32_1.0.200.202301161003/tools/bin/../lib/gcc/arm-none-eabi/10.3.1/../../../../arm-none-eabi/lib/thumb/v7e-m+fp/hard\libc_nano.a(lib_a-nano-vfprintf.o)
                0x000000000800a2f0                _vfprintf_r
                0x000000000800a2f0                _vfiprintf_r
 .text._printf_common
                0x000000000800a550       0xda c:/st/stm32cubeide_1.12.0/stm32cubeide/plugins/com.st.stm32cube.ide.mcu.externaltools.gnu-tools-for-stm32.10.3-2021.10.win32_1.0.200.202301161003/tools/bin/../lib/gcc/arm-none-eabi/10.3.1/../../../../arm-none-eabi/lib/thumb/v7e-m+fp/hard\libc_nano.a(lib_a-nano-vfprintf_i.o)
                0x000000000800a550                _printf_common
 *fill*         0x000000000800a62a        0x2 
 .text._printf_i
                0x000000000800a62c      0x24c c:/st/stm32cubeide_1.12.0/stm32cubeide/plugins/com.st.stm32cube.ide.mcu.externaltools.gnu-tools-for-stm32.10.3-2021.10.win32_1.0.200.202301161003/tools/bin/../lib/gcc/arm-none-eabi/10.3.1/../../../../arm-none-eabi/lib/thumb/v7e-m+fp/hard\libc_nano.a(lib_a-nano-vfprintf_i.o)
                0x000000000800a62c                _printf_i
 .text._sbrk_r  0x000000000800a878       0x20 c:/st/stm32cubeide_1.12.0/stm32cubeide/plugins/com.st.stm32cube.ide.mcu.externaltools.gnu-tools-for-stm32.10.3-2021.10.win32_1.0.200.202301161003/tools/bin/../lib/gcc/arm-none-eabi/10.3.1/../../../../arm-none-eabi/lib/thumb/v7e-m+fp/hard\libc_nano.a(lib_a-sbrkr.o)
                0x000000000800a878                _sbrk_r
 .text.__sread  0x000000000800a898       0x22 c:/st/stm32cubeide_1.12.0/stm32cubeide/plugins/com.st.stm32cube.ide.mcu.externaltools.gnu-tools-for-stm32.10.3-2021.10.win32_1.0.200.202301161003/tools/bin/../lib/gcc/arm-none-eabi/10.3.1/../../../../arm-none-eabi/lib/thumb/v7e-m+fp/hard\libc_nano.a(lib_a-stdio.o)
                0x000000000800a898                __sread
 .text.__swrite
                0x000000000800a8ba       0x38 c:/st/stm32cubeide_1.12.0/stm32cubeide/plugins/com.st.stm32cube.ide.mcu.externaltools.gnu-tools-for-stm32.10.3-2021.10.win32_1.0.200.202301161003/tools/bin/../lib/gcc/arm-none-eabi/10.3.1/../../../../arm-none-eabi/lib/thumb/v7e-m+fp/hard\libc_nano.a(lib_a-stdio.o)
                0x000000000800a8ba                __swrite
 .text.__sseek  0x000000000800a8f2       0x24 c:/st/stm32cubeide_1.12.0/stm32cubeide/plugins/com.st.stm32cube.ide.mcu.externaltools.gnu-tools-for-stm32.10.3-2021.10.win32_1.0.200.202301161003/tools/bin/../lib/gcc/arm-none-eabi/10.3.1/../../../../arm-none-eabi/lib/thumb/v7e-m+fp/hard\libc_nano.a(lib_a-stdio.o)
                0x000000000800a8f2                __sseek
 .text.__sclose
                0x000000000800a916        0x8 c:/st/stm32cubeide_1.12.0/stm32cubeide/plugins/com.st.stm32cube.ide.mcu.externaltools.gnu-tools-for-stm32.10.3-2021.10.win32_1.0.200.202301161003/tools/bin/../lib/gcc/arm-none-eabi/10.3.1/../../../../arm-none-eabi/lib/thumb/v7e-m+fp/hard\libc_nano.a(lib_a-stdio.o)
                0x000000000800a916                __sclose
 *fill*         0x000000000800a91e        0x2 
 .text._write_r
                0x000000000800a920       0x24 c:/st/stm32cubeide_1.12.0/stm32cubeide/plugins/com.st.stm32cube.ide.mcu.externaltools.gnu-tools-for-stm32.10.3-2021.10.win32_1.0.200.202301161003/tools/bin/../lib/gcc/arm-none-eabi/10.3.1/../../../../arm-none-eabi/lib/thumb/v7e-m+fp/hard\libc_nano.a(lib_a-writer.o)
                0x000000000800a920                _write_r
 .text._close_r
                0x000000000800a944       0x20 c:/st/stm32cubeide_1.12.0/stm32cubeide/plugins/com.st.stm32cube.ide.mcu.externaltools.gnu-tools-for-stm32.10.3-2021.10.win32_1.0.200.202301161003/tools/bin/../lib/gcc/arm-none-eabi/10.3.1/../../../../arm-none-eabi/lib/thumb/v7e-m+fp/hard\libc_nano.a(lib_a-closer.o)
                0x000000000800a944                _close_r
 .text._fstat_r
                0x000000000800a964       0x24 c:/st/stm32cubeide_1.12.0/stm32cubeide/plugins/com.st.stm32cube.ide.mcu.externaltools.gnu-tools-for-stm32.10.3-2021.10.win32_1.0.200.202301161003/tools/bin/../lib/gcc/arm-none-eabi/10.3.1/../../../../arm-none-eabi/lib/thumb/v7e-m+fp/hard\libc_nano.a(lib_a-fstatr.o)
                0x000000000800a964                _fstat_r
 .text._isatty_r
                0x000000000800a988       0x20 c:/st/stm32cubeide_1.12.0/stm32cubeide/plugins/com.st.stm32cube.ide.mcu.externaltools.gnu-tools-for-stm32.10.3-2021.10.win32_1.0.200.202301161003/tools/bin/../lib/gcc/arm-none-eabi/10.3.1/../../../../arm-none-eabi/lib/thumb/v7e-m+fp/hard\libc_nano.a(lib_a-isattyr.o)
                0x000000000800a988                _isatty_r
 .text._lseek_r
                0x000000000800a9a8       0x24 c:/st/stm32cubeide_1.12.0/stm32cubeide/plugins/com.st.stm32cube.ide.mcu.externaltools.gnu-tools-for-stm32.10.3-2021.10.win32_1.0.200.202301161003/tools/bin/../lib/gcc/arm-none-eabi/10.3.1/../../../../arm-none-eabi/lib/thumb/v7e-m+fp/hard\libc_nano.a(lib_a-lseekr.o)
                0x000000000800a9a8                _lseek_r
 .text.memcpy   0x000000000800a9cc       0x1c c:/st/stm32cubeide_1.12.0/stm32cubeide/plugins/com.st.stm32cube.ide.mcu.externaltools.gnu-tools-for-stm32.10.3-2021.10.win32_1.0.200.202301161003/tools/bin/../lib/gcc/arm-none-eabi/10.3.1/../../../../arm-none-eabi/lib/thumb/v7e-m+fp/hard\libc_nano.a(lib_a-memcpy-stub.o)
                0x000000000800a9cc                memcpy
 .text.memmove  0x000000000800a9e8       0x34 c:/st/stm32cubeide_1.12.0/stm32cubeide/plugins/com.st.stm32cube.ide.mcu.externaltools.gnu-tools-for-stm32.10.3-2021.10.win32_1.0.200.202301161003/tools/bin/../lib/gcc/arm-none-eabi/10.3.1/../../../../arm-none-eabi/lib/thumb/v7e-m+fp/hard\libc_nano.a(lib_a-memmove.o)
                0x000000000800a9e8                memmove
 .text.__malloc_lock
                0x000000000800aa1c        0xc c:/st/stm32cubeide_1.12.0/stm32cubeide/plugins/com.st.stm32cube.ide.mcu.externaltools.gnu-tools-for-stm32.10.3-2021.10.win32_1.0.200.202301161003/tools/bin/../lib/gcc/arm-none-eabi/10.3.1/../../../../arm-none-eabi/lib/thumb/v7e-m+fp/hard\libc_nano.a(lib_a-mlock.o)
                0x000000000800aa1c                __malloc_lock
 .text.__malloc_unlock
                0x000000000800aa28        0xc c:/st/stm32cubeide_1.12.0/stm32cubeide/plugins/com.st.stm32cube.ide.mcu.externaltools.gnu-tools-for-stm32.10.3-2021.10.win32_1.0.200.202301161003/tools/bin/../lib/gcc/arm-none-eabi/10.3.1/../../../../arm-none-eabi/lib/thumb/v7e-m+fp/hard\libc_nano.a(lib_a-mlock.o)
                0x000000000800aa28                __malloc_unlock
 .text._realloc_r
                0x000000000800aa34       0x5e c:/st/stm32cubeide_1.12.0/stm32cubeide/plugins/com.st.stm32cube.ide.mcu.externaltools.gnu-tools-for-stm32.10.3-2021.10.win32_1.0.200.202301161003/tools/bin/../lib/gcc/arm-none-eabi/10.3.1/../../../../arm-none-eabi/lib/thumb/v7e-m+fp/hard\libc_nano.a(lib_a-nano-reallocr.o)
                0x000000000800aa34                _realloc_r
 *fill*         0x000000000800aa92        0x2 
 .text._read_r  0x000000000800aa94       0x24 c:/st/stm32cubeide_1.12.0/stm32cubeide/plugins/com.st.stm32cube.ide.mcu.externaltools.gnu-tools-for-stm32.10.3-2021.10.win32_1.0.200.202301161003/tools/bin/../lib/gcc/arm-none-eabi/10.3.1/../../../../arm-none-eabi/lib/thumb/v7e-m+fp/hard\libc_nano.a(lib_a-readr.o)
                0x000000000800aa94                _read_r
 .text._malloc_usable_size_r
                0x000000000800aab8       0x10 c:/st/stm32cubeide_1.12.0/stm32cubeide/plugins/com.st.stm32cube.ide.mcu.externaltools.gnu-tools-for-stm32.10.3-2021.10.win32_1.0.200.202301161003/tools/bin/../lib/gcc/arm-none-eabi/10.3.1/../../../../arm-none-eabi/lib/thumb/v7e-m+fp/hard\libc_nano.a(lib_a-nano-msizer.o)
                0x000000000800aab8                _malloc_usable_size_r
 *(.glue_7)
 .glue_7        0x000000000800aac8        0x0 linker stubs
 *(.glue_7t)
 .glue_7t       0x000000000800aac8        0x0 linker stubs
 *(.eh_frame)
 .eh_frame      0x000000000800aac8        0x0 c:/st/stm32cubeide_1.12.0/stm32cubeide/plugins/com.st.stm32cube.ide.mcu.externaltools.gnu-tools-for-stm32.10.3-2021.10.win32_1.0.200.202301161003/tools/bin/../lib/gcc/arm-none-eabi/10.3.1/thumb/v7e-m+fp/hard/crtbegin.o
 *(.init)
 .init          0x000000000800aac8        0x4 c:/st/stm32cubeide_1.12.0/stm32cubeide/plugins/com.st.stm32cube.ide.mcu.externaltools.gnu-tools-for-stm32.10.3-2021.10.win32_1.0.200.202301161003/tools/bin/../lib/gcc/arm-none-eabi/10.3.1/thumb/v7e-m+fp/hard/crti.o
                0x000000000800aac8                _init
 .init          0x000000000800aacc        0x8 c:/st/stm32cubeide_1.12.0/stm32cubeide/plugins/com.st.stm32cube.ide.mcu.externaltools.gnu-tools-for-stm32.10.3-2021.10.win32_1.0.200.202301161003/tools/bin/../lib/gcc/arm-none-eabi/10.3.1/thumb/v7e-m+fp/hard/crtn.o
 *(.fini)
 .fini          0x000000000800aad4        0x4 c:/st/stm32cubeide_1.12.0/stm32cubeide/plugins/com.st.stm32cube.ide.mcu.externaltools.gnu-tools-for-stm32.10.3-2021.10.win32_1.0.200.202301161003/tools/bin/../lib/gcc/arm-none-eabi/10.3.1/thumb/v7e-m+fp/hard/crti.o
                0x000000000800aad4                _fini
 .fini          0x000000000800aad8        0x8 c:/st/stm32cubeide_1.12.0/stm32cubeide/plugins/com.st.stm32cube.ide.mcu.externaltools.gnu-tools-for-stm32.10.3-2021.10.win32_1.0.200.202301161003/tools/bin/../lib/gcc/arm-none-eabi/10.3.1/thumb/v7e-m+fp/hard/crtn.o
                0x000000000800aae0                . = ALIGN (0x4)
                0x000000000800aae0                _etext = .

.vfp11_veneer   0x000000000800aae0        0x0
 .vfp11_veneer  0x000000000800aae0        0x0 linker stubs

.v4_bx          0x000000000800aae0        0x0
 .v4_bx         0x000000000800aae0        0x0 linker stubs

.iplt           0x000000000800aae0        0x0
 .iplt          0x000000000800aae0        0x0 c:/st/stm32cubeide_1.12.0/stm32cubeide/plugins/com.st.stm32cube.ide.mcu.externaltools.gnu-tools-for-stm32.10.3-2021.10.win32_1.0.200.202301161003/tools/bin/../lib/gcc/arm-none-eabi/10.3.1/thumb/v7e-m+fp/hard/crtbegin.o

.rodata         0x000000000800aae0      0x32c
                0x000000000800aae0                . = ALIGN (0x4)
 *(.rodata)
 .rodata        0x000000000800aae0       0x36 ./Core/Src/DHT11.o
 *fill*         0x000000000800ab16        0x2 
 .rodata        0x000000000800ab18       0x14 ./Core/Src/button.o
 .rodata        0x000000000800ab2c       0x61 ./Core/Src/internal_rtc.o
 *fill*         0x000000000800ab8d        0x3 
 .rodata        0x000000000800ab90       0xaf ./Core/Src/uart.o
 *fill*         0x000000000800ac3f        0x1 
 .rodata        0x000000000800ac40       0x16 ./Core/Src/ultrasonic.o
 *(.rodata*)
 *fill*         0x000000000800ac56        0x2 
 .rodata.AHBPrescTable
                0x000000000800ac58       0x10 ./Core/Src/system_stm32f4xx.o
                0x000000000800ac58                AHBPrescTable
 .rodata.APBPrescTable
                0x000000000800ac68        0x8 ./Core/Src/system_stm32f4xx.o
                0x000000000800ac68                APBPrescTable
 .rodata._global_impure_ptr
                0x000000000800ac70        0x4 c:/st/stm32cubeide_1.12.0/stm32cubeide/plugins/com.st.stm32cube.ide.mcu.externaltools.gnu-tools-for-stm32.10.3-2021.10.win32_1.0.200.202301161003/tools/bin/../lib/gcc/arm-none-eabi/10.3.1/../../../../arm-none-eabi/lib/thumb/v7e-m+fp/hard\libc_nano.a(lib_a-impure.o)
                0x000000000800ac70                _global_impure_ptr
 .rodata._ctype_
                0x000000000800ac74      0x101 c:/st/stm32cubeide_1.12.0/stm32cubeide/plugins/com.st.stm32cube.ide.mcu.externaltools.gnu-tools-for-stm32.10.3-2021.10.win32_1.0.200.202301161003/tools/bin/../lib/gcc/arm-none-eabi/10.3.1/../../../../arm-none-eabi/lib/thumb/v7e-m+fp/hard\libc_nano.a(lib_a-ctype_.o)
                0x000000000800ac74                _ctype_
 *fill*         0x000000000800ad75        0x3 
 .rodata.__sf_fake_stderr
                0x000000000800ad78       0x20 c:/st/stm32cubeide_1.12.0/stm32cubeide/plugins/com.st.stm32cube.ide.mcu.externaltools.gnu-tools-for-stm32.10.3-2021.10.win32_1.0.200.202301161003/tools/bin/../lib/gcc/arm-none-eabi/10.3.1/../../../../arm-none-eabi/lib/thumb/v7e-m+fp/hard\libc_nano.a(lib_a-findfp.o)
                0x000000000800ad78                __sf_fake_stderr
 .rodata.__sf_fake_stdin
                0x000000000800ad98       0x20 c:/st/stm32cubeide_1.12.0/stm32cubeide/plugins/com.st.stm32cube.ide.mcu.externaltools.gnu-tools-for-stm32.10.3-2021.10.win32_1.0.200.202301161003/tools/bin/../lib/gcc/arm-none-eabi/10.3.1/../../../../arm-none-eabi/lib/thumb/v7e-m+fp/hard\libc_nano.a(lib_a-findfp.o)
                0x000000000800ad98                __sf_fake_stdin
 .rodata.__sf_fake_stdout
                0x000000000800adb8       0x20 c:/st/stm32cubeide_1.12.0/stm32cubeide/plugins/com.st.stm32cube.ide.mcu.externaltools.gnu-tools-for-stm32.10.3-2021.10.win32_1.0.200.202301161003/tools/bin/../lib/gcc/arm-none-eabi/10.3.1/../../../../arm-none-eabi/lib/thumb/v7e-m+fp/hard\libc_nano.a(lib_a-findfp.o)
                0x000000000800adb8                __sf_fake_stdout
 .rodata._svfprintf_r.str1.1
                0x000000000800add8       0x11 c:/st/stm32cubeide_1.12.0/stm32cubeide/plugins/com.st.stm32cube.ide.mcu.externaltools.gnu-tools-for-stm32.10.3-2021.10.win32_1.0.200.202301161003/tools/bin/../lib/gcc/arm-none-eabi/10.3.1/../../../../arm-none-eabi/lib/thumb/v7e-m+fp/hard\libc_nano.a(lib_a-nano-svfprintf.o)
 .rodata._vfprintf_r.str1.1
                0x000000000800ade9       0x11 c:/st/stm32cubeide_1.12.0/stm32cubeide/plugins/com.st.stm32cube.ide.mcu.externaltools.gnu-tools-for-stm32.10.3-2021.10.win32_1.0.200.202301161003/tools/bin/../lib/gcc/arm-none-eabi/10.3.1/../../../../arm-none-eabi/lib/thumb/v7e-m+fp/hard\libc_nano.a(lib_a-nano-vfprintf.o)
 .rodata._printf_i.str1.1
                0x000000000800ade9       0x22 c:/st/stm32cubeide_1.12.0/stm32cubeide/plugins/com.st.stm32cube.ide.mcu.externaltools.gnu-tools-for-stm32.10.3-2021.10.win32_1.0.200.202301161003/tools/bin/../lib/gcc/arm-none-eabi/10.3.1/../../../../arm-none-eabi/lib/thumb/v7e-m+fp/hard\libc_nano.a(lib_a-nano-vfprintf_i.o)
                0x000000000800ae0c                . = ALIGN (0x4)
 *fill*         0x000000000800ae0b        0x1 

.ARM.extab      0x000000000800ae0c        0x0
                0x000000000800ae0c                . = ALIGN (0x4)
 *(.ARM.extab* .gnu.linkonce.armextab.*)
                0x000000000800ae0c                . = ALIGN (0x4)

.ARM            0x000000000800ae0c        0x8
                0x000000000800ae0c                . = ALIGN (0x4)
                0x000000000800ae0c                __exidx_start = .
 *(.ARM.exidx*)
 .ARM.exidx     0x000000000800ae0c        0x8 c:/st/stm32cubeide_1.12.0/stm32cubeide/plugins/com.st.stm32cube.ide.mcu.externaltools.gnu-tools-for-stm32.10.3-2021.10.win32_1.0.200.202301161003/tools/bin/../lib/gcc/arm-none-eabi/10.3.1/thumb/v7e-m+fp/hard\libgcc.a(_udivmoddi4.o)
                0x000000000800ae14                __exidx_end = .
                0x000000000800ae14                . = ALIGN (0x4)

.rel.dyn        0x000000000800ae14        0x0
 .rel.iplt      0x000000000800ae14        0x0 c:/st/stm32cubeide_1.12.0/stm32cubeide/plugins/com.st.stm32cube.ide.mcu.externaltools.gnu-tools-for-stm32.10.3-2021.10.win32_1.0.200.202301161003/tools/bin/../lib/gcc/arm-none-eabi/10.3.1/thumb/v7e-m+fp/hard/crtbegin.o

.preinit_array  0x000000000800ae14        0x0
                0x000000000800ae14                . = ALIGN (0x4)
                0x000000000800ae14                PROVIDE (__preinit_array_start = .)
 *(.preinit_array*)
                0x000000000800ae14                PROVIDE (__preinit_array_end = .)
                0x000000000800ae14                . = ALIGN (0x4)

.init_array     0x000000000800ae14        0x4
                0x000000000800ae14                . = ALIGN (0x4)
                0x000000000800ae14                PROVIDE (__init_array_start = .)
 *(SORT_BY_NAME(.init_array.*))
 *(.init_array*)
 .init_array    0x000000000800ae14        0x4 c:/st/stm32cubeide_1.12.0/stm32cubeide/plugins/com.st.stm32cube.ide.mcu.externaltools.gnu-tools-for-stm32.10.3-2021.10.win32_1.0.200.202301161003/tools/bin/../lib/gcc/arm-none-eabi/10.3.1/thumb/v7e-m+fp/hard/crtbegin.o
                0x000000000800ae18                PROVIDE (__init_array_end = .)
                0x000000000800ae18                . = ALIGN (0x4)

.fini_array     0x000000000800ae18        0x4
                0x000000000800ae18                . = ALIGN (0x4)
                [!provide]                        PROVIDE (__fini_array_start = .)
 *(SORT_BY_NAME(.fini_array.*))
 *(.fini_array*)
 .fini_array    0x000000000800ae18        0x4 c:/st/stm32cubeide_1.12.0/stm32cubeide/plugins/com.st.stm32cube.ide.mcu.externaltools.gnu-tools-for-stm32.10.3-2021.10.win32_1.0.200.202301161003/tools/bin/../lib/gcc/arm-none-eabi/10.3.1/thumb/v7e-m+fp/hard/crtbegin.o
                [!provide]                        PROVIDE (__fini_array_end = .)
                0x000000000800ae1c                . = ALIGN (0x4)
                0x000000000800ae1c                _sidata = LOADADDR (.data)

.data           0x0000000020000000       0xac load address 0x000000000800ae1c
                0x0000000020000000                . = ALIGN (0x4)
                0x0000000020000000                _sdata = .
 *(.data)
 *(.data*)
 .data.dht11time
                0x0000000020000000        0x4 ./Core/Src/DHT11.o
                0x0000000020000000                dht11time
 .data.button_status
                0x0000000020000004        0x5 ./Core/Src/button.o
                0x0000000020000004                button_status
 *fill*         0x0000000020000009        0x3 
 .data.FND_digit
                0x000000002000000c        0x8 ./Core/Src/fnd4dight.o
                0x000000002000000c                FND_digit
 .data.FND_font
                0x0000000020000014       0x28 ./Core/Src/fnd4dight.o
                0x0000000020000014                FND_font
 .data.SystemCoreClock
                0x000000002000003c        0x4 ./Core/Src/system_stm32f4xx.o
                0x000000002000003c                SystemCoreClock
 .data.uwTickPrio
                0x0000000020000040        0x4 ./Drivers/STM32F4xx_HAL_Driver/Src/stm32f4xx_hal.o
                0x0000000020000040                uwTickPrio
 .data.uwTickFreq
                0x0000000020000044        0x1 ./Drivers/STM32F4xx_HAL_Driver/Src/stm32f4xx_hal.o
                0x0000000020000044                uwTickFreq
 *fill*         0x0000000020000045        0x3 
 .data._impure_ptr
                0x0000000020000048        0x4 c:/st/stm32cubeide_1.12.0/stm32cubeide/plugins/com.st.stm32cube.ide.mcu.externaltools.gnu-tools-for-stm32.10.3-2021.10.win32_1.0.200.202301161003/tools/bin/../lib/gcc/arm-none-eabi/10.3.1/../../../../arm-none-eabi/lib/thumb/v7e-m+fp/hard\libc_nano.a(lib_a-impure.o)
                0x0000000020000048                _impure_ptr
 .data.impure_data
                0x000000002000004c       0x60 c:/st/stm32cubeide_1.12.0/stm32cubeide/plugins/com.st.stm32cube.ide.mcu.externaltools.gnu-tools-for-stm32.10.3-2021.10.win32_1.0.200.202301161003/tools/bin/../lib/gcc/arm-none-eabi/10.3.1/../../../../arm-none-eabi/lib/thumb/v7e-m+fp/hard\libc_nano.a(lib_a-impure.o)
 *(.RamFunc)
 *(.RamFunc*)
                0x00000000200000ac                . = ALIGN (0x4)
                0x00000000200000ac                _edata = .
                0x000000000800aec8                _siccmram = LOADADDR (.ccmram)

.igot.plt       0x00000000200000ac        0x0 load address 0x000000000800aec8
 .igot.plt      0x00000000200000ac        0x0 c:/st/stm32cubeide_1.12.0/stm32cubeide/plugins/com.st.stm32cube.ide.mcu.externaltools.gnu-tools-for-stm32.10.3-2021.10.win32_1.0.200.202301161003/tools/bin/../lib/gcc/arm-none-eabi/10.3.1/thumb/v7e-m+fp/hard/crtbegin.o

.ccmram         0x0000000010000000        0x0 load address 0x000000000800aec8
                0x0000000010000000                . = ALIGN (0x4)
                0x0000000010000000                _sccmram = .
 *(.ccmram)
 *(.ccmram*)
                0x0000000010000000                . = ALIGN (0x4)
                0x0000000010000000                _eccmram = .
                0x0000000010000000                . = ALIGN (0x4)

.bss            0x00000000200000ac      0xb14
                0x00000000200000ac                _sbss = .
                0x00000000200000ac                __bss_start__ = _sbss
 *(.bss)
 .bss           0x00000000200000ac       0x1c c:/st/stm32cubeide_1.12.0/stm32cubeide/plugins/com.st.stm32cube.ide.mcu.externaltools.gnu-tools-for-stm32.10.3-2021.10.win32_1.0.200.202301161003/tools/bin/../lib/gcc/arm-none-eabi/10.3.1/thumb/v7e-m+fp/hard/crtbegin.o
 *(.bss*)
 .bss.lcd_display_mode_flag
                0x00000000200000c8        0x1 ./Core/Src/button.o
                0x00000000200000c8                lcd_display_mode_flag
 *fill*         0x00000000200000c9        0x3 
 .bss.mTime     0x00000000200000cc       0x14 ./Core/Src/button.o
                0x00000000200000cc                mTime
 .bss.pwm_start_flag
                0x00000000200000e0        0x1 ./Core/Src/dcmotor.o
                0x00000000200000e0                pwm_start_flag
 *fill*         0x00000000200000e1        0x1 
 .bss.CCR_UP_Value
                0x00000000200000e2        0x2 ./Core/Src/dcmotor.o
                0x00000000200000e2                CCR_UP_Value
 .bss.CCR_DOWN_Value
                0x00000000200000e4        0x2 ./Core/Src/dcmotor.o
                0x00000000200000e4                CCR_DOWN_Value
 .bss.forward_back_dcmotor
                0x00000000200000e6        0x2 ./Core/Src/dcmotor.o
                0x00000000200000e6                forward_back_dcmotor
 .bss.FND       0x00000000200000e8        0x8 ./Core/Src/fnd4dight.o
                0x00000000200000e8                FND
 .bss.msec.2    0x00000000200000f0        0x4 ./Core/Src/fnd4dight.o
 .bss.value.1   0x00000000200000f4        0x4 ./Core/Src/fnd4dight.o
 .bss.i.0       0x00000000200000f8        0x4 ./Core/Src/fnd4dight.o
 .bss.sTime     0x00000000200000fc       0x14 ./Core/Src/internal_rtc.o
                0x00000000200000fc                sTime
 .bss.sDate     0x0000000020000110        0x4 ./Core/Src/internal_rtc.o
                0x0000000020000110                sDate
 .bss.oldTime.3
                0x0000000020000114       0x14 ./Core/Src/internal_rtc.o
 .bss.sel_hour.2
                0x0000000020000128        0x4 ./Core/Src/internal_rtc.o
 .bss.sel_min.1
                0x000000002000012c        0x4 ./Core/Src/internal_rtc.o
 .bss.sel_sec.0
                0x0000000020000130        0x4 ./Core/Src/internal_rtc.o
 .bss.func_index
                0x0000000020000134        0x4 ./Core/Src/led.o
                0x0000000020000134                func_index
 .bss.i.1       0x0000000020000138        0x4 ./Core/Src/led.o
 .bss.i.0       0x000000002000013c        0x4 ./Core/Src/led.o
 .bss.TxConfig  0x0000000020000140       0x38 ./Core/Src/main.o
                0x0000000020000140                TxConfig
 .bss.DMARxDscrTab
                0x0000000020000178       0xa0 ./Core/Src/main.o
                0x0000000020000178                DMARxDscrTab
 .bss.DMATxDscrTab
                0x0000000020000218       0xa0 ./Core/Src/main.o
                0x0000000020000218                DMATxDscrTab
 .bss.heth      0x00000000200002b8       0xb0 ./Core/Src/main.o
                0x00000000200002b8                heth
 .bss.hi2c1     0x0000000020000368       0x54 ./Core/Src/main.o
                0x0000000020000368                hi2c1
 .bss.hrtc      0x00000000200003bc       0x20 ./Core/Src/main.o
                0x00000000200003bc                hrtc
 .bss.htim2     0x00000000200003dc       0x48 ./Core/Src/main.o
                0x00000000200003dc                htim2
 .bss.htim3     0x0000000020000424       0x48 ./Core/Src/main.o
                0x0000000020000424                htim3
 .bss.htim4     0x000000002000046c       0x48 ./Core/Src/main.o
                0x000000002000046c                htim4
 .bss.htim5     0x00000000200004b4       0x48 ./Core/Src/main.o
                0x00000000200004b4                htim5
 .bss.htim10    0x00000000200004fc       0x48 ./Core/Src/main.o
                0x00000000200004fc                htim10
 .bss.htim11    0x0000000020000544       0x48 ./Core/Src/main.o
                0x0000000020000544                htim11
 .bss.huart3    0x000000002000058c       0x44 ./Core/Src/main.o
                0x000000002000058c                huart3
 .bss.huart6    0x00000000200005d0       0x44 ./Core/Src/main.o
                0x00000000200005d0                huart6
 .bss.hpcd_USB_OTG_FS
                0x0000000020000614      0x50c ./Core/Src/main.o
                0x0000000020000614                hpcd_USB_OTG_FS
 .bss.rx_data   0x0000000020000b20        0x1 ./Core/Src/main.o
                0x0000000020000b20                rx_data
 .bss.bt_rx_data
                0x0000000020000b21        0x1 ./Core/Src/main.o
                0x0000000020000b21                bt_rx_data
 *fill*         0x0000000020000b22        0x2 
 .bss.TIM10_10ms_counter
                0x0000000020000b24        0x4 ./Core/Src/main.o
                0x0000000020000b24                TIM10_10ms_counter
 .bss.TIM10_10ms_ultrasonic
                0x0000000020000b28        0x4 ./Core/Src/main.o
                0x0000000020000b28                TIM10_10ms_ultrasonic
 .bss.t1ms_counter
                0x0000000020000b2c        0x4 ./Core/Src/main.o
                0x0000000020000b2c                t1ms_counter
 .bss.fnd1ms_counter
                0x0000000020000b30        0x4 ./Core/Src/main.o
                0x0000000020000b30                fnd1ms_counter
 .bss.MACAddr.0
                0x0000000020000b34        0x6 ./Core/Src/main.o
 *fill*         0x0000000020000b3a        0x2 
 .bss.__sbrk_heap_end
                0x0000000020000b3c        0x4 ./Core/Src/sysmem.o
 .bss.rx_buff   0x0000000020000b40       0x28 ./Core/Src/uart.o
                0x0000000020000b40                rx_buff
 .bss.rx_index  0x0000000020000b68        0x4 ./Core/Src/uart.o
                0x0000000020000b68                rx_index
 .bss.newline_detect_flag
                0x0000000020000b6c        0x4 ./Core/Src/uart.o
                0x0000000020000b6c                newline_detect_flag
 .bss.bt_rx_buff
                0x0000000020000b70       0x28 ./Core/Src/uart.o
                0x0000000020000b70                bt_rx_buff
 .bss.bt_rx_index
                0x0000000020000b98        0x4 ./Core/Src/uart.o
                0x0000000020000b98                bt_rx_index
 .bss.bt_newline_detect_flag
                0x0000000020000b9c        0x4 ./Core/Src/uart.o
                0x0000000020000b9c                bt_newline_detect_flag
 .bss.distance  0x0000000020000ba0        0x4 ./Core/Src/ultrasonic.o
                0x0000000020000ba0                distance
 .bss.ic_cpt_finish_flag
                0x0000000020000ba4        0x4 ./Core/Src/ultrasonic.o
                0x0000000020000ba4                ic_cpt_finish_flag
 .bss.is_first_capture
                0x0000000020000ba8        0x1 ./Core/Src/ultrasonic.o
                0x0000000020000ba8                is_first_capture
 *fill*         0x0000000020000ba9        0x3 
 .bss.uwTick    0x0000000020000bac        0x4 ./Drivers/STM32F4xx_HAL_Driver/Src/stm32f4xx_hal.o
                0x0000000020000bac                uwTick
 .bss.__lock___malloc_recursive_mutex
                0x0000000020000bb0        0x1 c:/st/stm32cubeide_1.12.0/stm32cubeide/plugins/com.st.stm32cube.ide.mcu.externaltools.gnu-tools-for-stm32.10.3-2021.10.win32_1.0.200.202301161003/tools/bin/../lib/gcc/arm-none-eabi/10.3.1/../../../../arm-none-eabi/lib/thumb/v7e-m+fp/hard\libc_nano.a(lib_a-lock.o)
                0x0000000020000bb0                __lock___malloc_recursive_mutex
 .bss.__lock___sfp_recursive_mutex
                0x0000000020000bb1        0x1 c:/st/stm32cubeide_1.12.0/stm32cubeide/plugins/com.st.stm32cube.ide.mcu.externaltools.gnu-tools-for-stm32.10.3-2021.10.win32_1.0.200.202301161003/tools/bin/../lib/gcc/arm-none-eabi/10.3.1/../../../../arm-none-eabi/lib/thumb/v7e-m+fp/hard\libc_nano.a(lib_a-lock.o)
                0x0000000020000bb1                __lock___sfp_recursive_mutex
 .bss.__lock___sinit_recursive_mutex
                0x0000000020000bb2        0x1 c:/st/stm32cubeide_1.12.0/stm32cubeide/plugins/com.st.stm32cube.ide.mcu.externaltools.gnu-tools-for-stm32.10.3-2021.10.win32_1.0.200.202301161003/tools/bin/../lib/gcc/arm-none-eabi/10.3.1/../../../../arm-none-eabi/lib/thumb/v7e-m+fp/hard\libc_nano.a(lib_a-lock.o)
                0x0000000020000bb2                __lock___sinit_recursive_mutex
 *fill*         0x0000000020000bb3        0x1 
 .bss.__malloc_free_list