../Core/Src/main.c:109:6:HAL_SYSTICK_Handler	4	static
../Core/Src/main.c:126:1:__io_putchar	16	static
../Core/Src/main.c:139:6:HAL_TIM_PeriodElapsedCallback	16	static
../Core/Src/main.c:148:6:delay_us	16	static
../Core/Src/main.c:160:5:main	8	static
../Core/Src/main.c:235:6:SystemClock_Config	88	static
../Core/Src/main.c:281:13:MX_ETH_Init	8	static
../Core/Src/main.c:330:13:MX_I2C1_Init	8	static
../Core/Src/main.c:378:13:MX_TIM2_Init	48	static
../Core/Src/main.c:427:13:MX_TIM3_Init	32	static
../Core/Src/main.c:475:13:MX_TIM4_Init	64	static
../Core/Src/main.c:534:13:MX_TIM10_Init	8	static
../Core/Src/main.c:565:13:MX_TIM11_Init	8	static
../Core/Src/main.c:596:13:MX_USART3_UART_Init	8	static
../Core/Src/main.c:629:13:MX_USART6_UART_Init	8	static
../Core/Src/main.c:662:13:MX_USB_OTG_FS_PCD_Init	8	static
../Core/Src/main.c:697:13:MX_GPIO_Init	64	static
../Core/Src/main.c:806:6:Error_Handler	4	static,ignoring_inline_asm
