../Core/Src/main.c:125:6:HAL_SYSTICK_Handler	4	static
../Core/Src/main.c:142:1:__io_putchar	16	static
../Core/Src/main.c:155:6:HAL_TIM_PeriodElapsedCallback	16	static
../Core/Src/main.c:165:6:HAL_ADC_ConvCpltCallback	16	static
../Core/Src/main.c:173:6:delay_us	16	static
../Core/Src/main.c:182:6:HAL_GPIO_EXTI_Callback	16	static
../Core/Src/main.c:206:5:main	8	static
../Core/Src/main.c:301:6:SystemClock_Config	88	static
../Core/Src/main.c:348:13:MX_ADC1_Init	24	static
../Core/Src/main.c:400:13:MX_ETH_Init	8	static
../Core/Src/main.c:449:13:MX_I2C1_Init	8	static
../Core/Src/main.c:497:13:MX_RTC_Init	32	static
../Core/Src/main.c:560:13:MX_TIM2_Init	48	static
../Core/Src/main.c:609:13:MX_TIM3_Init	32	static
../Core/Src/main.c:657:13:MX_TIM4_Init	32	static
../Core/Src/main.c:702:13:MX_TIM5_Init	64	static
../Core/Src/main.c:761:13:MX_TIM10_Init	8	static
../Core/Src/main.c:792:13:MX_TIM11_Init	8	static
../Core/Src/main.c:823:13:MX_USART3_UART_Init	8	static
../Core/Src/main.c:856:13:MX_USART6_UART_Init	8	static
../Core/Src/main.c:889:13:MX_USB_OTG_FS_PCD_Init	8	static
../Core/Src/main.c:924:13:MX_GPIO_Init	64	static
../Core/Src/main.c:1049:6:Error_Handler	4	static,ignoring_inline_asm
