../Core/Src/main.c:164:6:HAL_SYSTICK_Handler	4	static
../Core/Src/main.c:181:1:__io_putchar	16	static
../Core/Src/main.c:192:6:HAL_ADC_ConvCpltCallback	16	static
../Core/Src/main.c:200:6:delay_us	16	static
../Core/Src/main.c:209:6:HAL_GPIO_EXTI_Callback	16	static
../Core/Src/main.c:233:5:main	8	static
../Core/Src/main.c:374:6:SystemClock_Config	88	static
../Core/Src/main.c:421:13:MX_ADC1_Init	24	static
../Core/Src/main.c:473:13:MX_ETH_Init	8	static
../Core/Src/main.c:522:13:MX_I2C1_Init	8	static
../Core/Src/main.c:570:13:MX_RTC_Init	32	static
../Core/Src/main.c:633:13:MX_TIM2_Init	48	static
../Core/Src/main.c:682:13:MX_TIM3_Init	32	static
../Core/Src/main.c:730:13:MX_TIM4_Init	32	static
../Core/Src/main.c:775:13:MX_TIM5_Init	64	static
../Core/Src/main.c:834:13:MX_TIM10_Init	8	static
../Core/Src/main.c:865:13:MX_TIM11_Init	8	static
../Core/Src/main.c:896:13:MX_USART3_UART_Init	8	static
../Core/Src/main.c:929:13:MX_USART6_UART_Init	8	static
../Core/Src/main.c:962:13:MX_USB_OTG_FS_PCD_Init	8	static
../Core/Src/main.c:997:13:MX_GPIO_Init	64	static
../Core/Src/main.c:1125:6:StartDefaultTask	16	static
../Core/Src/main.c:1144:6:Task1_func	16	static
../Core/Src/main.c:1163:6:Task2_func	16	static
../Core/Src/main.c:1182:6:Task3_func	16	static
../Core/Src/main.c:1203:6:HAL_TIM_PeriodElapsedCallback	16	static
../Core/Src/main.c:1224:6:Error_Handler	4	static,ignoring_inline_asm
