Archive member included to satisfy reference by file (symbol)

c:/st/stm32cubeide_1.12.0/stm32cubeide/plugins/com.st.stm32cube.ide.mcu.externaltools.gnu-tools-for-stm32.10.3-2021.10.win32_1.0.200.202301161003/tools/bin/../lib/gcc/arm-none-eabi/10.3.1/../../../../arm-none-eabi/lib/thumb/v7e-m+fp/hard\libc_nano.a(lib_a-atoi.o)
                              ./Core/Src/internal_rtc.o (atoi)
c:/st/stm32cubeide_1.12.0/stm32cubeide/plugins/com.st.stm32cube.ide.mcu.externaltools.gnu-tools-for-stm32.10.3-2021.10.win32_1.0.200.202301161003/tools/bin/../lib/gcc/arm-none-eabi/10.3.1/../../../../arm-none-eabi/lib/thumb/v7e-m+fp/hard\libc_nano.a(lib_a-errno.o)
                              ./Core/Src/syscalls.o (__errno)
c:/st/stm32cubeide_1.12.0/stm32cubeide/plugins/com.st.stm32cube.ide.mcu.externaltools.gnu-tools-for-stm32.10.3-2021.10.win32_1.0.200.202301161003/tools/bin/../lib/gcc/arm-none-eabi/10.3.1/../../../../arm-none-eabi/lib/thumb/v7e-m+fp/hard\libc_nano.a(lib_a-exit.o)
                              c:/st/stm32cubeide_1.12.0/stm32cubeide/plugins/com.st.stm32cube.ide.mcu.externaltools.gnu-tools-for-stm32.10.3-2021.10.win32_1.0.200.202301161003/tools/bin/../lib/gcc/arm-none-eabi/10.3.1/../../../../arm-none-eabi/lib/thumb/v7e-m+fp/hard/crt0.o (exit)
c:/st/stm32cubeide_1.12.0/stm32cubeide/plugins/com.st.stm32cube.ide.mcu.externaltools.gnu-tools-for-stm32.10.3-2021.10.win32_1.0.200.202301161003/tools/bin/../lib/gcc/arm-none-eabi/10.3.1/../../../../arm-none-eabi/lib/thumb/v7e-m+fp/hard\libc_nano.a(lib_a-findfp.o)
                              ./Middlewares/Third_Party/FreeRTOS/Source/tasks.o (__sf_fake_stderr)
c:/st/stm32cubeide_1.12.0/stm32cubeide/plugins/com.st.stm32cube.ide.mcu.externaltools.gnu-tools-for-stm32.10.3-2021.10.win32_1.0.200.202301161003/tools/bin/../lib/gcc/arm-none-eabi/10.3.1/../../../../arm-none-eabi/lib/thumb/v7e-m+fp/hard\libc_nano.a(lib_a-fwalk.o)
                              c:/st/stm32cubeide_1.12.0/stm32cubeide/plugins/com.st.stm32cube.ide.mcu.externaltools.gnu-tools-for-stm32.10.3-2021.10.win32_1.0.200.202301161003/tools/bin/../lib/gcc/arm-none-eabi/10.3.1/../../../../arm-none-eabi/lib/thumb/v7e-m+fp/hard\libc_nano.a(lib_a-findfp.o) (_fwalk)
c:/st/stm32cubeide_1.12.0/stm32cubeide/plugins/com.st.stm32cube.ide.mcu.externaltools.gnu-tools-for-stm32.10.3-2021.10.win32_1.0.200.202301161003/tools/bin/../lib/gcc/arm-none-eabi/10.3.1/../../../../arm-none-eabi/lib/thumb/v7e-m+fp/hard\libc_nano.a(lib_a-impure.o)
                              c:/st/stm32cubeide_1.12.0/stm32cubeide/plugins/com.st.stm32cube.ide.mcu.externaltools.gnu-tools-for-stm32.10.3-2021.10.win32_1.0.200.202301161003/tools/bin/../lib/gcc/arm-none-eabi/10.3.1/../../../../arm-none-eabi/lib/thumb/v7e-m+fp/hard\libc_nano.a(lib_a-exit.o) (_global_impure_ptr)
c:/st/stm32cubeide_1.12.0/stm32cubeide/plugins/com.st.stm32cube.ide.mcu.externaltools.gnu-tools-for-stm32.10.3-2021.10.win32_1.0.200.202301161003/tools/bin/../lib/gcc/arm-none-eabi/10.3.1/../../../../arm-none-eabi/lib/thumb/v7e-m+fp/hard\libc_nano.a(lib_a-init.o)
                              c:/st/stm32cubeide_1.12.0/stm32cubeide/plugins/com.st.stm32cube.ide.mcu.externaltools.gnu-tools-for-stm32.10.3-2021.10.win32_1.0.200.202301161003/tools/bin/../lib/gcc/arm-none-eabi/10.3.1/../../../../arm-none-eabi/lib/thumb/v7e-m+fp/hard/crt0.o (__libc_init_array)
c:/st/stm32cubeide_1.12.0/stm32cubeide/plugins/com.st.stm32cube.ide.mcu.externaltools.gnu-tools-for-stm32.10.3-2021.10.win32_1.0.200.202301161003/tools/bin/../lib/gcc/arm-none-eabi/10.3.1/../../../../arm-none-eabi/lib/thumb/v7e-m+fp/hard\libc_nano.a(lib_a-lock.o)
                              c:/st/stm32cubeide_1.12.0/stm32cubeide/plugins/com.st.stm32cube.ide.mcu.externaltools.gnu-tools-for-stm32.10.3-2021.10.win32_1.0.200.202301161003/tools/bin/../lib/gcc/arm-none-eabi/10.3.1/../../../../arm-none-eabi/lib/thumb/v7e-m+fp/hard\libc_nano.a(lib_a-findfp.o) (__retarget_lock_init_recursive)
c:/st/stm32cubeide_1.12.0/stm32cubeide/plugins/com.st.stm32cube.ide.mcu.externaltools.gnu-tools-for-stm32.10.3-2021.10.win32_1.0.200.202301161003/tools/bin/../lib/gcc/arm-none-eabi/10.3.1/../../../../arm-none-eabi/lib/thumb/v7e-m+fp/hard\libc_nano.a(lib_a-memcpy-stub.o)
                              ./Middlewares/Third_Party/FreeRTOS/Source/CMSIS_RTOS_V2/cmsis_os2.o (memcpy)
c:/st/stm32cubeide_1.12.0/stm32cubeide/plugins/com.st.stm32cube.ide.mcu.externaltools.gnu-tools-for-stm32.10.3-2021.10.win32_1.0.200.202301161003/tools/bin/../lib/gcc/arm-none-eabi/10.3.1/../../../../arm-none-eabi/lib/thumb/v7e-m+fp/hard\libc_nano.a(lib_a-memset.o)
                              c:/st/stm32cubeide_1.12.0/stm32cubeide/plugins/com.st.stm32cube.ide.mcu.externaltools.gnu-tools-for-stm32.10.3-2021.10.win32_1.0.200.202301161003/tools/bin/../lib/gcc/arm-none-eabi/10.3.1/../../../../arm-none-eabi/lib/thumb/v7e-m+fp/hard/crt0.o (memset)
[...]
Memory Configuration

Name             Origin             Length             Attributes
CCMRAM           0x0000000010000000 0x0000000000010000 xrw
RAM              0x0000000020000000 0x0000000000030000 xrw
FLASH            0x0000000008000000 0x0000000000200000 xr
*default*        0x0000000000000000 0xffffffffffffffff

Linker script and memory map

LOAD c:/st/stm32cubeide_1.12.0/stm32cubeide/plugins/com.st.stm32cube.ide.mcu.externaltools.gnu-tools-for-stm32.10.3-2021.10.win32_1.0.200.202301161003/tools/bin/../lib/gcc/arm-none-eabi/10.3.1/thumb/v7e-m+fp/hard/crti.o
LOAD c:/st/stm32cubeide_1.12.0/stm32cubeide/plugins/com.st.stm32cube.ide.mcu.externaltools.gnu-tools-for-stm32.10.3-2021.10.win32_1.0.200.202301161003/tools/bin/../lib/gcc/arm-none-eabi/10.3.1/thumb/v7e-m+fp/hard/crtbegin.o
LOAD c:/st/stm32cubeide_1.12.0/stm32cubeide/plugins/com.st.stm32cube.ide.mcu.externaltools.gnu-tools-for-stm32.10.3-2021.10.win32_1.0.200.202301161003/tools/bin/../lib/gcc/arm-none-eabi/10.3.1/../../../../arm-none-eabi/lib/thumb/v7e-m+fp/hard/crt0.o
LOAD ./Core/Src/DHT11.o
LOAD ./Core/Src/button.o
LOAD ./Core/Src/buzzer.o
LOAD ./Core/Src/dcmotor.o
LOAD ./Core/Src/dotmatrix.o
LOAD ./Core/Src/freertos.o
LOAD ./Core/Src/i2c_lcd.o
LOAD ./Core/Src/internal_rtc.o
LOAD ./Core/Src/led.o
LOAD ./Core/Src/main.o
LOAD ./Core/Src/servo_motor.o
LOAD ./Core/Src/stepmotor.o
LOAD ./Core/Src/stm32f4xx_hal_msp.o
LOAD ./Core/Src/stm32f4xx_hal_timebase_tim.o
LOAD ./Core/Src/stm32f4xx_it.o
LOAD ./Core/Src/syscalls.o
LOAD ./Core/Src/sysmem.o
LOAD ./Core/Src/system_stm32f4xx.o
LOAD ./Core/Src/uart.o
LOAD ./Core/Src/ultrasonic.o
LOAD ./Core/Startup/startup_stm32f429zitx.o
LOAD ./Drivers/STM32F4xx_HAL_Driver/Src/stm32f4xx_hal.o
LOAD ./Drivers/STM32F4xx_HAL_Driver/Src/stm32f4xx_hal_adc.o
LOAD ./Drivers/STM32F4xx_HAL_Driver/Src/stm32f4xx_hal_adc_ex.o
LOAD ./Drivers/STM32F4xx_HAL_Driver/Src/stm32f4xx_hal_cortex.o
LOAD ./Drivers/STM32F4xx_HAL_Driver/Src/stm32f4xx_hal_dma.o
LOAD ./Drivers/STM32F4xx_HAL_Driver/Src/stm32f4xx_hal_dma_ex.o
LOAD ./Drivers/STM32F4xx_HAL_Driver/Src/stm32f4xx_hal_eth.o
LOAD ./Drivers/STM32F4xx_HAL_Driver/Src/stm32f4xx_hal_exti.o
LOAD ./Drivers/STM32F4xx_HAL_Driver/Src/stm32f4xx_hal_flash.o
LOAD ./Drivers/STM32F4xx_HAL_Driver/Src/stm32f4xx_hal_flash_ex.o
LOAD ./Drivers/STM32F4xx_HAL_Driver/Src/stm32f4xx_hal_flash_ramfunc.o
LOAD ./Drivers/STM32F4xx_HAL_Driver/Src/stm32f4xx_hal_gpio.o
LOAD ./Drivers/STM32F4xx_HAL_Driver/Src/stm32f4xx_hal_i2c.o
LOAD ./Drivers/STM32F4xx_HAL_Driver/Src/stm32f4xx_hal_i2c_ex.o
LOAD ./Drivers/STM32F4xx_HAL_Driver/Src/stm32f4xx_hal_pcd.o
LOAD ./Drivers/STM32F4xx_HAL_Driver/Src/stm32f4xx_hal_pcd_ex.o
LOAD ./Drivers/STM32F4xx_HAL_Driver/Src/stm32f4xx_hal_pwr.o
LOAD ./Drivers/STM32F4xx_HAL_Driver/Src/stm32f4xx_hal_pwr_ex.o
LOAD ./Drivers/STM32F4xx_HAL_Driver/Src/stm32f4xx_hal_rcc.o
LOAD ./Drivers/STM32F4xx_HAL_Driver/Src/stm32f4xx_hal_rcc_ex.o
LOAD ./Drivers/STM32F4xx_HAL_Driver/Src/stm32f4xx_hal_rtc.o
LOAD ./Drivers/STM32F4xx_HAL_Driver/Src/stm32f4xx_hal_rtc_ex.o
LOAD ./Drivers/STM32F4xx_HAL_Driver/Src/stm32f4xx_hal_tim.o
LOAD ./Drivers/STM32F4xx_HAL_Driver/Src/stm32f4xx_hal_tim_ex.o
LOAD ./Drivers/STM32F4xx_HAL_Driver/Src/stm32f4xx_hal_uart.o
LOAD ./Drivers/STM32F4xx_HAL_Driver/Src/stm32f4xx_ll_adc.o
LOAD ./Drivers/STM32F4xx_HAL_Driver/Src/stm32f4xx_ll_usb.o
LOAD ./Middlewares/Third_Party/FreeRTOS/Source/CMSIS_RTOS_V2/cmsis_os2.o
LOAD ./Middlewares/Third_Party/FreeRTOS/Source/croutine.o
LOAD ./Middlewares/Third_Party/FreeRTOS/Source/event_groups.o
LOAD ./Middlewares/Third_Party/FreeRTOS/Source/list.o
LOAD ./Middlewares/Third_Party/FreeRTOS/Source/queue.o
LOAD ./Middlewares/Third_Party/FreeRTOS/Source/stream_buffer.o
LOAD ./Middlewares/Third_Party/FreeRTOS/Source/tasks.o
LOAD ./Middlewares/Third_Party/FreeRTOS/Source/timers.o
LOAD ./Middlewares/Third_Party/FreeRTOS/Source/portable/GCC/ARM_CM4F/port.o
LOAD ./Middlewares/Third_Party/FreeRTOS/Source/portable/MemMang/heap_4.o
START GROUP
LOAD c:/st/stm32cubeide_1.12.0/stm32cubeide/plugins/com.st.stm32cube.ide.mcu.externaltools.gnu-tools-for-stm32.10.3-2021.10.win32_1.0.200.202301161003/tools/bin/../lib/gcc/arm-none-eabi/10.3.1/../../../../arm-none-eabi/lib/thumb/v7e-m+fp/hard\libc_nano.a
LOAD c:/st/stm32cubeide_1.12.0/stm32cubeide/plugins/com.st.stm32cube.ide.mcu.externaltools.gnu-tools-for-stm32.10.3-2021.10.win32_1.0.200.202301161003/tools/bin/../lib/gcc/arm-none-eabi/10.3.1/../../../../arm-none-eabi/lib/thumb/v7e-m+fp/hard\libm.a
END GROUP
START GROUP
LOAD c:/st/stm32cubeide_1.12.0/stm32cubeide/plugins/com.st.stm32cube.ide.mcu.externaltools.gnu-tools-for-stm32.10.3-2021.10.win32_1.0.200.202301161003/tools/bin/../lib/gcc/arm-none-eabi/10.3.1/thumb/v7e-m+fp/hard\libgcc.a
LOAD c:/st/stm32cubeide_1.12.0/stm32cubeide/plugins/com.st.stm32cube.ide.mcu.externaltools.gnu-tools-for-stm32.10.3-2021.10.win32_1.0.200.202301161003/tools/bin/../lib/gcc/arm-none-eabi/10.3.1/../../../../arm-none-eabi/lib/thumb/v7e-m+fp/hard\libc_nano.a
END GROUP
START GROUP
LOAD c:/st/stm32cubeide_1.12.0/stm32cubeide/plugins/com.st.stm32cube.ide.mcu.externaltools.gnu-tools-for-stm32.10.3-2021.10.win32_1.0.200.202301161003/tools/bin/../lib/gcc/arm-none-eabi/10.3.1/thumb/v7e-m+fp/hard\libgcc.a
LOAD c:/st/stm32cubeide_1.12.0/stm32cubeide/plugins/com.st.stm32cube.ide.mcu.externaltools.gnu-tools-for-stm32.10.3-2021.10.win32_1.0.200.202301161003/tools/bin/../lib/gcc/arm-none-eabi/10.3.1/../../../../arm-none-eabi/lib/thumb/v7e-m+fp/hard\libc_nano.a
LOAD c:/st/stm32cubeide_1.12.0/stm32cubeide/plugins/com.st.stm32cube.ide.mcu.externaltools.gnu-tools-for-stm32.10.3-2021.10.win32_1.0.200.202301161003/tools/bin/../lib/gcc/arm-none-eabi/10.3.1/../../../../arm-none-eabi/lib/thumb/v7e-m+fp/hard\libnosys.a
END GROUP
START GROUP
LOAD c:/st/stm32cubeide_1.12.0/stm32cubeide/plugins/com.st.stm32cube.ide.mcu.externaltools.gnu-tools-for-stm32.10.3-2021.10.win32_1.0.200.202301161003/tools/bin/../lib/gcc/arm-none-eabi/10.3.1/thumb/v7e-m+fp/hard\libgcc.a
LOAD c:/st/stm32cubeide_1.12.0/stm32cubeide/plugins/com.st.stm32cube.ide.mcu.externaltools.gnu-tools-for-stm32.10.3-2021.10.win32_1.0.200.202301161003/tools/bin/../lib/gcc/arm-none-eabi/10.3.1/../../../../arm-none-eabi/lib/thumb/v7e-m+fp/hard\libc_nano.a
LOAD c:/st/stm32cubeide_1.12.0/stm32cubeide/plugins/com.st.stm32cube.ide.mcu.externaltools.gnu-tools-for-stm32.10.3-2021.10.win32_1.0.200.202301161003/tools/bin/../lib/gcc/arm-none-eabi/10.3.1/../../../../arm-none-eabi/lib/thumb/v7e-m+fp/hard\libnosys.a
END GROUP
LOAD c:/st/stm32cubeide_1.12.0/stm32cubeide/plugins/com.st.stm32cube.ide.mcu.externaltools.gnu-tools-for-stm32.10.3-2021.10.win32_1.0.200.202301161003/tools/bin/../lib/gcc/arm-none-eabi/10.3.1/thumb/v7e-m+fp/hard/crtend.o
LOAD c:/st/stm32cubeide_1.12.0/stm32cubeide/plugins/com.st.stm32cube.ide.mcu.externaltools.gnu-tools-for-stm32.10.3-2021.10.win32_1.0.200.202301161003/tools/bin/../lib/gcc/arm-none-eabi/10.3.1/thumb/v7e-m+fp/hard/crtn.o
                0x0000000020030000                _estack = (ORIGIN (RAM) + LENGTH (RAM))
                0x0000000000000200                _Min_Heap_Size = 0x200
                0x0000000000000400                _Min_Stack_Size = 0x400

.isr_vector     0x0000000008000000      0x1ac
                0x0000000008000000                . = ALIGN (0x4)
 *(.isr_vector)
 .isr_vector    0x0000000008000000      0x1ac ./Core/Startup/startup_stm32f429zitx.o
                0x0000000008000000                g_pfnVectors
                0x00000000080001ac                . = ALIGN (0x4)

.text           0x00000000080001b0     0xdb7c
                0x00000000080001b0                . = ALIGN (0x4)
 *(.text)
 .text          0x00000000080001b0       0x40 c:/st/stm32cubeide_1.12.0/stm32cubeide/plugins/com.st.stm32cube.ide.mcu.externaltools.gnu-tools-for-stm32.10.3-2021.10.win32_1.0.200.202301161003/tools/bin/../lib/gcc/arm-none-eabi/10.3.1/thumb/v7e-m+fp/hard/crtbegin.o
 .text          0x00000000080001f0       0xa0 c:/st/stm32cubeide_1.12.0/stm32cubeide/plugins/com.st.stm32cube.ide.mcu.externaltools.gnu-tools-for-stm32.10.3-2021.10.win32_1.0.200.202301161003/tools/bin/../lib/gcc/arm-none-eabi/10.3.1/../../../../arm-none-eabi/lib/thumb/v7e-m+fp/hard\libc_nano.a(lib_a-memchr.o)
                0x00000000080001f0                memchr
 .text          0x0000000008000290       0x30 c:/st/stm32cubeide_1.12.0/stm32cubeide/plugins/com.st.stm32cube.ide.mcu.externaltools.gnu-tools-for-stm32.10.3-2021.10.win32_1.0.200.202301161003/tools/bin/../lib/gcc/arm-none-eabi/10.3.1/thumb/v7e-m+fp/hard\libgcc.a(_aeabi_uldivmod.o)
                0x0000000008000290                __aeabi_uldivmod
 .text          0x00000000080002c0      0x2d0 c:/st/stm32cubeide_1.12.0/stm32cubeide/plugins/com.st.stm32cube.ide.mcu.externaltools.gnu-tools-for-stm32.10.3-2021.10.win32_1.0.200.202301161003/tools/bin/../lib/gcc/arm-none-eabi/10.3.1/thumb/v7e-m+fp/hard\libgcc.a(_udivmoddi4.o)
                0x00000000080002c0                __udivmoddi4
 .text          0x0000000008000590        0x4 c:/st/stm32cubeide_1.12.0/stm32cubeide/plugins/com.st.stm32cube.ide.mcu.externaltools.gnu-tools-for-stm32.10.3-2021.10.win32_1.0.200.202301161003/tools/bin/../lib/gcc/arm-none-eabi/10.3.1/thumb/v7e-m+fp/hard\libgcc.a(_dvmd_tls.o)
                0x0000000008000590                __aeabi_idiv0
                0x0000000008000590                __aeabi_ldiv0
 *(.text*)
 .text.get_button
                0x0000000008000594       0x70 ./Core/Src/button.o
                0x0000000008000594                get_button
 .text.init_dotmatrix
                0x0000000008000604       0xcc ./Core/Src/dotmatrix.o
                0x0000000008000604                init_dotmatrix
 .text.write_column_data
                0x00000000080006d0       0x68 ./Core/Src/dotmatrix.o
                0x00000000080006d0                write_column_data
 .text.write_row_data
                0x0000000008000738       0x74 ./Core/Src/dotmatrix.o
                0x0000000008000738                write_row_data
 .text.dotmatrix_main_test
                0x00000000080007ac      0x148 ./Core/Src/dotmatrix.o
                0x00000000080007ac                dotmatrix_main_test
 .text.lcd_command
                0x00000000080008f4       0x68 ./Core/Src/i2c_lcd.o
                0x00000000080008f4                lcd_command
 .text.lcd_data
                0x000000000800095c       0x68 ./Core/Src/i2c_lcd.o
                0x000000000800095c                lcd_data
 .text.i2c_lcd_init
                0x00000000080009c4       0x32 ./Core/Src/i2c_lcd.o
                0x00000000080009c4                i2c_lcd_init
 .text.lcd_string
                0x00000000080009f6       0x2a ./Core/Src/i2c_lcd.o
                0x00000000080009f6                lcd_string
 .text.move_cursor
                0x0000000008000a20       0x30 ./Core/Src/i2c_lcd.o
                0x0000000008000a20                move_cursor
 .text.dec2bin  0x0000000008000a50       0x48 ./Core/Src/internal_rtc.o
                0x0000000008000a50                dec2bin
 .text.set_rtc  0x0000000008000a98      0x144 ./Core/Src/internal_rtc.o
                0x0000000008000a98                set_rtc
 .text.flower_on
                0x0000000008000bdc       0x60 ./Core/Src/led.o
                0x0000000008000bdc                flower_on
 .text.flower_off
                0x0000000008000c3c       0x60 ./Core/Src/led.o
                0x0000000008000c3c                flower_off
 .text.led_keepon_up
                0x0000000008000c9c       0x40 ./Core/Src/led.o
                0x0000000008000c9c                led_keepon_up
 .text.led_keepon_down
                0x0000000008000cdc       0x40 ./Core/Src/led.o
                0x0000000008000cdc                led_keepon_down
 .text.led_on_up
                0x0000000008000d1c       0x60 ./Core/Src/led.o
                0x0000000008000d1c                led_on_up
 .text.led_on_down
                0x0000000008000d7c       0x60 ./Core/Src/led.o
                0x0000000008000d7c                led_on_down
 .text.led_all_on
                0x0000000008000ddc       0x18 ./Core/Src/led.o
                0x0000000008000ddc                led_all_on
 .text.led_all_off
                0x0000000008000df4       0x18 ./Core/Src/led.o
                0x0000000008000df4                led_all_off
 .text.__io_putchar
                0x0000000008000e0c       0x24 ./Core/Src/main.o
                0x0000000008000e0c                __io_putchar
 .text.HAL_ADC_ConvCpltCallback
                0x0000000008000e30       0x3c ./Core/Src/main.o
                0x0000000008000e30                HAL_ADC_ConvCpltCallback
 .text.delay_us
                0x0000000008000e6c       0x30 ./Core/Src/main.o
                0x0000000008000e6c                delay_us
 .text.HAL_GPIO_EXTI_Callback
                0x0000000008000e9c       0x60 ./Core/Src/main.o
                0x0000000008000e9c                HAL_GPIO_EXTI_Callback
 .text.main     0x0000000008000efc      0x170 ./Core/Src/main.o
                0x0000000008000efc                main
 .text.SystemClock_Config
                0x000000000800106c       0xd8 ./Core/Src/main.o
                0x000000000800106c                SystemClock_Config
 .text.MX_ADC1_Init
                0x0000000008001144       0xa4 ./Core/Src/main.o
 .text.MX_ETH_Init
                0x00000000080011e8       0x9c ./Core/Src/main.o
 .text.MX_I2C1_Init
                0x0000000008001284       0x80 ./Core/Src/main.o
 .text.MX_RTC_Init
                0x0000000008001304       0xb4 ./Core/Src/main.o
 .text.MX_TIM2_Init
                0x00000000080013b8       0xb4 ./Core/Src/main.o
 .text.MX_TIM3_Init
                0x000000000800146c       0xa8 ./Core/Src/main.o
 .text.MX_TIM4_Init
                0x0000000008001514       0x9c ./Core/Src/main.o
 .text.MX_TIM5_Init
                0x00000000080015b0       0xec ./Core/Src/main.o
 .text.MX_TIM10_Init
                0x000000000800169c       0x48 ./Core/Src/main.o
 .text.MX_TIM11_Init
                0x00000000080016e4       0x48 ./Core/Src/main.o
 .text.MX_USART3_UART_Init
                0x000000000800172c       0x54 ./Core/Src/main.o
 .text.MX_USART6_UART_Init
                0x0000000008001780       0x54 ./Core/Src/main.o
 .text.MX_USB_OTG_FS_PCD_Init
                0x00000000080017d4       0x5c ./Core/Src/main.o
 .text.MX_GPIO_Init
                0x0000000008001830      0x290 ./Core/Src/main.o
 .text.StartDefaultTask
                0x0000000008001ac0       0x10 ./Core/Src/main.o
                0x0000000008001ac0                StartDefaultTask
 .text.Task1_func
                0x0000000008001ad0       0x14 ./Core/Src/main.o
                0x0000000008001ad0                Task1_func
 .text.Task2_func
                0x0000000008001ae4       0x14 ./Core/Src/main.o
                0x0000000008001ae4                Task2_func
 .text.Task3_func
                0x0000000008001af8       0x18 ./Core/Src/main.o
                0x0000000008001af8                Task3_func
 .text.HAL_TIM_PeriodElapsedCallback
                0x0000000008001b10       0x4c ./Core/Src/main.o
                0x0000000008001b10                HAL_TIM_PeriodElapsedCallback
 .text.Error_Handler
                0x0000000008001b5c        0xa ./Core/Src/main.o
                0x0000000008001b5c                Error_Handler
 .text.set_rpm  0x0000000008001b66       0x20 ./Core/Src/stepmotor.o
                0x0000000008001b66                set_rpm
 *fill*         0x0000000008001b86        0x2 
 .text.stepmotor_main_test
                0x0000000008001b88       0xe0 ./Core/Src/stepmotor.o
                0x0000000008001b88                stepmotor_main_test
 .text.stepmotor_drive
                0x0000000008001c68      0x220 ./Core/Src/stepmotor.o
                0x0000000008001c68                stepmotor_drive
 .text.HAL_MspInit
                0x0000000008001e88       0x58 ./Core/Src/stm32f4xx_hal_msp.o
                0x0000000008001e88                HAL_MspInit
 .text.HAL_ADC_MspInit
                0x0000000008001ee0       0x98 ./Core/Src/stm32f4xx_hal_msp.o
                0x0000000008001ee0                HAL_ADC_MspInit
 .text.HAL_ETH_MspInit
                0x0000000008001f78      0x18c ./Core/Src/stm32f4xx_hal_msp.o
                0x0000000008001f78                HAL_ETH_MspInit
 .text.HAL_I2C_MspInit
                0x0000000008002104       0x90 ./Core/Src/stm32f4xx_hal_msp.o
                0x0000000008002104                HAL_I2C_MspInit
 .text.HAL_RTC_MspInit
                0x0000000008002194       0x54 ./Core/Src/stm32f4xx_hal_msp.o
                0x0000000008002194                HAL_RTC_MspInit
 .text.HAL_TIM_PWM_MspInit
                0x00000000080021e8       0x4c ./Core/Src/stm32f4xx_hal_msp.o
                0x00000000080021e8                HAL_TIM_PWM_MspInit
 .text.HAL_TIM_IC_MspInit
                0x0000000008002234       0xa0 ./Core/Src/stm32f4xx_hal_msp.o
                0x0000000008002234                HAL_TIM_IC_MspInit
 .text.HAL_TIM_Base_MspInit
                0x00000000080022d4      0x104 ./Core/Src/stm32f4xx_hal_msp.o
                0x00000000080022d4                HAL_TIM_Base_MspInit
 .text.HAL_TIM_MspPostInit
                0x00000000080023d8       0xbc ./Core/Src/stm32f4xx_hal_msp.o
                0x00000000080023d8                HAL_TIM_MspPostInit
 .text.HAL_UART_MspInit
                0x0000000008002494      0x11c ./Core/Src/stm32f4xx_hal_msp.o
                0x0000000008002494                HAL_UART_MspInit
 .text.HAL_PCD_MspInit
                0x00000000080025b0       0xb4 ./Core/Src/stm32f4xx_hal_msp.o
                0x00000000080025b0                HAL_PCD_MspInit
 .text.HAL_InitTick
                0x0000000008002664       0xf8 ./Core/Src/stm32f4xx_hal_timebase_tim.o
                0x0000000008002664                HAL_InitTick
 .text.NMI_Handler
                0x000000000800275c        0x6 ./Core/Src/stm32f4xx_it.o
                0x000000000800275c                NMI_Handler
 .text.HardFault_Handler
                0x0000000008002762        0x6 ./Core/Src/stm32f4xx_it.o
                0x0000000008002762                HardFault_Handler
 .text.MemManage_Handler
                0x0000000008002768        0x6 ./Core/Src/stm32f4xx_it.o
                0x0000000008002768                MemManage_Handler
 .text.BusFault_Handler
                0x000000000800276e        0x6 ./Core/Src/stm32f4xx_it.o
                0x000000000800276e                BusFault_Handler
 .text.UsageFault_Handler
                0x0000000008002774        0x6 ./Core/Src/stm32f4xx_it.o
                0x0000000008002774                UsageFault_Handler
 .text.DebugMon_Handler
                0x000000000800277a        0xe ./Core/Src/stm32f4xx_it.o
                0x000000000800277a                DebugMon_Handler
 .text.EXTI0_IRQHandler
                0x0000000008002788        0xe ./Core/Src/stm32f4xx_it.o
                0x0000000008002788                EXTI0_IRQHandler
 .text.EXTI2_IRQHandler
                0x0000000008002796        0xe ./Core/Src/stm32f4xx_it.o
                0x0000000008002796                EXTI2_IRQHandler
 .text.EXTI3_IRQHandler
                0x00000000080027a4        0xe ./Core/Src/stm32f4xx_it.o
                0x00000000080027a4                EXTI3_IRQHandler
 *fill*         0x00000000080027b2        0x2 
 .text.ADC_IRQHandler
                0x00000000080027b4       0x14 ./Core/Src/stm32f4xx_it.o
                0x00000000080027b4                ADC_IRQHandler
 .text.TIM1_UP_TIM10_IRQHandler
                0x00000000080027c8       0x14 ./Core/Src/stm32f4xx_it.o
                0x00000000080027c8                TIM1_UP_TIM10_IRQHandler
 .text.TIM1_TRG_COM_TIM11_IRQHandler
                0x00000000080027dc       0x14 ./Core/Src/stm32f4xx_it.o
                0x00000000080027dc                TIM1_TRG_COM_TIM11_IRQHandler
 .text.TIM2_IRQHandler
                0x00000000080027f0       0x14 ./Core/Src/stm32f4xx_it.o
                0x00000000080027f0                TIM2_IRQHandler
 .text.TIM3_IRQHandler
                0x0000000008002804       0x14 ./Core/Src/stm32f4xx_it.o
                0x0000000008002804                TIM3_IRQHandler
 .text.TIM4_IRQHandler
                0x0000000008002818       0x14 ./Core/Src/stm32f4xx_it.o
                0x0000000008002818                TIM4_IRQHandler
 .text.USART3_IRQHandler
                0x000000000800282c       0x14 ./Core/Src/stm32f4xx_it.o
                0x000000000800282c                USART3_IRQHandler
 .text.TIM5_IRQHandler
                0x0000000008002840       0x14 ./Core/Src/stm32f4xx_it.o
                0x0000000008002840                TIM5_IRQHandler
 .text.TIM6_DAC_IRQHandler
                0x0000000008002854       0x14 ./Core/Src/stm32f4xx_it.o
                0x0000000008002854                TIM6_DAC_IRQHandler
 .text.USART6_IRQHandler
                0x0000000008002868       0x14 ./Core/Src/stm32f4xx_it.o
                0x0000000008002868                USART6_IRQHandler
 .text._read    0x000000000800287c       0x3a ./Core/Src/syscalls.o
                0x000000000800287c                _read
 .text._write   0x00000000080028b6       0x38 ./Core/Src/syscalls.o
                0x00000000080028b6                _write
 .text._close   0x00000000080028ee       0x18 ./Core/Src/syscalls.o
                0x00000000080028ee                _close
 .text._fstat   0x0000000008002906       0x20 ./Core/Src/syscalls.o
                0x0000000008002906                _fstat
 .text._isatty  0x0000000008002926       0x16 ./Core/Src/syscalls.o
                0x0000000008002926                _isatty
 .text._lseek   0x000000000800293c       0x1a ./Core/Src/syscalls.o
                0x000000000800293c                _lseek
 *fill*         0x0000000008002956        0x2 
 .text._sbrk    0x0000000008002958       0x6c ./Core/Src/sysmem.o
                0x0000000008002958                _sbrk
 .text.SystemInit
                0x00000000080029c4       0x24 ./Core/Src/system_stm32f4xx.o
                0x00000000080029c4                SystemInit
 .text.HAL_UART_RxCpltCallback
                0x00000000080029e8      0x104 ./Core/Src/uart.o
                0x00000000080029e8                HAL_UART_RxCpltCallback
 .text.pc_command_processing
                0x0000000008002aec      0x13c ./Core/Src/uart.o
                0x0000000008002aec                pc_command_processing
 .text.bt_command_processing
                0x0000000008002c28       0xf4 ./Core/Src/uart.o
                0x0000000008002c28                bt_command_processing
 .text.HAL_TIM_IC_CaptureCallback
                0x0000000008002d1c       0x6c ./Core/Src/ultrasonic.o
                0x0000000008002d1c                HAL_TIM_IC_CaptureCallback
 .text.Reset_Handler
                0x0000000008002d88       0x50 ./Core/Startup/startup_stm32f429zitx.o
                0x0000000008002d88                Reset_Handler
 .text.Default_Handler
                0x0000000008002dd8        0x2 ./Core/Startup/startup_stm32f429zitx.o
                0x0000000008002dd8                RTC_Alarm_IRQHandler
                0x0000000008002dd8                HASH_RNG_IRQHandler
                0x0000000008002dd8                TIM8_CC_IRQHandler
                0x0000000008002dd8                UART8_IRQHandler
                0x0000000008002dd8                SPI4_IRQHandler
                0x0000000008002dd8                TIM1_CC_IRQHandler
                0x0000000008002dd8                DMA2_Stream5_IRQHandler
                0x0000000008002dd8                DMA1_Stream5_IRQHandler
                0x0000000008002dd8                PVD_IRQHandler
                0x0000000008002dd8                SDIO_IRQHandler
                0x0000000008002dd8                TAMP_STAMP_IRQHandler
                0x0000000008002dd8                CAN2_RX1_IRQHandler
                0x0000000008002dd8                TIM8_TRG_COM_TIM14_IRQHandler
                0x0000000008002dd8                TIM8_UP_TIM13_IRQHandler
                0x0000000008002dd8                I2C3_ER_IRQHandler
                0x0000000008002dd8                I2C2_EV_IRQHandler
                0x0000000008002dd8                DMA1_Stream2_IRQHandler
                0x0000000008002dd8                CAN1_RX0_IRQHandler
                0x0000000008002dd8                FPU_IRQHandler
                0x0000000008002dd8                OTG_HS_WKUP_IRQHandler
                0x0000000008002dd8                LTDC_ER_IRQHandler
                0x0000000008002dd8                CAN2_SCE_IRQHandler
                0x0000000008002dd8                DMA2_Stream2_IRQHandler
                0x0000000008002dd8                SPI1_IRQHandler
                0x0000000008002dd8                TIM1_BRK_TIM9_IRQHandler
                0x0000000008002dd8                DCMI_IRQHandler
                0x0000000008002dd8                CAN2_RX0_IRQHandler
                0x0000000008002dd8                DMA2_Stream3_IRQHandler
                0x0000000008002dd8                CAN1_RX1_IRQHandler
                0x0000000008002dd8                UART5_IRQHandler
                0x0000000008002dd8                DMA2_Stream0_IRQHandler
                0x0000000008002dd8                I2C1_EV_IRQHandler
                0x0000000008002dd8                DMA1_Stream6_IRQHandler
                0x0000000008002dd8                DMA1_Stream1_IRQHandler
                0x0000000008002dd8                UART4_IRQHandler
                0x0000000008002dd8                RCC_IRQHandler
                0x0000000008002dd8                TIM8_BRK_TIM12_IRQHandler
                0x0000000008002dd8                Default_Handler
                0x0000000008002dd8                EXTI15_10_IRQHandler
                0x0000000008002dd8                DMA1_Stream7_IRQHandler
                0x0000000008002dd8                SPI5_IRQHandler
                0x0000000008002dd8                TIM7_IRQHandler
                0x0000000008002dd8                CAN2_TX_IRQHandler
                0x0000000008002dd8                DMA2_Stream7_IRQHandler
                0x0000000008002dd8                I2C3_EV_IRQHandler
                0x0000000008002dd8                EXTI9_5_IRQHandler
                0x0000000008002dd8                RTC_WKUP_IRQHandler
                0x0000000008002dd8                LTDC_IRQHandler
                0x0000000008002dd8                ETH_WKUP_IRQHandler
                0x0000000008002dd8                SPI2_IRQHandler
                0x0000000008002dd8                OTG_HS_EP1_IN_IRQHandler
                0x0000000008002dd8                DMA1_Stream0_IRQHandler
                0x0000000008002dd8                CAN1_TX_IRQHandler
                0x0000000008002dd8                EXTI4_IRQHandler
                0x0000000008002dd8                ETH_IRQHandler
                0x0000000008002dd8                OTG_HS_EP1_OUT_IRQHandler
                0x0000000008002dd8                WWDG_IRQHandler
                0x0000000008002dd8                SPI6_IRQHandler
                0x0000000008002dd8                OTG_FS_WKUP_IRQHandler
                0x0000000008002dd8                OTG_HS_IRQHandler
                0x0000000008002dd8                DMA2D_IRQHandler
                0x0000000008002dd8                EXTI1_IRQHandler
                0x0000000008002dd8                UART7_IRQHandler
                0x0000000008002dd8                USART2_IRQHandler
                0x0000000008002dd8                I2C2_ER_IRQHandler
                0x0000000008002dd8                DMA2_Stream1_IRQHandler
                0x0000000008002dd8                CAN1_SCE_IRQHandler
                0x0000000008002dd8                FLASH_IRQHandler
                0x0000000008002dd8                DMA2_Stream4_IRQHandler
                0x0000000008002dd8                USART1_IRQHandler
                0x0000000008002dd8                OTG_FS_IRQHandler
                0x0000000008002dd8                SPI3_IRQHandler
                0x0000000008002dd8                DMA1_Stream4_IRQHandler
                0x0000000008002dd8                I2C1_ER_IRQHandler
                0x0000000008002dd8                FMC_IRQHandler
                0x0000000008002dd8                DMA2_Stream6_IRQHandler
                0x0000000008002dd8                SAI1_IRQHandler
                0x0000000008002dd8                DMA1_Stream3_IRQHandler
 *fill*         0x0000000008002dda        0x2 
 .text.HAL_Init
                0x0000000008002ddc       0x44 ./Drivers/STM32F4xx_HAL_Driver/Src/stm32f4xx_hal.o
                0x0000000008002ddc                HAL_Init
 .text.HAL_IncTick
                0x0000000008002e20       0x28 ./Drivers/STM32F4xx_HAL_Driver/Src/stm32f4xx_hal.o
                0x0000000008002e20                HAL_IncTick
 .text.HAL_GetTick
                0x0000000008002e48       0x18 ./Drivers/STM32F4xx_HAL_Driver/Src/stm32f4xx_hal.o
                0x0000000008002e48                HAL_GetTick
 .text.HAL_Delay
                0x0000000008002e60       0x48 ./Drivers/STM32F4xx_HAL_Driver/Src/stm32f4xx_hal.o
                0x0000000008002e60                HAL_Delay
 .text.HAL_ADC_Init
                0x0000000008002ea8       0x86 ./Drivers/STM32F4xx_HAL_Driver/Src/stm32f4xx_hal_adc.o
                0x0000000008002ea8                HAL_ADC_Init
 *fill*         0x0000000008002f2e        0x2 
 .text.HAL_ADC_Start_IT
                0x0000000008002f30      0x1bc ./Drivers/STM32F4xx_HAL_Driver/Src/stm32f4xx_hal_adc.o
                0x0000000008002f30                HAL_ADC_Start_IT
 .text.HAL_ADC_IRQHandler
                0x00000000080030ec      0x220 ./Drivers/STM32F4xx_HAL_Driver/Src/stm32f4xx_hal_adc.o
                0x00000000080030ec                HAL_ADC_IRQHandler
 .text.HAL_ADC_GetValue
                0x000000000800330c       0x1a ./Drivers/STM32F4xx_HAL_Driver/Src/stm32f4xx_hal_adc.o
                0x000000000800330c                HAL_ADC_GetValue
 .text.HAL_ADC_LevelOutOfWindowCallback
                0x0000000008003326       0x14 ./Drivers/STM32F4xx_HAL_Driver/Src/stm32f4xx_hal_adc.o
                0x0000000008003326                HAL_ADC_LevelOutOfWindowCallback
 .text.HAL_ADC_ErrorCallback
                0x000000000800333a       0x14 ./Drivers/STM32F4xx_HAL_Driver/Src/stm32f4xx_hal_adc.o
                0x000000000800333a                HAL_ADC_ErrorCallback
 *fill*         0x000000000800334e        0x2 
 .text.HAL_ADC_ConfigChannel
                0x0000000008003350      0x264 ./Drivers/STM32F4xx_HAL_Driver/Src/stm32f4xx_hal_adc.o
                0x0000000008003350                HAL_ADC_ConfigChannel
 .text.ADC_Init
                0x00000000080035b4      0x1f8 ./Drivers/STM32F4xx_HAL_Driver/Src/stm32f4xx_hal_adc.o
 .text.HAL_ADCEx_InjectedConvCpltCallback
                0x00000000080037ac       0x14 ./Drivers/STM32F4xx_HAL_Driver/Src/stm32f4xx_hal_adc_ex.o
                0x00000000080037ac                HAL_ADCEx_InjectedConvCpltCallback
 .text.__NVIC_SetPriorityGrouping
                0x00000000080037c0       0x48 ./Drivers/STM32F4xx_HAL_Driver/Src/stm32f4xx_hal_cortex.o
 .text.__NVIC_GetPriorityGrouping
                0x0000000008003808       0x1c ./Drivers/STM32F4xx_HAL_Driver/Src/stm32f4xx_hal_cortex.o
 .text.__NVIC_EnableIRQ
                0x0000000008003824       0x3c ./Drivers/STM32F4xx_HAL_Driver/Src/stm32f4xx_hal_cortex.o
 .text.__NVIC_SetPriority
                0x0000000008003860       0x54 ./Drivers/STM32F4xx_HAL_Driver/Src/stm32f4xx_hal_cortex.o
 .text.NVIC_EncodePriority
                0x00000000080038b4       0x66 ./Drivers/STM32F4xx_HAL_Driver/Src/stm32f4xx_hal_cortex.o
 .text.HAL_NVIC_SetPriorityGrouping
                0x000000000800391a       0x16 ./Drivers/STM32F4xx_HAL_Driver/Src/stm32f4xx_hal_cortex.o
                0x000000000800391a                HAL_NVIC_SetPriorityGrouping
 .text.HAL_NVIC_SetPriority
                0x0000000008003930       0x38 ./Drivers/STM32F4xx_HAL_Driver/Src/stm32f4xx_hal_cortex.o
                0x0000000008003930                HAL_NVIC_SetPriority
 .text.HAL_NVIC_EnableIRQ
                0x0000000008003968       0x1c ./Drivers/STM32F4xx_HAL_Driver/Src/stm32f4xx_hal_cortex.o
                0x0000000008003968                HAL_NVIC_EnableIRQ
 .text.HAL_DMA_Abort
                0x0000000008003984       0xe0 ./Drivers/STM32F4xx_HAL_Driver/Src/stm32f4xx_hal_dma.o
                0x0000000008003984                HAL_DMA_Abort
 .text.HAL_DMA_Abort_IT
                0x0000000008003a64       0x44 ./Drivers/STM32F4xx_HAL_Driver/Src/stm32f4xx_hal_dma.o
                0x0000000008003a64                HAL_DMA_Abort_IT
 .text.HAL_ETH_Init
                0x0000000008003aa8       0xfc ./Drivers/STM32F4xx_HAL_Driver/Src/stm32f4xx_hal_eth.o
                0x0000000008003aa8                HAL_ETH_Init
 .text.ETH_SetMACConfig
                0x0000000008003ba4      0x160 ./Drivers/STM32F4xx_HAL_Driver/Src/stm32f4xx_hal_eth.o
 .text.ETH_SetDMAConfig
                0x0000000008003d04      0x114 ./Drivers/STM32F4xx_HAL_Driver/Src/stm32f4xx_hal_eth.o
 .text.ETH_MACDMAConfig
                0x0000000008003e18       0xe4 ./Drivers/STM32F4xx_HAL_Driver/Src/stm32f4xx_hal_eth.o
 .text.ETH_MACAddressConfig
                0x0000000008003efc       0x70 ./Drivers/STM32F4xx_HAL_Driver/Src/stm32f4xx_hal_eth.o
 .text.ETH_DMATxDescListInit
                0x0000000008003f6c       0xb2 ./Drivers/STM32F4xx_HAL_Driver/Src/stm32f4xx_hal_eth.o
 .text.ETH_DMARxDescListInit
                0x000000000800401e       0xda ./Drivers/STM32F4xx_HAL_Driver/Src/stm32f4xx_hal_eth.o
 .text.HAL_GPIO_Init
                0x00000000080040f8      0x358 ./Drivers/STM32F4xx_HAL_Driver/Src/stm32f4xx_hal_gpio.o
                0x00000000080040f8                HAL_GPIO_Init
 .text.HAL_GPIO_ReadPin
                0x0000000008004450       0x30 ./Drivers/STM32F4xx_HAL_Driver/Src/stm32f4xx_hal_gpio.o
                0x0000000008004450                HAL_GPIO_ReadPin
 .text.HAL_GPIO_WritePin
                0x0000000008004480       0x32 ./Drivers/STM32F4xx_HAL_Driver/Src/stm32f4xx_hal_gpio.o
                0x0000000008004480                HAL_GPIO_WritePin
 .text.HAL_GPIO_TogglePin
                0x00000000080044b2       0x34 ./Drivers/STM32F4xx_HAL_Driver/Src/stm32f4xx_hal_gpio.o
                0x00000000080044b2                HAL_GPIO_TogglePin
 *fill*         0x00000000080044e6        0x2 
 .text.HAL_GPIO_EXTI_IRQHandler
                0x00000000080044e8       0x30 ./Drivers/STM32F4xx_HAL_Driver/Src/stm32f4xx_hal_gpio.o
                0x00000000080044e8                HAL_GPIO_EXTI_IRQHandler
 .text.HAL_I2C_Init
                0x0000000008004518      0x288 ./Drivers/STM32F4xx_HAL_Driver/Src/stm32f4xx_hal_i2c.o
                0x0000000008004518                HAL_I2C_Init
 .text.HAL_I2C_Master_Transmit
                0x00000000080047a0      0x1fc ./Drivers/STM32F4xx_HAL_Driver/Src/stm32f4xx_hal_i2c.o
                0x00000000080047a0                HAL_I2C_Master_Transmit
 .text.I2C_MasterRequestWrite
                0x000000000800499c      0x104 ./Drivers/STM32F4xx_HAL_Driver/Src/stm32f4xx_hal_i2c.o
 .text.I2C_WaitOnFlagUntilTimeout
                0x0000000008004aa0       0xae ./Drivers/STM32F4xx_HAL_Driver/Src/stm32f4xx_hal_i2c.o
 .text.I2C_WaitOnMasterAddressFlagUntilTimeout
                0x0000000008004b4e       0xfe ./Drivers/STM32F4xx_HAL_Driver/Src/stm32f4xx_hal_i2c.o
 .text.I2C_WaitOnTXEFlagUntilTimeout
                0x0000000008004c4c       0x82 ./Drivers/STM32F4xx_HAL_Driver/Src/stm32f4xx_hal_i2c.o
 .text.I2C_WaitOnBTFFlagUntilTimeout
                0x0000000008004cce       0x82 ./Drivers/STM32F4xx_HAL_Driver/Src/stm32f4xx_hal_i2c.o
 .text.I2C_IsAcknowledgeFailed
                0x0000000008004d50       0x5e ./Drivers/STM32F4xx_HAL_Driver/Src/stm32f4xx_hal_i2c.o
 .text.HAL_I2CEx_ConfigAnalogFilter
                0x0000000008004dae       0x78 ./Drivers/STM32F4xx_HAL_Driver/Src/stm32f4xx_hal_i2c_ex.o
                0x0000000008004dae                HAL_I2CEx_ConfigAnalogFilter
 .text.HAL_I2CEx_ConfigDigitalFilter
                0x0000000008004e26       0x7e ./Drivers/STM32F4xx_HAL_Driver/Src/stm32f4xx_hal_i2c_ex.o
                0x0000000008004e26                HAL_I2CEx_ConfigDigitalFilter
 .text.HAL_PCD_Init
                0x0000000008004ea4      0x23a ./Drivers/STM32F4xx_HAL_Driver/Src/stm32f4xx_hal_pcd.o
                0x0000000008004ea4                HAL_PCD_Init
 *fill*         0x00000000080050de        0x2 
 .text.HAL_RCC_OscConfig
                0x00000000080050e0      0x4f0 ./Drivers/STM32F4xx_HAL_Driver/Src/stm32f4xx_hal_rcc.o
                0x00000000080050e0                HAL_RCC_OscConfig
 .text.HAL_RCC_ClockConfig
                0x00000000080055d0      0x1cc ./Drivers/STM32F4xx_HAL_Driver/Src/stm32f4xx_hal_rcc.o
                0x00000000080055d0                HAL_RCC_ClockConfig
 .text.HAL_RCC_GetSysClockFreq
                0x000000000800579c      0x20c ./Drivers/STM32F4xx_HAL_Driver/Src/stm32f4xx_hal_rcc.o
                0x000000000800579c                HAL_RCC_GetSysClockFreq
 .text.HAL_RCC_GetHCLKFreq
                0x00000000080059a8       0x18 ./Drivers/STM32F4xx_HAL_Driver/Src/stm32f4xx_hal_rcc.o
                0x00000000080059a8                HAL_RCC_GetHCLKFreq
 .text.HAL_RCC_GetPCLK1Freq
                0x00000000080059c0       0x28 ./Drivers/STM32F4xx_HAL_Driver/Src/stm32f4xx_hal_rcc.o
                0x00000000080059c0                HAL_RCC_GetPCLK1Freq
 .text.HAL_RCC_GetPCLK2Freq
                0x00000000080059e8       0x28 ./Drivers/STM32F4xx_HAL_Driver/Src/stm32f4xx_hal_rcc.o
                0x00000000080059e8                HAL_RCC_GetPCLK2Freq
 .text.HAL_RCC_GetClockConfig
                0x0000000008005a10       0x64 ./Drivers/STM32F4xx_HAL_Driver/Src/stm32f4xx_hal_rcc.o
                0x0000000008005a10                HAL_RCC_GetClockConfig
 .text.HAL_RCCEx_PeriphCLKConfig
                0x0000000008005a74      0x380 ./Drivers/STM32F4xx_HAL_Driver/Src/stm32f4xx_hal_rcc_ex.o
                0x0000000008005a74                HAL_RCCEx_PeriphCLKConfig
 .text.HAL_RTC_Init
                0x0000000008005df4       0xec ./Drivers/STM32F4xx_HAL_Driver/Src/stm32f4xx_hal_rtc.o
                0x0000000008005df4                HAL_RTC_Init
 .text.HAL_RTC_SetTime
                0x0000000008005ee0      0x134 ./Drivers/STM32F4xx_HAL_Driver/Src/stm32f4xx_hal_rtc.o
                0x0000000008005ee0                HAL_RTC_SetTime
 .text.HAL_RTC_SetDate
                0x0000000008006014      0x108 ./Drivers/STM32F4xx_HAL_Driver/Src/stm32f4xx_hal_rtc.o
                0x0000000008006014                HAL_RTC_SetDate
 .text.HAL_RTC_WaitForSynchro
                0x000000000800611c       0x50 ./Drivers/STM32F4xx_HAL_Driver/Src/stm32f4xx_hal_rtc.o
                0x000000000800611c                HAL_RTC_WaitForSynchro
 .text.RTC_EnterInitMode
                0x000000000800616c       0x6e ./Drivers/STM32F4xx_HAL_Driver/Src/stm32f4xx_hal_rtc.o
                0x000000000800616c                RTC_EnterInitMode
 .text.RTC_ExitInitMode
                0x00000000080061da       0x4a ./Drivers/STM32F4xx_HAL_Driver/Src/stm32f4xx_hal_rtc.o
                0x00000000080061da                RTC_ExitInitMode
 .text.RTC_ByteToBcd2
                0x0000000008006224       0x3a ./Drivers/STM32F4xx_HAL_Driver/Src/stm32f4xx_hal_rtc.o
                0x0000000008006224                RTC_ByteToBcd2
 .text.HAL_TIM_Base_Init
                0x000000000800625e       0x9e ./Drivers/STM32F4xx_HAL_Driver/Src/stm32f4xx_hal_tim.o
                0x000000000800625e                HAL_TIM_Base_Init
 .text.HAL_TIM_Base_Start_IT
                0x00000000080062fc       0xe0 ./Drivers/STM32F4xx_HAL_Driver/Src/stm32f4xx_hal_tim.o
                0x00000000080062fc                HAL_TIM_Base_Start_IT
 .text.HAL_TIM_PWM_Init
                0x00000000080063dc       0x9e ./Drivers/STM32F4xx_HAL_Driver/Src/stm32f4xx_hal_tim.o
                0x00000000080063dc                HAL_TIM_PWM_Init
 *fill*         0x000000000800647a        0x2 
 .text.HAL_TIM_PWM_Start
                0x000000000800647c      0x190 ./Drivers/STM32F4xx_HAL_Driver/Src/stm32f4xx_hal_tim.o
                0x000000000800647c                HAL_TIM_PWM_Start
 .text.HAL_TIM_PWM_Start_IT
                0x000000000800660c      0x22c ./Drivers/STM32F4xx_HAL_Driver/Src/stm32f4xx_hal_tim.o
                0x000000000800660c                HAL_TIM_PWM_Start_IT
 .text.HAL_TIM_IC_Init
                0x0000000008006838       0x9e ./Drivers/STM32F4xx_HAL_Driver/Src/stm32f4xx_hal_tim.o
                0x0000000008006838                HAL_TIM_IC_Init
 *fill*         0x00000000080068d6        0x2 
 .text.HAL_TIM_IC_Start_IT
                0x00000000080068d8      0x250 ./Drivers/STM32F4xx_HAL_Driver/Src/stm32f4xx_hal_tim.o
                0x00000000080068d8                HAL_TIM_IC_Start_IT
 .text.HAL_TIM_IRQHandler
                0x0000000008006b28      0x210 ./Drivers/STM32F4xx_HAL_Driver/Src/stm32f4xx_hal_tim.o
                0x0000000008006b28                HAL_TIM_IRQHandler
 .text.HAL_TIM_IC_ConfigChannel
                0x0000000008006d38      0x138 ./Drivers/STM32F4xx_HAL_Driver/Src/stm32f4xx_hal_tim.o
                0x0000000008006d38                HAL_TIM_IC_ConfigChannel
 .text.HAL_TIM_PWM_ConfigChannel
                0x0000000008006e70      0x184 ./Drivers/STM32F4xx_HAL_Driver/Src/stm32f4xx_hal_tim.o
                0x0000000008006e70                HAL_TIM_PWM_ConfigChannel
 .text.HAL_TIM_ConfigClockSource
                0x0000000008006ff4      0x18e ./Drivers/STM32F4xx_HAL_Driver/Src/stm32f4xx_hal_tim.o
                0x0000000008006ff4                HAL_TIM_ConfigClockSource
 *fill*         0x0000000008007182        0x2 
 .text.HAL_TIM_ReadCapturedValue
                0x0000000008007184       0x88 ./Drivers/STM32F4xx_HAL_Driver/Src/stm32f4xx_hal_tim.o
                0x0000000008007184                HAL_TIM_ReadCapturedValue
 .text.HAL_TIM_OC_DelayElapsedCallback
                0x000000000800720c       0x14 ./Drivers/STM32F4xx_HAL_Driver/Src/stm32f4xx_hal_tim.o
                0x000000000800720c                HAL_TIM_OC_DelayElapsedCallback
 .text.HAL_TIM_PWM_PulseFinishedCallback
                0x0000000008007220       0x14 ./Drivers/STM32F4xx_HAL_Driver/Src/stm32f4xx_hal_tim.o
                0x0000000008007220                HAL_TIM_PWM_PulseFinishedCallback
 .text.HAL_TIM_TriggerCallback
                0x0000000008007234       0x14 ./Drivers/STM32F4xx_HAL_Driver/Src/stm32f4xx_hal_tim.o
                0x0000000008007234                HAL_TIM_TriggerCallback
 .text.TIM_Base_SetConfig
                0x0000000008007248      0x140 ./Drivers/STM32F4xx_HAL_Driver/Src/stm32f4xx_hal_tim.o
                0x0000000008007248                TIM_Base_SetConfig
 .text.TIM_OC1_SetConfig
                0x0000000008007388       0xe0 ./Drivers/STM32F4xx_HAL_Driver/Src/stm32f4xx_hal_tim.o
 .text.TIM_OC2_SetConfig
                0x0000000008007468       0xec ./Drivers/STM32F4xx_HAL_Driver/Src/stm32f4xx_hal_tim.o
                0x0000000008007468                TIM_OC2_SetConfig
 .text.TIM_OC3_SetConfig
                0x0000000008007554       0xe8 ./Drivers/STM32F4xx_HAL_Driver/Src/stm32f4xx_hal_tim.o
 .text.TIM_OC4_SetConfig
                0x000000000800763c       0xac ./Drivers/STM32F4xx_HAL_Driver/Src/stm32f4xx_hal_tim.o
 .text.TIM_TI1_SetConfig
                0x00000000080076e8       0xe8 ./Drivers/STM32F4xx_HAL_Driver/Src/stm32f4xx_hal_tim.o
                0x00000000080076e8                TIM_TI1_SetConfig
 .text.TIM_TI1_ConfigInputStage
                0x00000000080077d0       0x5e ./Drivers/STM32F4xx_HAL_Driver/Src/stm32f4xx_hal_tim.o
 .text.TIM_TI2_SetConfig
                0x000000000800782e       0x7a ./Drivers/STM32F4xx_HAL_Driver/Src/stm32f4xx_hal_tim.o
 .text.TIM_TI2_ConfigInputStage
                0x00000000080078a8       0x60 ./Drivers/STM32F4xx_HAL_Driver/Src/stm32f4xx_hal_tim.o
 .text.TIM_TI3_SetConfig
                0x0000000008007908       0x78 ./Drivers/STM32F4xx_HAL_Driver/Src/stm32f4xx_hal_tim.o
 .text.TIM_TI4_SetConfig
                0x0000000008007980       0x7a ./Drivers/STM32F4xx_HAL_Driver/Src/stm32f4xx_hal_tim.o
 .text.TIM_ITRx_SetConfig
                0x00000000080079fa       0x36 ./Drivers/STM32F4xx_HAL_Driver/Src/stm32f4xx_hal_tim.o
 .text.TIM_ETR_SetConfig
                0x0000000008007a30       0x40 ./Drivers/STM32F4xx_HAL_Driver/Src/stm32f4xx_hal_tim.o
                0x0000000008007a30                TIM_ETR_SetConfig
 .text.TIM_CCxChannelCmd
                0x0000000008007a70       0x4a ./Drivers/STM32F4xx_HAL_Driver/Src/stm32f4xx_hal_tim.o
                0x0000000008007a70                TIM_CCxChannelCmd
 *fill*         0x0000000008007aba        0x2 
 .text.HAL_TIMEx_MasterConfigSynchronization
                0x0000000008007abc       0xf8 ./Drivers/STM32F4xx_HAL_Driver/Src/stm32f4xx_hal_tim_ex.o
                0x0000000008007abc                HAL_TIMEx_MasterConfigSynchronization
 .text.HAL_TIMEx_CommutCallback
                0x0000000008007bb4       0x14 ./Drivers/STM32F4xx_HAL_Driver/Src/stm32f4xx_hal_tim_ex.o
                0x0000000008007bb4                HAL_TIMEx_CommutCallback
 .text.HAL_TIMEx_BreakCallback
                0x0000000008007bc8       0x14 ./Drivers/STM32F4xx_HAL_Driver/Src/stm32f4xx_hal_tim_ex.o
                0x0000000008007bc8                HAL_TIMEx_BreakCallback
 .text.HAL_UART_Init
                0x0000000008007bdc       0x9a ./Drivers/STM32F4xx_HAL_Driver/Src/stm32f4xx_hal_uart.o
                0x0000000008007bdc                HAL_UART_Init
 .text.HAL_UART_Transmit
                0x0000000008007c76      0x124 ./Drivers/STM32F4xx_HAL_Driver/Src/stm32f4xx_hal_uart.o
                0x0000000008007c76                HAL_UART_Transmit
 .text.HAL_UART_Receive_IT
                0x0000000008007d9a       0x60 ./Drivers/STM32F4xx_HAL_Driver/Src/stm32f4xx_hal_uart.o
                0x0000000008007d9a                HAL_UART_Receive_IT
 *fill*         0x0000000008007dfa        0x2 
 .text.HAL_UART_IRQHandler
                0x0000000008007dfc      0x51c ./Drivers/STM32F4xx_HAL_Driver/Src/stm32f4xx_hal_uart.o
                0x0000000008007dfc                HAL_UART_IRQHandler
 .text.HAL_UART_TxCpltCallback
                0x0000000008008318       0x14 ./Drivers/STM32F4xx_HAL_Driver/Src/stm32f4xx_hal_uart.o
                0x0000000008008318                HAL_UART_TxCpltCallback
 .text.HAL_UART_ErrorCallback
                0x000000000800832c       0x14 ./Drivers/STM32F4xx_HAL_Driver/Src/stm32f4xx_hal_uart.o
                0x000000000800832c                HAL_UART_ErrorCallback
 .text.HAL_UARTEx_RxEventCallback
                0x0000000008008340       0x18 ./Drivers/STM32F4xx_HAL_Driver/Src/stm32f4xx_hal_uart.o
                0x0000000008008340                HAL_UARTEx_RxEventCallback
 .text.UART_WaitOnFlagUntilTimeout
                0x0000000008008358       0xdc ./Drivers/STM32F4xx_HAL_Driver/Src/stm32f4xx_hal_uart.o
 .text.UART_Start_Receive_IT
                0x0000000008008434       0x7c ./Drivers/STM32F4xx_HAL_Driver/Src/stm32f4xx_hal_uart.o
                0x0000000008008434                UART_Start_Receive_IT
 .text.UART_EndRxTransfer
                0x00000000080084b0       0xc6 ./Drivers/STM32F4xx_HAL_Driver/Src/stm32f4xx_hal_uart.o
 .text.UART_DMAAbortOnError
                0x0000000008008576       0x28 ./Drivers/STM32F4xx_HAL_Driver/Src/stm32f4xx_hal_uart.o
 .text.UART_Transmit_IT
                0x000000000800859e       0xa0 ./Drivers/STM32F4xx_HAL_Driver/Src/stm32f4xx_hal_uart.o
 .text.UART_EndTransmit_IT
                0x000000000800863e       0x30 ./Drivers/STM32F4xx_HAL_Driver/Src/stm32f4xx_hal_uart.o
 .text.UART_Receive_IT
                0x000000000800866e      0x176 ./Drivers/STM32F4xx_HAL_Driver/Src/stm32f4xx_hal_uart.o
 .text.UART_SetConfig
                0x00000000080087e4      0x4e8 ./Drivers/STM32F4xx_HAL_Driver/Src/stm32f4xx_hal_uart.o
 .text.USB_CoreInit
                0x0000000008008ccc       0xc2 ./Drivers/STM32F4xx_HAL_Driver/Src/stm32f4xx_ll_usb.o
                0x0000000008008ccc                USB_CoreInit
 .text.USB_DisableGlobalInt
                0x0000000008008d8e       0x22 ./Drivers/STM32F4xx_HAL_Driver/Src/stm32f4xx_ll_usb.o
                0x0000000008008d8e                USB_DisableGlobalInt
 .text.USB_SetCurrentMode
                0x0000000008008db0       0x98 ./Drivers/STM32F4xx_HAL_Driver/Src/stm32f4xx_ll_usb.o
                0x0000000008008db0                USB_SetCurrentMode
 .text.USB_DevInit
                0x0000000008008e48      0x2c8 ./Drivers/STM32F4xx_HAL_Driver/Src/stm32f4xx_ll_usb.o
                0x0000000008008e48                USB_DevInit
 .text.USB_FlushTxFifo
                0x0000000008009110       0x68 ./Drivers/STM32F4xx_HAL_Driver/Src/stm32f4xx_ll_usb.o
                0x0000000008009110                USB_FlushTxFifo
 .text.USB_FlushRxFifo
                0x0000000008009178       0x60 ./Drivers/STM32F4xx_HAL_Driver/Src/stm32f4xx_ll_usb.o
                0x0000000008009178                USB_FlushRxFifo
 .text.USB_SetDevSpeed
                0x00000000080091d8       0x32 ./Drivers/STM32F4xx_HAL_Driver/Src/stm32f4xx_ll_usb.o
                0x00000000080091d8                USB_SetDevSpeed
 .text.USB_DevDisconnect
                0x000000000800920a       0x42 ./Drivers/STM32F4xx_HAL_Driver/Src/stm32f4xx_ll_usb.o
                0x000000000800920a                USB_DevDisconnect
 .text.USB_GetMode
                0x000000000800924c       0x1c ./Drivers/STM32F4xx_HAL_Driver/Src/stm32f4xx_ll_usb.o
                0x000000000800924c                USB_GetMode
 .text.USB_CoreReset
                0x0000000008009268       0x68 ./Drivers/STM32F4xx_HAL_Driver/Src/stm32f4xx_ll_usb.o
 .text.__NVIC_SetPriority
                0x00000000080092d0       0x54 ./Middlewares/Third_Party/FreeRTOS/Source/CMSIS_RTOS_V2/cmsis_os2.o
 .text.SysTick_Handler
                0x0000000008009324       0x20 ./Middlewares/Third_Party/FreeRTOS/Source/CMSIS_RTOS_V2/cmsis_os2.o
                0x0000000008009324                SysTick_Handler
 .text.SVC_Setup
                0x0000000008009344       0x12 ./Middlewares/Third_Party/FreeRTOS/Source/CMSIS_RTOS_V2/cmsis_os2.o
 *fill*         0x0000000008009356        0x2 
 .text.osKernelInitialize
                0x0000000008009358       0x48 ./Middlewares/Third_Party/FreeRTOS/Source/CMSIS_RTOS_V2/cmsis_os2.o
                0x0000000008009358                osKernelInitialize
 .text.osKernelStart
                0x00000000080093a0       0x4c ./Middlewares/Third_Party/FreeRTOS/Source/CMSIS_RTOS_V2/cmsis_os2.o
                0x00000000080093a0                osKernelStart
 .text.osThreadNew
                0x00000000080093ec      0x124 ./Middlewares/Third_Party/FreeRTOS/Source/CMSIS_RTOS_V2/cmsis_os2.o
                0x00000000080093ec                osThreadNew
 .text.osDelay  0x0000000008009510       0x36 ./Middlewares/Third_Party/FreeRTOS/Source/CMSIS_RTOS_V2/cmsis_os2.o
                0x0000000008009510                osDelay
 .text.osMutexNew
                0x0000000008009546      0x10c ./Middlewares/Third_Party/FreeRTOS/Source/CMSIS_RTOS_V2/cmsis_os2.o
                0x0000000008009546                osMutexNew
 .text.osMutexAcquire
                0x0000000008009652       0x96 ./Middlewares/Third_Party/FreeRTOS/Source/CMSIS_RTOS_V2/cmsis_os2.o
                0x0000000008009652                osMutexAcquire
 .text.osMutexRelease
                0x00000000080096e8       0x7a ./Middlewares/Third_Party/FreeRTOS/Source/CMSIS_RTOS_V2/cmsis_os2.o
                0x00000000080096e8                osMutexRelease
 *fill*         0x0000000008009762        0x2 
 .text.vApplicationGetIdleTaskMemory
                0x0000000008009764       0x34 ./Middlewares/Third_Party/FreeRTOS/Source/CMSIS_RTOS_V2/cmsis_os2.o
                0x0000000008009764                vApplicationGetIdleTaskMemory
 .text.vApplicationGetTimerTaskMemory
                0x0000000008009798       0x34 ./Middlewares/Third_Party/FreeRTOS/Source/CMSIS_RTOS_V2/cmsis_os2.o
                0x0000000008009798                vApplicationGetTimerTaskMemory
 .text.vListInitialise
                0x00000000080097cc       0x40 ./Middlewares/Third_Party/FreeRTOS/Source/list.o
                0x00000000080097cc                vListInitialise
 .text.vListInitialiseItem
                0x000000000800980c       0x1a ./Middlewares/Third_Party/FreeRTOS/Source/list.o
                0x000000000800980c                vListInitialiseItem
 .text.vListInsertEnd
                0x0000000008009826       0x48 ./Middlewares/Third_Party/FreeRTOS/Source/list.o
                0x0000000008009826                vListInsertEnd
 .text.vListInsert
                0x000000000800986e       0x72 ./Middlewares/Third_Party/FreeRTOS/Source/list.o
                0x000000000800986e                vListInsert
 .text.uxListRemove
                0x00000000080098e0       0x54 ./Middlewares/Third_Party/FreeRTOS/Source/list.o
                0x00000000080098e0                uxListRemove
 .text.xQueueGenericReset
                0x0000000008009934       0xd0 ./Middlewares/Third_Party/FreeRTOS/Source/queue.o
                0x0000000008009934                xQueueGenericReset
 .text.xQueueGenericCreateStatic
                0x0000000008009a04       0xf0 ./Middlewares/Third_Party/FreeRTOS/Source/queue.o
                0x0000000008009a04                xQueueGenericCreateStatic
 .text.xQueueGenericCreate
                0x0000000008009af4       0x74 ./Middlewares/Third_Party/FreeRTOS/Source/queue.o
                0x0000000008009af4                xQueueGenericCreate
 .text.prvInitialiseNewQueue
                0x0000000008009b68       0x46 ./Middlewares/Third_Party/FreeRTOS/Source/queue.o
 .text.prvInitialiseMutex
                0x0000000008009bae       0x34 ./Middlewares/Third_Party/FreeRTOS/Source/queue.o
 .text.xQueueCreateMutex
                0x0000000008009be2       0x30 ./Middlewares/Third_Party/FreeRTOS/Source/queue.o
                0x0000000008009be2                xQueueCreateMutex
 .text.xQueueCreateMutexStatic
                0x0000000008009c12       0x36 ./Middlewares/Third_Party/FreeRTOS/Source/queue.o
                0x0000000008009c12                xQueueCreateMutexStatic
 .text.xQueueGiveMutexRecursive
                0x0000000008009c48       0x68 ./Middlewares/Third_Party/FreeRTOS/Source/queue.o
                0x0000000008009c48                xQueueGiveMutexRecursive
 .text.xQueueTakeMutexRecursive
                0x0000000008009cb0       0x6c ./Middlewares/Third_Party/FreeRTOS/Source/queue.o
                0x0000000008009cb0                xQueueTakeMutexRecursive
 .text.xQueueGenericSend
                0x0000000008009d1c      0x1fc ./Middlewares/Third_Party/FreeRTOS/Source/queue.o
                0x0000000008009d1c                xQueueGenericSend
 .text.xQueueGenericSendFromISR
                0x0000000008009f18      0x136 ./Middlewares/Third_Party/FreeRTOS/Source/queue.o
                0x0000000008009f18                xQueueGenericSendFromISR
 *fill*         0x000000000800a04e        0x2 
 .text.xQueueReceive
                0x000000000800a050      0x1c0 ./Middlewares/Third_Party/FreeRTOS/Source/queue.o
                0x000000000800a050                xQueueReceive
 .text.xQueueSemaphoreTake
                0x000000000800a210      0x218 ./Middlewares/Third_Party/FreeRTOS/Source/queue.o
                0x000000000800a210                xQueueSemaphoreTake
 .text.prvGetDisinheritPriorityAfterTimeout
                0x000000000800a428       0x30 ./Middlewares/Third_Party/FreeRTOS/Source/queue.o
 .text.prvCopyDataToQueue
                0x000000000800a458       0xd4 ./Middlewares/Third_Party/FreeRTOS/Source/queue.o
 .text.prvCopyDataFromQueue
                0x000000000800a52c       0x4c ./Middlewares/Third_Party/FreeRTOS/Source/queue.o
 .text.prvUnlockQueue
                0x000000000800a578       0xa4 ./Middlewares/Third_Party/FreeRTOS/Source/queue.o
 .text.prvIsQueueEmpty
                0x000000000800a61c       0x2c ./Middlewares/Third_Party/FreeRTOS/Source/queue.o
 .text.prvIsQueueFull
                0x000000000800a648       0x30 ./Middlewares/Third_Party/FreeRTOS/Source/queue.o
 .text.vQueueAddToRegistry
                0x000000000800a678       0x54 ./Middlewares/Third_Party/FreeRTOS/Source/queue.o
                0x000000000800a678                vQueueAddToRegistry
 .text.vQueueWaitForMessageRestricted
                0x000000000800a6cc       0x68 ./Middlewares/Third_Party/FreeRTOS/Source/queue.o
                0x000000000800a6cc                vQueueWaitForMessageRestricted
 .text.xTaskCreateStatic
                0x000000000800a734       0xba ./Middlewares/Third_Party/FreeRTOS/Source/tasks.o
                0x000000000800a734                xTaskCreateStatic
 .text.xTaskCreate
                0x000000000800a7ee       0x8a ./Middlewares/Third_Party/FreeRTOS/Source/tasks.o
                0x000000000800a7ee                xTaskCreate
 .text.prvInitialiseNewTask
                0x000000000800a878      0x14c ./Middlewares/Third_Party/FreeRTOS/Source/tasks.o
 .text.prvAddNewTaskToReadyList
                0x000000000800a9c4       0xe0 ./Middlewares/Third_Party/FreeRTOS/Source/tasks.o
 .text.vTaskDelay
                0x000000000800aaa4       0x68 ./Middlewares/Third_Party/FreeRTOS/Source/tasks.o
                0x000000000800aaa4                vTaskDelay
 .text.vTaskStartScheduler
                0x000000000800ab0c       0xe0 ./Middlewares/Third_Party/FreeRTOS/Source/tasks.o
                0x000000000800ab0c                vTaskStartScheduler
 .text.vTaskSuspendAll
                0x000000000800abec       0x1c ./Middlewares/Third_Party/FreeRTOS/Source/tasks.o
                0x000000000800abec                vTaskSuspendAll
 .text.xTaskResumeAll
                0x000000000800ac08      0x13c ./Middlewares/Third_Party/FreeRTOS/Source/tasks.o
                0x000000000800ac08                xTaskResumeAll
 .text.xTaskGetTickCount
                0x000000000800ad44       0x20 ./Middlewares/Third_Party/FreeRTOS/Source/tasks.o
                0x000000000800ad44                xTaskGetTickCount
 .text.xTaskIncrementTick
                0x000000000800ad64      0x174 ./Middlewares/Third_Party/FreeRTOS/Source/tasks.o
                0x000000000800ad64                xTaskIncrementTick
 .text.vTaskSwitchContext
                0x000000000800aed8       0xc8 ./Middlewares/Third_Party/FreeRTOS/Source/tasks.o
                0x000000000800aed8                vTaskSwitchContext
 .text.vTaskPlaceOnEventList
                0x000000000800afa0       0x48 ./Middlewares/Third_Party/FreeRTOS/Source/tasks.o
                0x000000000800afa0                vTaskPlaceOnEventList
 .text.vTaskPlaceOnEventListRestricted
                0x000000000800afe8       0x58 ./Middlewares/Third_Party/FreeRTOS/Source/tasks.o
                0x000000000800afe8                vTaskPlaceOnEventListRestricted
 .text.xTaskRemoveFromEventList
                0x000000000800b040       0xc8 ./Middlewares/Third_Party/FreeRTOS/Source/tasks.o
                0x000000000800b040                xTaskRemoveFromEventList
 .text.vTaskInternalSetTimeOutState
                0x000000000800b108       0x2c ./Middlewares/Third_Party/FreeRTOS/Source/tasks.o
                0x000000000800b108                vTaskInternalSetTimeOutState
 .text.xTaskCheckForTimeOut
                0x000000000800b134       0xc4 ./Middlewares/Third_Party/FreeRTOS/Source/tasks.o
                0x000000000800b134                xTaskCheckForTimeOut
 .text.vTaskMissedYield
                0x000000000800b1f8       0x18 ./Middlewares/Third_Party/FreeRTOS/Source/tasks.o
                0x000000000800b1f8                vTaskMissedYield
 .text.prvIdleTask
                0x000000000800b210       0x30 ./Middlewares/Third_Party/FreeRTOS/Source/tasks.o
 .text.prvInitialiseTaskLists
                0x000000000800b240       0x80 ./Middlewares/Third_Party/FreeRTOS/Source/tasks.o
 .text.prvCheckTasksWaitingTermination
                0x000000000800b2c0       0x5c ./Middlewares/Third_Party/FreeRTOS/Source/tasks.o
 .text.prvDeleteTCB
                0x000000000800b31c       0x68 ./Middlewares/Third_Party/FreeRTOS/Source/tasks.o
 .text.prvResetNextTaskUnblockTime
                0x000000000800b384       0x40 ./Middlewares/Third_Party/FreeRTOS/Source/tasks.o
 .text.xTaskGetCurrentTaskHandle
                0x000000000800b3c4       0x20 ./Middlewares/Third_Party/FreeRTOS/Source/tasks.o
                0x000000000800b3c4                xTaskGetCurrentTaskHandle
 .text.xTaskGetSchedulerState
                0x000000000800b3e4       0x3c ./Middlewares/Third_Party/FreeRTOS/Source/tasks.o
                0x000000000800b3e4                xTaskGetSchedulerState
 .text.xTaskPriorityInherit
                0x000000000800b420       0xd0 ./Middlewares/Third_Party/FreeRTOS/Source/tasks.o
                0x000000000800b420                xTaskPriorityInherit
 .text.xTaskPriorityDisinherit
                0x000000000800b4f0       0xdc ./Middlewares/Third_Party/FreeRTOS/Source/tasks.o
                0x000000000800b4f0                xTaskPriorityDisinherit
 .text.vTaskPriorityDisinheritAfterTimeout
                0x000000000800b5cc      0x104 ./Middlewares/Third_Party/FreeRTOS/Source/tasks.o
                0x000000000800b5cc                vTaskPriorityDisinheritAfterTimeout
 .text.pvTaskIncrementMutexHeldCount
                0x000000000800b6d0       0x28 ./Middlewares/Third_Party/FreeRTOS/Source/tasks.o
                0x000000000800b6d0                pvTaskIncrementMutexHeldCount
 .text.prvAddCurrentTaskToDelayedList
                0x000000000800b6f8       0xa8 ./Middlewares/Third_Party/FreeRTOS/Source/tasks.o
 .text.xTimerCreateTimerTask
                0x000000000800b7a0       0x90 ./Middlewares/Third_Party/FreeRTOS/Source/timers.o
                0x000000000800b7a0                xTimerCreateTimerTask
 .text.xTimerGenericCommand
                0x000000000800b830       0x9c ./Middlewares/Third_Party/FreeRTOS/Source/timers.o
                0x000000000800b830                xTimerGenericCommand
 .text.prvProcessExpiredTimer
                0x000000000800b8cc       0x98 ./Middlewares/Third_Party/FreeRTOS/Source/timers.o
 .text.prvTimerTask
                0x000000000800b964       0x24 ./Middlewares/Third_Party/FreeRTOS/Source/timers.o
 .text.prvProcessTimerOrBlockTask
                0x000000000800b988       0x9c ./Middlewares/Third_Party/FreeRTOS/Source/timers.o
 .text.prvGetNextExpireTime
                0x000000000800ba24       0x48 ./Middlewares/Third_Party/FreeRTOS/Source/timers.o
 .text.prvSampleTimeNow
                0x000000000800ba6c       0x40 ./Middlewares/Third_Party/FreeRTOS/Source/timers.o
 .text.prvInsertTimerInActiveList
                0x000000000800baac       0x84 ./Middlewares/Third_Party/FreeRTOS/Source/timers.o
 .text.prvProcessReceivedCommands
                0x000000000800bb30      0x1c4 ./Middlewares/Third_Party/FreeRTOS/Source/timers.o
 .text.prvSwitchTimerLists
                0x000000000800bcf4       0xc8 ./Middlewares/Third_Party/FreeRTOS/Source/timers.o
 .text.prvCheckForValidListAndQueue
                0x000000000800bdbc       0x80 ./Middlewares/Third_Party/FreeRTOS/Source/timers.o
 .text.pxPortInitialiseStack
                0x000000000800be3c       0x68 ./Middlewares/Third_Party/FreeRTOS/Source/portable/GCC/ARM_CM4F/port.o
                0x000000000800be3c                pxPortInitialiseStack
 .text.prvTaskExitError
                0x000000000800bea4       0x58 ./Middlewares/Third_Party/FreeRTOS/Source/portable/GCC/ARM_CM4F/port.o
 *fill*         0x000000000800befc        0x4 
 .text.SVC_Handler
                0x000000000800bf00       0x28 ./Middlewares/Third_Party/FreeRTOS/Source/portable/GCC/ARM_CM4F/port.o
                0x000000000800bf00                SVC_Handler
 .text.prvPortStartFirstTask
                0x000000000800bf28       0x28 ./Middlewares/Third_Party/FreeRTOS/Source/portable/GCC/ARM_CM4F/port.o
 .text.xPortStartScheduler
                0x000000000800bf50      0x144 ./Middlewares/Third_Party/FreeRTOS/Source/portable/GCC/ARM_CM4F/port.o
                0x000000000800bf50                xPortStartScheduler
 .text.vPortEnterCritical
                0x000000000800c094       0x60 ./Middlewares/Third_Party/FreeRTOS/Source/portable/GCC/ARM_CM4F/port.o
                0x000000000800c094                vPortEnterCritical
 .text.vPortExitCritical
                0x000000000800c0f4       0x54 ./Middlewares/Third_Party/FreeRTOS/Source/portable/GCC/ARM_CM4F/port.o
                0x000000000800c0f4                vPortExitCritical
 *fill*         0x000000000800c148        0x8 
 .text.PendSV_Handler
                0x000000000800c150       0x68 ./Middlewares/Third_Party/FreeRTOS/Source/portable/GCC/ARM_CM4F/port.o
                0x000000000800c150                PendSV_Handler
 .text.xPortSysTickHandler
                0x000000000800c1b8       0x44 ./Middlewares/Third_Party/FreeRTOS/Source/portable/GCC/ARM_CM4F/port.o
                0x000000000800c1b8                xPortSysTickHandler
 .text.vPortSetupTimerInterrupt
                0x000000000800c1fc       0x48 ./Middlewares/Third_Party/FreeRTOS/Source/portable/GCC/ARM_CM4F/port.o
                0x000000000800c1fc                vPortSetupTimerInterrupt
 .text.vPortEnableVFP
                0x000000000800c244       0x14 ./Middlewares/Third_Party/FreeRTOS/Source/portable/GCC/ARM_CM4F/port.o
 .text.vPortValidateInterruptPriority
                0x000000000800c258       0x80 ./Middlewares/Third_Party/FreeRTOS/Source/portable/GCC/ARM_CM4F/port.o
                0x000000000800c258                vPortValidateInterruptPriority
 .text.pvPortMalloc
                0x000000000800c2d8      0x198 ./Middlewares/Third_Party/FreeRTOS/Source/portable/MemMang/heap_4.o
                0x000000000800c2d8                pvPortMalloc
 .text.vPortFree
                0x000000000800c470       0xc4 ./Middlewares/Third_Party/FreeRTOS/Source/portable/MemMang/heap_4.o
                0x000000000800c470                vPortFree
 .text.prvHeapInit
                0x000000000800c534       0xc4 ./Middlewares/Third_Party/FreeRTOS/Source/portable/MemMang/heap_4.o
 .text.prvInsertBlockIntoFreeList
                0x000000000800c5f8       0xb4 ./Middlewares/Third_Party/FreeRTOS/Source/portable/MemMang/heap_4.o
 .text.atoi     0x000000000800c6ac        0x8 c:/st/stm32cubeide_1.12.0/stm32cubeide/plugins/com.st.stm32cube.ide.mcu.externaltools.gnu-tools-for-stm32.10.3-2021.10.win32_1.0.200.202301161003/tools/bin/../lib/gcc/arm-none-eabi/10.3.1/../../../../arm-none-eabi/lib/thumb/v7e-m+fp/hard\libc_nano.a(lib_a-atoi.o)
                0x000000000800c6ac                atoi
 .text.__errno  0x000000000800c6b4        0xc c:/st/stm32cubeide_1.12.0/stm32cubeide/plugins/com.st.stm32cube.ide.mcu.externaltools.gnu-tools-for-stm32.10.3-2021.10.win32_1.0.200.202301161003/tools/bin/../lib/gcc/arm-none-eabi/10.3.1/../../../../arm-none-eabi/lib/thumb/v7e-m+fp/hard\libc_nano.a(lib_a-errno.o)
                0x000000000800c6b4                __errno
 .text.std      0x000000000800c6c0       0x48 c:/st/stm32cubeide_1.12.0/stm32cubeide/plugins/com.st.stm32cube.ide.mcu.externaltools.gnu-tools-for-stm32.10.3-2021.10.win32_1.0.200.202301161003/tools/bin/../lib/gcc/arm-none-eabi/10.3.1/../../../../arm-none-eabi/lib/thumb/v7e-m+fp/hard\libc_nano.a(lib_a-findfp.o)
 .text._cleanup_r
                0x000000000800c708        0xc c:/st/stm32cubeide_1.12.0/stm32cubeide/plugins/com.st.stm32cube.ide.mcu.externaltools.gnu-tools-for-stm32.10.3-2021.10.win32_1.0.200.202301161003/tools/bin/../lib/gcc/arm-none-eabi/10.3.1/../../../../arm-none-eabi/lib/thumb/v7e-m+fp/hard\libc_nano.a(lib_a-findfp.o)
                0x000000000800c708                _cleanup_r
 .text.__sfmoreglue
                0x000000000800c714       0x2c c:/st/stm32cubeide_1.12.0/stm32cubeide/plugins/com.st.stm32cube.ide.mcu.externaltools.gnu-tools-for-stm32.10.3-2021.10.win32_1.0.200.202301161003/tools/bin/../lib/gcc/arm-none-eabi/10.3.1/../../../../arm-none-eabi/lib/thumb/v7e-m+fp/hard\libc_nano.a(lib_a-findfp.o)
                0x000000000800c714                __sfmoreglue
 .text.__sfp_lock_acquire
                0x000000000800c740        0xc c:/st/stm32cubeide_1.12.0/stm32cubeide/plugins/com.st.stm32cube.ide.mcu.externaltools.gnu-tools-for-stm32.10.3-2021.10.win32_1.0.200.202301161003/tools/bin/../lib/gcc/arm-none-eabi/10.3.1/../../../../arm-none-eabi/lib/thumb/v7e-m+fp/hard\libc_nano.a(lib_a-findfp.o)
                0x000000000800c740                __sfp_lock_acquire
 .text.__sfp_lock_release
                0x000000000800c74c        0xc c:/st/stm32cubeide_1.12.0/stm32cubeide/plugins/com.st.stm32cube.ide.mcu.externaltools.gnu-tools-for-stm32.10.3-2021.10.win32_1.0.200.202301161003/tools/bin/../lib/gcc/arm-none-eabi/10.3.1/../../../../arm-none-eabi/lib/thumb/v7e-m+fp/hard\libc_nano.a(lib_a-findfp.o)
                0x000000000800c74c                __sfp_lock_release
 .text.__sinit_lock_acquire
                0x000000000800c758        0xc c:/st/stm32cubeide_1.12.0/stm32cubeide/plugins/com.st.stm32cube.ide.mcu.externaltools.gnu-tools-for-stm32.10.3-2021.10.win32_1.0.200.202301161003/tools/bin/../lib/gcc/arm-none-eabi/10.3.1/../../../../arm-none-eabi/lib/thumb/v7e-m+fp/hard\libc_nano.a(lib_a-findfp.o)
                0x000000000800c758                __sinit_lock_acquire
 .text.__sinit_lock_release
                0x000000000800c764        0xc c:/st/stm32cubeide_1.12.0/stm32cubeide/plugins/com.st.stm32cube.ide.mcu.externaltools.gnu-tools-for-stm32.10.3-2021.10.win32_1.0.200.202301161003/tools/bin/../lib/gcc/arm-none-eabi/10.3.1/../../../../arm-none-eabi/lib/thumb/v7e-m+fp/hard\libc_nano.a(lib_a-findfp.o)
                0x000000000800c764                __sinit_lock_release
 .text.__sinit  0x000000000800c770       0x70 c:/st/stm32cubeide_1.12.0/stm32cubeide/plugins/com.st.stm32cube.ide.mcu.externaltools.gnu-tools-for-stm32.10.3-2021.10.win32_1.0.200.202301161003/tools/bin/../lib/gcc/arm-none-eabi/10.3.1/../../../../arm-none-eabi/lib/thumb/v7e-m+fp/hard\libc_nano.a(lib_a-findfp.o)
                0x000000000800c770                __sinit
 .text.__sfp    0x000000000800c7e0       0x8c c:/st/stm32cubeide_1.12.0/stm32cubeide/plugins/com.st.stm32cube.ide.mcu.externaltools.gnu-tools-for-stm32.10.3-2021.10.win32_1.0.200.202301161003/tools/bin/../lib/gcc/arm-none-eabi/10.3.1/../../../../arm-none-eabi/lib/thumb/v7e-m+fp/hard\libc_nano.a(lib_a-findfp.o)
                0x000000000800c7e0                __sfp
 .text._fwalk_reent
                0x000000000800c86c       0x3e c:/st/stm32cubeide_1.12.0/stm32cubeide/plugins/com.st.stm32cube.ide.mcu.externaltools.gnu-tools-for-stm32.10.3-2021.10.win32_1.0.200.202301161003/tools/bin/../lib/gcc/arm-none-eabi/10.3.1/../../../../arm-none-eabi/lib/thumb/v7e-m+fp/hard\libc_nano.a(lib_a-fwalk.o)
                0x000000000800c86c                _fwalk_reent
 *fill*         0x000000000800c8aa        0x2 
 .text.__libc_init_array
                0x000000000800c8ac       0x48 c:/st/stm32cubeide_1.12.0/stm32cubeide/plugins/com.st.stm32cube.ide.mcu.externaltools.gnu-tools-for-stm32.10.3-2021.10.win32_1.0.200.202301161003/tools/bin/../lib/gcc/arm-none-eabi/10.3.1/../../../../arm-none-eabi/lib/thumb/v7e-m+fp/hard\libc_nano.a(lib_a-init.o)
                0x000000000800c8ac                __libc_init_array
 .text.__retarget_lock_init_recursive
                0x000000000800c8f4        0x2 c:/st/stm32cubeide_1.12.0/stm32cubeide/plugins/com.st.stm32cube.ide.mcu.externaltools.gnu-tools-for-stm32.10.3-2021.10.win32_1.0.200.202301161003/tools/bin/../lib/gcc/arm-none-eabi/10.3.1/../../../../arm-none-eabi/lib/thumb/v7e-m+fp/hard\libc_nano.a(lib_a-lock.o)
                0x000000000800c8f4                __retarget_lock_init_recursive
 .text.__retarget_lock_acquire_recursive
                0x000000000800c8f6        0x2 c:/st/stm32cubeide_1.12.0/stm32cubeide/plugins/com.st.stm32cube.ide.mcu.externaltools.gnu-tools-for-stm32.10.3-2021.10.win32_1.0.200.202301161003/tools/bin/../lib/gcc/arm-none-eabi/10.3.1/../../../../arm-none-eabi/lib/thumb/v7e-m+fp/hard\libc_nano.a(lib_a-lock.o)
                0x000000000800c8f6                __retarget_lock_acquire_recursive
 .text.__retarget_lock_release_recursive
                0x000000000800c8f8        0x2 c:/st/stm32cubeide_1.12.0/stm32cubeide/plugins/com.st.stm32cube.ide.mcu.externaltools.gnu-tools-for-stm32.10.3-2021.10.win32_1.0.200.202301161003/tools/bin/../lib/gcc/arm-none-eabi/10.3.1/../../../../arm-none-eabi/lib/thumb/v7e-m+fp/hard\libc_nano.a(lib_a-lock.o)
                0x000000000800c8f8                __retarget_lock_release_recursive
 .text.memcpy   0x000000000800c8fa       0x1c c:/st/stm32cubeide_1.12.0/stm32cubeide/plugins/com.st.stm32cube.ide.mcu.externaltools.gnu-tools-for-stm32.10.3-2021.10.win32_1.0.200.202301161003/tools/bin/../lib/gcc/arm-none-eabi/10.3.1/../../../../arm-none-eabi/lib/thumb/v7e-m+fp/hard\libc_nano.a(lib_a-memcpy-stub.o)
                0x000000000800c8fa                memcpy
 .text.memset   0x000000000800c916       0x10 c:/st/stm32cubeide_1.12.0/stm32cubeide/plugins/com.st.stm32cube.ide.mcu.externaltools.gnu-tools-for-stm32.10.3-2021.10.win32_1.0.200.202301161003/tools/bin/../lib/gcc/arm-none-eabi/10.3.1/../../../../arm-none-eabi/lib/thumb/v7e-m+fp/hard\libc_nano.a(lib_a-memset.o)
                0x000000000800c916                memset
 *fill*         0x000000000800c926        0x2 
 .text.sbrk_aligned
                0x000000000800c928       0x40 c:/st/stm32cubeide_1.12.0/stm32cubeide/plugins/com.st.stm32cube.ide.mcu.externaltools.gnu-tools-for-stm32.10.3-2021.10.win32_1.0.200.202301161003/tools/bin/../lib/gcc/arm-none-eabi/10.3.1/../../../../arm-none-eabi/lib/thumb/v7e-m+fp/hard\libc_nano.a(lib_a-nano-mallocr.o)
 .text._malloc_r
                0x000000000800c968       0xe8 c:/st/stm32cubeide_1.12.0/stm32cubeide/plugins/com.st.stm32cube.ide.mcu.externaltools.gnu-tools-for-stm32.10.3-2021.10.win32_1.0.200.202301161003/tools/bin/../lib/gcc/arm-none-eabi/10.3.1/../../../../arm-none-eabi/lib/thumb/v7e-m+fp/hard\libc_nano.a(lib_a-nano-mallocr.o)
                0x000000000800c968                _malloc_r
 .text.printf   0x000000000800ca50       0x30 c:/st/stm32cubeide_1.12.0/stm32cubeide/plugins/com.st.stm32cube.ide.mcu.externaltools.gnu-tools-for-stm32.10.3-2021.10.win32_1.0.200.202301161003/tools/bin/../lib/gcc/arm-none-eabi/10.3.1/../../../../arm-none-eabi/lib/thumb/v7e-m+fp/hard\libc_nano.a(lib_a-printf.o)
                0x000000000800ca50                iprintf
                0x000000000800ca50                printf
 .text._puts_r  0x000000000800ca80       0xdc c:/st/stm32cubeide_1.12.0/stm32cubeide/plugins/com.st.stm32cube.ide.mcu.externaltools.gnu-tools-for-stm32.10.3-2021.10.win32_1.0.200.202301161003/tools/bin/../lib/gcc/arm-none-eabi/10.3.1/../../../../arm-none-eabi/lib/thumb/v7e-m+fp/hard\libc_nano.a(lib_a-puts.o)
                0x000000000800ca80                _puts_r
 .text.puts     0x000000000800cb5c       0x10 c:/st/stm32cubeide_1.12.0/stm32cubeide/plugins/com.st.stm32cube.ide.mcu.externaltools.gnu-tools-for-stm32.10.3-2021.10.win32_1.0.200.202301161003/tools/bin/../lib/gcc/arm-none-eabi/10.3.1/../../../../arm-none-eabi/lib/thumb/v7e-m+fp/hard\libc_nano.a(lib_a-puts.o)
                0x000000000800cb5c                puts
 .text.cleanup_glue
                0x000000000800cb6c       0x1a c:/st/stm32cubeide_1.12.0/stm32cubeide/plugins/com.st.stm32cube.ide.mcu.externaltools.gnu-tools-for-stm32.10.3-2021.10.win32_1.0.200.202301161003/tools/bin/../lib/gcc/arm-none-eabi/10.3.1/../../../../arm-none-eabi/lib/thumb/v7e-m+fp/hard\libc_nano.a(lib_a-reent.o)
                0x000000000800cb6c                cleanup_glue
 *fill*         0x000000000800cb86        0x2 
 .text._reclaim_reent
                0x000000000800cb88       0xb8 c:/st/stm32cubeide_1.12.0/stm32cubeide/plugins/com.st.stm32cube.ide.mcu.externaltools.gnu-tools-for-stm32.10.3-2021.10.win32_1.0.200.202301161003/tools/bin/../lib/gcc/arm-none-eabi/10.3.1/../../../../arm-none-eabi/lib/thumb/v7e-m+fp/hard\libc_nano.a(lib_a-reent.o)
                0x000000000800cb88                _reclaim_reent
 .text._sbrk_r  0x000000000800cc40       0x20 c:/st/stm32cubeide_1.12.0/stm32cubeide/plugins/com.st.stm32cube.ide.mcu.externaltools.gnu-tools-for-stm32.10.3-2021.10.win32_1.0.200.202301161003/tools/bin/../lib/gcc/arm-none-eabi/10.3.1/../../../../arm-none-eabi/lib/thumb/v7e-m+fp/hard\libc_nano.a(lib_a-sbrkr.o)
                0x000000000800cc40                _sbrk_r
 .text.sprintf  0x000000000800cc60       0x40 c:/st/stm32cubeide_1.12.0/stm32cubeide/plugins/com.st.stm32cube.ide.mcu.externaltools.gnu-tools-for-stm32.10.3-2021.10.win32_1.0.200.202301161003/tools/bin/../lib/gcc/arm-none-eabi/10.3.1/../../../../arm-none-eabi/lib/thumb/v7e-m+fp/hard\libc_nano.a(lib_a-sprintf.o)
                0x000000000800cc60                siprintf
                0x000000000800cc60                sprintf
 .text.__sread  0x000000000800cca0       0x22 c:/st/stm32cubeide_1.12.0/stm32cubeide/plugins/com.st.stm32cube.ide.mcu.externaltools.gnu-tools-for-stm32.10.3-2021.10.win32_1.0.200.202301161003/tools/bin/../lib/gcc/arm-none-eabi/10.3.1/../../../../arm-none-eabi/lib/thumb/v7e-m+fp/hard\libc_nano.a(lib_a-stdio.o)
                0x000000000800cca0                __sread
 .text.__swrite
                0x000000000800ccc2       0x38 c:/st/stm32cubeide_1.12.0/stm32cubeide/plugins/com.st.stm32cube.ide.mcu.externaltools.gnu-tools-for-stm32.10.3-2021.10.win32_1.0.200.202301161003/tools/bin/../lib/gcc/arm-none-eabi/10.3.1/../../../../arm-none-eabi/lib/thumb/v7e-m+fp/hard\libc_nano.a(lib_a-stdio.o)
                0x000000000800ccc2                __swrite
 .text.__sseek  0x000000000800ccfa       0x24 c:/st/stm32cubeide_1.12.0/stm32cubeide/plugins/com.st.stm32cube.ide.mcu.externaltools.gnu-tools-for-stm32.10.3-2021.10.win32_1.0.200.202301161003/tools/bin/../lib/gcc/arm-none-eabi/10.3.1/../../../../arm-none-eabi/lib/thumb/v7e-m+fp/hard\libc_nano.a(lib_a-stdio.o)
                0x000000000800ccfa                __sseek
 .text.__sclose
                0x000000000800cd1e        0x8 c:/st/stm32cubeide_1.12.0/stm32cubeide/plugins/com.st.stm32cube.ide.mcu.externaltools.gnu-tools-for-stm32.10.3-2021.10.win32_1.0.200.202301161003/tools/bin/../lib/gcc/arm-none-eabi/10.3.1/../../../../arm-none-eabi/lib/thumb/v7e-m+fp/hard\libc_nano.a(lib_a-stdio.o)
                0x000000000800cd1e                __sclose
 .text.strncmp  0x000000000800cd26       0x28 c:/st/stm32cubeide_1.12.0/stm32cubeide/plugins/com.st.stm32cube.ide.mcu.externaltools.gnu-tools-for-stm32.10.3-2021.10.win32_1.0.200.202301161003/tools/bin/../lib/gcc/arm-none-eabi/10.3.1/../../../../arm-none-eabi/lib/thumb/v7e-m+fp/hard\libc_nano.a(lib_a-strncmp.o)
                0x000000000800cd26                strncmp
 .text.strncpy  0x000000000800cd4e       0x26 c:/st/stm32cubeide_1.12.0/stm32cubeide/plugins/com.st.stm32cube.ide.mcu.externaltools.gnu-tools-for-stm32.10.3-2021.10.win32_1.0.200.202301161003/tools/bin/../lib/gcc/arm-none-eabi/10.3.1/../../../../arm-none-eabi/lib/thumb/v7e-m+fp/hard\libc_nano.a(lib_a-strncpy.o)
                0x000000000800cd4e                strncpy
 .text._strtol_l.constprop.0
                0x000000000800cd74      0x104 c:/st/stm32cubeide_1.12.0/stm32cubeide/plugins/com.st.stm32cube.ide.mcu.externaltools.gnu-tools-for-stm32.10.3-2021.10.win32_1.0.200.202301161003/tools/bin/../lib/gcc/arm-none-eabi/10.3.1/../../../../arm-none-eabi/lib/thumb/v7e-m+fp/hard\libc_nano.a(lib_a-strtol.o)
 .text.strtol   0x000000000800ce78       0x14 c:/st/stm32cubeide_1.12.0/stm32cubeide/plugins/com.st.stm32cube.ide.mcu.externaltools.gnu-tools-for-stm32.10.3-2021.10.win32_1.0.200.202301161003/tools/bin/../lib/gcc/arm-none-eabi/10.3.1/../../../../arm-none-eabi/lib/thumb/v7e-m+fp/hard\libc_nano.a(lib_a-strtol.o)
                0x000000000800ce78                strtol
 .text.__swbuf_r
                0x000000000800ce8c       0xa4 c:/st/stm32cubeide_1.12.0/stm32cubeide/plugins/com.st.stm32cube.ide.mcu.externaltools.gnu-tools-for-stm32.10.3-2021.10.win32_1.0.200.202301161003/tools/bin/../lib/gcc/arm-none-eabi/10.3.1/../../../../arm-none-eabi/lib/thumb/v7e-m+fp/hard\libc_nano.a(lib_a-wbuf.o)
                0x000000000800ce8c                __swbuf_r
 .text._write_r
                0x000000000800cf30       0x24 c:/st/stm32cubeide_1.12.0/stm32cubeide/plugins/com.st.stm32cube.ide.mcu.externaltools.gnu-tools-for-stm32.10.3-2021.10.win32_1.0.200.202301161003/tools/bin/../lib/gcc/arm-none-eabi/10.3.1/../../../../arm-none-eabi/lib/thumb/v7e-m+fp/hard\libc_nano.a(lib_a-writer.o)
                0x000000000800cf30                _write_r
 .text.__swsetup_r
                0x000000000800cf54       0xdc c:/st/stm32cubeide_1.12.0/stm32cubeide/plugins/com.st.stm32cube.ide.mcu.externaltools.gnu-tools-for-stm32.10.3-2021.10.win32_1.0.200.202301161003/tools/bin/../lib/gcc/arm-none-eabi/10.3.1/../../../../arm-none-eabi/lib/thumb/v7e-m+fp/hard\libc_nano.a(lib_a-wsetup.o)
                0x000000000800cf54                __swsetup_r
 .text._close_r
                0x000000000800d030       0x20 c:/st/stm32cubeide_1.12.0/stm32cubeide/plugins/com.st.stm32cube.ide.mcu.externaltools.gnu-tools-for-stm32.10.3-2021.10.win32_1.0.200.202301161003/tools/bin/../lib/gcc/arm-none-eabi/10.3.1/../../../../arm-none-eabi/lib/thumb/v7e-m+fp/hard\libc_nano.a(lib_a-closer.o)
                0x000000000800d030                _close_r
 .text.__sflush_r
                0x000000000800d050      0x10c c:/st/stm32cubeide_1.12.0/stm32cubeide/plugins/com.st.stm32cube.ide.mcu.externaltools.gnu-tools-for-stm32.10.3-2021.10.win32_1.0.200.202301161003/tools/bin/../lib/gcc/arm-none-eabi/10.3.1/../../../../arm-none-eabi/lib/thumb/v7e-m+fp/hard\libc_nano.a(lib_a-fflush.o)
                0x000000000800d050                __sflush_r
 .text._fflush_r
                0x000000000800d15c       0x78 c:/st/stm32cubeide_1.12.0/stm32cubeide/plugins/com.st.stm32cube.ide.mcu.externaltools.gnu-tools-for-stm32.10.3-2021.10.win32_1.0.200.202301161003/tools/bin/../lib/gcc/arm-none-eabi/10.3.1/../../../../arm-none-eabi/lib/thumb/v7e-m+fp/hard\libc_nano.a(lib_a-fflush.o)
                0x000000000800d15c                _fflush_r
 .text._lseek_r
                0x000000000800d1d4       0x24 c:/st/stm32cubeide_1.12.0/stm32cubeide/plugins/com.st.stm32cube.ide.mcu.externaltools.gnu-tools-for-stm32.10.3-2021.10.win32_1.0.200.202301161003/tools/bin/../lib/gcc/arm-none-eabi/10.3.1/../../../../arm-none-eabi/lib/thumb/v7e-m+fp/hard\libc_nano.a(lib_a-lseekr.o)
                0x000000000800d1d4                _lseek_r
 .text.__swhatbuf_r
                0x000000000800d1f8       0x4a c:/st/stm32cubeide_1.12.0/stm32cubeide/plugins/com.st.stm32cube.ide.mcu.externaltools.gnu-tools-for-stm32.10.3-2021.10.win32_1.0.200.202301161003/tools/bin/../lib/gcc/arm-none-eabi/10.3.1/../../../../arm-none-eabi/lib/thumb/v7e-m+fp/hard\libc_nano.a(lib_a-makebuf.o)
                0x000000000800d1f8                __swhatbuf_r
 *fill*         0x000000000800d242        0x2 
 .text.__smakebuf_r
                0x000000000800d244       0x80 c:/st/stm32cubeide_1.12.0/stm32cubeide/plugins/com.st.stm32cube.ide.mcu.externaltools.gnu-tools-for-stm32.10.3-2021.10.win32_1.0.200.202301161003/tools/bin/../lib/gcc/arm-none-eabi/10.3.1/../../../../arm-none-eabi/lib/thumb/v7e-m+fp/hard\libc_nano.a(lib_a-makebuf.o)
                0x000000000800d244                __smakebuf_r
 .text.__malloc_lock
                0x000000000800d2c4        0xc c:/st/stm32cubeide_1.12.0/stm32cubeide/plugins/com.st.stm32cube.ide.mcu.externaltools.gnu-tools-for-stm32.10.3-2021.10.win32_1.0.200.202301161003/tools/bin/../lib/gcc/arm-none-eabi/10.3.1/../../../../arm-none-eabi/lib/thumb/v7e-m+fp/hard\libc_nano.a(lib_a-mlock.o)
                0x000000000800d2c4                __malloc_lock
 .text.__malloc_unlock
                0x000000000800d2d0        0xc c:/st/stm32cubeide_1.12.0/stm32cubeide/plugins/com.st.stm32cube.ide.mcu.externaltools.gnu-tools-for-stm32.10.3-2021.10.win32_1.0.200.202301161003/tools/bin/../lib/gcc/arm-none-eabi/10.3.1/../../../../arm-none-eabi/lib/thumb/v7e-m+fp/hard\libc_nano.a(lib_a-mlock.o)
                0x000000000800d2d0                __malloc_unlock
 .text._free_r  0x000000000800d2dc       0x98 c:/st/stm32cubeide_1.12.0/stm32cubeide/plugins/com.st.stm32cube.ide.mcu.externaltools.gnu-tools-for-stm32.10.3-2021.10.win32_1.0.200.202301161003/tools/bin/../lib/gcc/arm-none-eabi/10.3.1/../../../../arm-none-eabi/lib/thumb/v7e-m+fp/hard\libc_nano.a(lib_a-nano-freer.o)
                0x000000000800d2dc                _free_r
 .text.__ssputs_r
                0x000000000800d374       0xb6 c:/st/stm32cubeide_1.12.0/stm32cubeide/plugins/com.st.stm32cube.ide.mcu.externaltools.gnu-tools-for-stm32.10.3-2021.10.win32_1.0.200.202301161003/tools/bin/../lib/gcc/arm-none-eabi/10.3.1/../../../../arm-none-eabi/lib/thumb/v7e-m+fp/hard\libc_nano.a(lib_a-nano-svfprintf.o)
                0x000000000800d374                __ssputs_r
 *fill*         0x000000000800d42a        0x2 
 .text._svfprintf_r
                0x000000000800d42c      0x200 c:/st/stm32cubeide_1.12.0/stm32cubeide/plugins/com.st.stm32cube.ide.mcu.externaltools.gnu-tools-for-stm32.10.3-2021.10.win32_1.0.200.202301161003/tools/bin/../lib/gcc/arm-none-eabi/10.3.1/../../../../arm-none-eabi/lib/thumb/v7e-m+fp/hard\libc_nano.a(lib_a-nano-svfprintf.o)
                0x000000000800d42c                _svfiprintf_r
                0x000000000800d42c                _svfprintf_r
 .text.__sfputc_r
                0x000000000800d62c       0x2e c:/st/stm32cubeide_1.12.0/stm32cubeide/plugins/com.st.stm32cube.ide.mcu.externaltools.gnu-tools-for-stm32.10.3-2021.10.win32_1.0.200.202301161003/tools/bin/../lib/gcc/arm-none-eabi/10.3.1/../../../../arm-none-eabi/lib/thumb/v7e-m+fp/hard\libc_nano.a(lib_a-nano-vfprintf.o)
 .text.__sfputs_r
                0x000000000800d65a       0x24 c:/st/stm32cubeide_1.12.0/stm32cubeide/plugins/com.st.stm32cube.ide.mcu.externaltools.gnu-tools-for-stm32.10.3-2021.10.win32_1.0.200.202301161003/tools/bin/../lib/gcc/arm-none-eabi/10.3.1/../../../../arm-none-eabi/lib/thumb/v7e-m+fp/hard\libc_nano.a(lib_a-nano-vfprintf.o)
                0x000000000800d65a                __sfputs_r
 *fill*         0x000000000800d67e        0x2 
 .text._vfprintf_r
                0x000000000800d680      0x260 c:/st/stm32cubeide_1.12.0/stm32cubeide/plugins/com.st.stm32cube.ide.mcu.externaltools.gnu-tools-for-stm32.10.3-2021.10.win32_1.0.200.202301161003/tools/bin/../lib/gcc/arm-none-eabi/10.3.1/../../../../arm-none-eabi/lib/thumb/v7e-m+fp/hard\libc_nano.a(lib_a-nano-vfprintf.o)
                0x000000000800d680                _vfprintf_r
                0x000000000800d680                _vfiprintf_r
 .text._printf_common
                0x000000000800d8e0       0xda c:/st/stm32cubeide_1.12.0/stm32cubeide/plugins/com.st.stm32cube.ide.mcu.externaltools.gnu-tools-for-stm32.10.3-2021.10.win32_1.0.200.202301161003/tools/bin/../lib/gcc/arm-none-eabi/10.3.1/../../../../arm-none-eabi/lib/thumb/v7e-m+fp/hard\libc_nano.a(lib_a-nano-vfprintf_i.o)
                0x000000000800d8e0                _printf_common
 *fill*         0x000000000800d9ba        0x2 
 .text._printf_i
                0x000000000800d9bc      0x24c c:/st/stm32cubeide_1.12.0/stm32cubeide/plugins/com.st.stm32cube.ide.mcu.externaltools.gnu-tools-for-stm32.10.3-2021.10.win32_1.0.200.202301161003/tools/bin/../lib/gcc/arm-none-eabi/10.3.1/../../../../arm-none-eabi/lib/thumb/v7e-m+fp/hard\libc_nano.a(lib_a-nano-vfprintf_i.o)
                0x000000000800d9bc                _printf_i
 .text._read_r  0x000000000800dc08       0x24 c:/st/stm32cubeide_1.12.0/stm32cubeide/plugins/com.st.stm32cube.ide.mcu.externaltools.gnu-tools-for-stm32.10.3-2021.10.win32_1.0.200.202301161003/tools/bin/../lib/gcc/arm-none-eabi/10.3.1/../../../../arm-none-eabi/lib/thumb/v7e-m+fp/hard\libc_nano.a(lib_a-readr.o)
                0x000000000800dc08                _read_r
 .text._fstat_r
                0x000000000800dc2c       0x24 c:/st/stm32cubeide_1.12.0/stm32cubeide/plugins/com.st.stm32cube.ide.mcu.externaltools.gnu-tools-for-stm32.10.3-2021.10.win32_1.0.200.202301161003/tools/bin/../lib/gcc/arm-none-eabi/10.3.1/../../../../arm-none-eabi/lib/thumb/v7e-m+fp/hard\libc_nano.a(lib_a-fstatr.o)
                0x000000000800dc2c                _fstat_r
 .text._isatty_r
                0x000000000800dc50       0x20 c:/st/stm32cubeide_1.12.0/stm32cubeide/plugins/com.st.stm32cube.ide.mcu.externaltools.gnu-tools-for-stm32.10.3-2021.10.win32_1.0.200.202301161003/tools/bin/../lib/gcc/arm-none-eabi/10.3.1/../../../../arm-none-eabi/lib/thumb/v7e-m+fp/hard\libc_nano.a(lib_a-isattyr.o)
                0x000000000800dc50                _isatty_r
 .text.memmove  0x000000000800dc70       0x34 c:/st/stm32cubeide_1.12.0/stm32cubeide/plugins/com.st.stm32cube.ide.mcu.externaltools.gnu-tools-for-stm32.10.3-2021.10.win32_1.0.200.202301161003/tools/bin/../lib/gcc/arm-none-eabi/10.3.1/../../../../arm-none-eabi/lib/thumb/v7e-m+fp/hard\libc_nano.a(lib_a-memmove.o)
                0x000000000800dc70                memmove
 .text._realloc_r
                0x000000000800dca4       0x5e c:/st/stm32cubeide_1.12.0/stm32cubeide/plugins/com.st.stm32cube.ide.mcu.externaltools.gnu-tools-for-stm32.10.3-2021.10.win32_1.0.200.202301161003/tools/bin/../lib/gcc/arm-none-eabi/10.3.1/../../../../arm-none-eabi/lib/thumb/v7e-m+fp/hard\libc_nano.a(lib_a-nano-reallocr.o)
                0x000000000800dca4                _realloc_r
 .text._malloc_usable_size_r
                0x000000000800dd02       0x10 c:/st/stm32cubeide_1.12.0/stm32cubeide/plugins/com.st.stm32cube.ide.mcu.externaltools.gnu-tools-for-stm32.10.3-2021.10.win32_1.0.200.202301161003/tools/bin/../lib/gcc/arm-none-eabi/10.3.1/../../../../arm-none-eabi/lib/thumb/v7e-m+fp/hard\libc_nano.a(lib_a-nano-msizer.o)
                0x000000000800dd02                _malloc_usable_size_r
 *(.glue_7)
 .glue_7        0x000000000800dd12        0x0 linker stubs
 *(.glue_7t)
 .glue_7t       0x000000000800dd12        0x0 linker stubs
 *(.eh_frame)
 *fill*         0x000000000800dd12        0x2 
 .eh_frame      0x000000000800dd14        0x0 c:/st/stm32cubeide_1.12.0/stm32cubeide/plugins/com.st.stm32cube.ide.mcu.externaltools.gnu-tools-for-stm32.10.3-2021.10.win32_1.0.200.202301161003/tools/bin/../lib/gcc/arm-none-eabi/10.3.1/thumb/v7e-m+fp/hard/crtbegin.o
 *(.init)
 .init          0x000000000800dd14        0x4 c:/st/stm32cubeide_1.12.0/stm32cubeide/plugins/com.st.stm32cube.ide.mcu.externaltools.gnu-tools-for-stm32.10.3-2021.10.win32_1.0.200.202301161003/tools/bin/../lib/gcc/arm-none-eabi/10.3.1/thumb/v7e-m+fp/hard/crti.o
                0x000000000800dd14                _init
 .init          0x000000000800dd18        0x8 c:/st/stm32cubeide_1.12.0/stm32cubeide/plugins/com.st.stm32cube.ide.mcu.externaltools.gnu-tools-for-stm32.10.3-2021.10.win32_1.0.200.202301161003/tools/bin/../lib/gcc/arm-none-eabi/10.3.1/thumb/v7e-m+fp/hard/crtn.o
 *(.fini)
 .fini          0x000000000800dd20        0x4 c:/st/stm32cubeide_1.12.0/stm32cubeide/plugins/com.st.stm32cube.ide.mcu.externaltools.gnu-tools-for-stm32.10.3-2021.10.win32_1.0.200.202301161003/tools/bin/../lib/gcc/arm-none-eabi/10.3.1/thumb/v7e-m+fp/hard/crti.o
                0x000000000800dd20                _fini
 .fini          0x000000000800dd24        0x8 c:/st/stm32cubeide_1.12.0/stm32cubeide/plugins/com.st.stm32cube.ide.mcu.externaltools.gnu-tools-for-stm32.10.3-2021.10.win32_1.0.200.202301161003/tools/bin/../lib/gcc/arm-none-eabi/10.3.1/thumb/v7e-m+fp/hard/crtn.o
                0x000000000800dd2c                . = ALIGN (0x4)
                0x000000000800dd2c                _etext = .

.vfp11_veneer   0x000000000800dd2c        0x0
 .vfp11_veneer  0x000000000800dd2c        0x0 linker stubs

.v4_bx          0x000000000800dd2c        0x0
 .v4_bx         0x000000000800dd2c        0x0 linker stubs

.iplt           0x000000000800dd2c        0x0
 .iplt          0x000000000800dd2c        0x0 c:/st/stm32cubeide_1.12.0/stm32cubeide/plugins/com.st.stm32cube.ide.mcu.externaltools.gnu-tools-for-stm32.10.3-2021.10.win32_1.0.200.202301161003/tools/bin/../lib/gcc/arm-none-eabi/10.3.1/thumb/v7e-m+fp/hard/crtbegin.o

.rodata         0x000000000800dd2c      0x360
                0x000000000800dd2c                . = ALIGN (0x4)
 *(.rodata)
 .rodata        0x000000000800dd2c        0x8 ./Core/Src/dotmatrix.o
 .rodata        0x000000000800dd34       0x40 ./Core/Src/main.o
 .rodata        0x000000000800dd74       0xaf ./Core/Src/uart.o
 *fill*         0x000000000800de23        0x1 
 .rodata        0x000000000800de24        0x5 ./Middlewares/Third_Party/FreeRTOS/Source/tasks.o
 *fill*         0x000000000800de29        0x3 
 .rodata        0x000000000800de2c        0xd ./Middlewares/Third_Party/FreeRTOS/Source/timers.o
 *(.rodata*)
 *fill*         0x000000000800de39        0x3 
 .rodata.defaultTask_attributes
                0x000000000800de3c       0x24 ./Core/Src/main.o
                0x000000000800de3c                defaultTask_attributes
 .rodata.Task1_attributes
                0x000000000800de60       0x24 ./Core/Src/main.o
                0x000000000800de60                Task1_attributes
 .rodata.Task2_attributes
                0x000000000800de84       0x24 ./Core/Src/main.o
                0x000000000800de84                Task2_attributes
 .rodata.Task3_attributes
                0x000000000800dea8       0x24 ./Core/Src/main.o
                0x000000000800dea8                Task3_attributes
 .rodata.myMutex01_attributes
                0x000000000800decc       0x10 ./Core/Src/main.o
                0x000000000800decc                myMutex01_attributes
 .rodata.AHBPrescTable
                0x000000000800dedc       0x10 ./Core/Src/system_stm32f4xx.o
                0x000000000800dedc                AHBPrescTable
 .rodata.APBPrescTable
                0x000000000800deec        0x8 ./Core/Src/system_stm32f4xx.o
                0x000000000800deec                APBPrescTable
 .rodata.__sf_fake_stderr
                0x000000000800def4       0x20 c:/st/stm32cubeide_1.12.0/stm32cubeide/plugins/com.st.stm32cube.ide.mcu.externaltools.gnu-tools-for-stm32.10.3-2021.10.win32_1.0.200.202301161003/tools/bin/../lib/gcc/arm-none-eabi/10.3.1/../../../../arm-none-eabi/lib/thumb/v7e-m+fp/hard\libc_nano.a(lib_a-findfp.o)
                0x000000000800def4                __sf_fake_stderr
 .rodata.__sf_fake_stdin