../Core/Src/main.c:1088:6:StartDefaultTask	8	static
../Core/Src/main.c:1112:6:Task1_func	8	static
../Core/Src/main.c:1131:6:Task2_func	8	static
../Core/Src/main.c:1150:6:Task3_func	8	static
../Core/Src/main.c:155:6:HAL_SYSTICK_Handler	0	static
../Core/Src/main.c:172:1:__io_putchar	16	static
../Core/Src/main.c:182:6:delay_us	0	static
../Core/Src/main.c:214:6:HAL_ADC_ConvCpltCallback	8	static
../Core/Src/main.c:223:6:nucleo_stm32f429zi_led_off	8	static
../Core/Src/main.c:191:6:HAL_GPIO_EXTI_Callback	8	static
../Core/Src/main.c:229:6:nucleo_stm32f429zi_led_on	8	static
../Core/Src/main.c:386:6:SystemClock_Config	88	static,ignoring_inline_asm
../Core/Src/main.c:241:5:main	96	static,ignoring_inline_asm
../Core/Src/main.c:1171:6:HAL_TIM_PeriodElapsedCallback	8	static
../Core/Src/main.c:1192:6:Error_Handler	0	static,ignoring_inline_asm
