15:27:55 **** Incremental Build of configuration Debug for project 11.DOTMATRIX_STEPMOTOR ****
make -j16 all 
arm-none-eabi-gcc "../Core/Src/main.c" -mcpu=cortex-m4 -std=gnu11 -g3 -DDEBUG -DUSE_HAL_DRIVER -DSTM32F429xx -c -I../Core/Inc -I../Drivers/STM32F4xx_HAL_Driver/Inc -I../Drivers/STM32F4xx_HAL_Driver/Inc/Legacy -I../Drivers/CMSIS/Device/ST/STM32F4xx/Include -I../Drivers/CMSIS/Include -O0 -ffunction-sections -fdata-sections -Wall -fstack-usage -fcyclomatic-complexity -MMD -MP -MF"Core/Src/main.d" -MT"Core/Src/main.o" --specs=nano.specs -mfpu=fpv4-sp-d16 -mfloat-abi=hard -mthumb -o "Core/Src/main.o"
../Core/Src/main.c: In function 'main':
../Core/Src/main.c:274:2: warning: implicit declaration of function 'printf' [-Wimplicit-function-declaration]
  274 |  printf("cds sensor: %d\n", adcValue[0]);
      |  ^~~~~~
../Core/Src/main.c:274:2: warning: incompatible implicit declaration of built-in function 'printf'
../Core/Src/main.c:22:1: note: include '<stdio.h>' or provide a declaration of 'printf'
   21 | #include "string.h"
  +++ |+#include <stdio.h>
   22 | 
arm-none-eabi-gcc -o "11.DOTMATRIX_STEPMOTOR.elf" @"objects.list"   -mcpu=cortex-m4 -T"C:\ParkJinWuk\source\STM32F429ZI\11.DOTMATRIX_STEPMOTOR\STM32F429ZITX_FLASH.ld" --specs=nosys.specs -Wl,-Map="11.DOTMATRIX_STEPMOTOR.map" -Wl,--gc-sections -static --specs=nano.specs -mfpu=fpv4-sp-d16 -mfloat-abi=hard -mthumb -Wl,--start-group -lc -lm -Wl,--end-group
Finished building target: 11.DOTMATRIX_STEPMOTOR.elf
 
arm-none-eabi-size   11.DOTMATRIX_STEPMOTOR.elf 
arm-none-eabi-objdump -h -S  11.DOTMATRIX_STEPMOTOR.elf  > "11.DOTMATRIX_STEPMOTOR.list"
   text	   data	    bss	    dec	    hex	filename
  36656	    124	   4332	  41112	   a098	11.DOTMATRIX_STEPMOTOR.elf
Finished building: default.size.stdout
 
Finished building: 11.DOTMATRIX_STEPMOTOR.list
 

15:27:56 Build Finished. 0 errors, 2 warnings. (took 713ms)

